::ffff:221.192.180.191 - - [29/May/2019:07:11:04 +0000] "GET /weather HTTP/1.1" 200 53 "http://wangshuaishuai.com/" "Mozilla/5.0 (Linux; Android 9; EML-AL00 Build/HUAWEIEML-AL00; wv) AppleWebKit/537.36 (KHTML, like Gecko) Version/4.0 Chrome/66.0.3359.126 MQQBrowser/6.2 TBS/044704 Mobile Safari/537.36 V1_AND_SQ_8.0.0_1024_YYB_D QQ/8.0.0.4000 NetType/4G WebP/0.3.0 Pixel/1080 StatusBarHeight/85"
::ffff:120.211.63.52 - - [29/May/2019:07:11:04 +0000] "GET / HTTP/1.1" 200 2523 "-" "Mozilla/5.0 (Windows NT 10.0; WOW64) AppleWebKit/537.36 (KHTML, like Gecko) Chrome/63.0.3239.132 Safari/537.36"
::ffff:120.211.63.52 - - [29/May/2019:07:11:04 +0000] "GET /handlebars HTTP/1.1" 200 12 "http://wangshuaishuai.com/?tdsourcetag=s_pctim_aiomsg" "Mozilla/5.0 (Windows NT 6.3; WOW64) AppleWebKit/537.36 (KHTML, like Gecko) Chrome/55.0.2883.87 Safari/537.36"
::ffff:120.211.63.52 - - [29/May/2019:07:11:04 +0000] "GET /weather HTTP/1.1" 200 53 "http://wangshuaishuai.com/?tdsourcetag=s_pctim_aiomsg" "Mozilla/5.0 (Windows NT 6.3; WOW64) AppleWebKit/537.36 (KHTML, like Gecko) Chrome/55.0.2883.87 Safari/537.36"
::ffff:223.104.13.61 - - [29/May/2019:07:11:07 +0000] "GET /about HTTP/1.1" 200 2538 "http://wangshuaishuai.com/" "Mozilla/5.0 (Linux; Android 9; MI 8 SE Build/PKQ1.181121.001; wv) AppleWebKit/537.36 (KHTML, like Gecko) Version/4.0 Chrome/66.0.3359.126 MQQBrowser/6.2 TBS/044704 Mobile Safari/537.36 V1_AND_SQ_8.0.0_1024_YYB_D QQ/8.0.0.4000 NetType/4G WebP/0.3.0 Pixel/1080 StatusBarHeight/85"
::ffff:120.211.63.49 - - [29/May/2019:07:11:07 +0000] "GET /echarts HTTP/1.1" 200 18894 "http://wangshuaishuai.com/" "Mozilla/5.0 (Windows NT 10.0; WOW64) AppleWebKit/537.36 (KHTML, like Gecko) Chrome/72.0.3626.119 Safari/537.36"
::ffff:223.104.13.61 - - [29/May/2019:07:11:08 +0000] "GET /handlebars HTTP/1.1" 200 12 "http://wangshuaishuai.com/about" "Mozilla/5.0 (Linux; Android 9; MI 8 SE Build/PKQ1.181121.001; wv) AppleWebKit/537.36 (KHTML, like Gecko) Version/4.0 Chrome/66.0.3359.126 MQQBrowser/6.2 TBS/044704 Mobile Safari/537.36 V1_AND_SQ_8.0.0_1024_YYB_D QQ/8.0.0.4000 NetType/4G WebP/0.3.0 Pixel/1080 StatusBarHeight/85"
::ffff:223.104.13.61 - - [29/May/2019:07:11:08 +0000] "GET /weather HTTP/1.1" 304 - "http://wangshuaishuai.com/about" "Mozilla/5.0 (Linux; Android 9; MI 8 SE Build/PKQ1.181121.001; wv) AppleWebKit/537.36 (KHTML, like Gecko) Version/4.0 Chrome/66.0.3359.126 MQQBrowser/6.2 TBS/044704 Mobile Safari/537.36 V1_AND_SQ_8.0.0_1024_YYB_D QQ/8.0.0.4000 NetType/4G WebP/0.3.0 Pixel/1080 StatusBarHeight/85"
::ffff:120.211.63.52 - - [29/May/2019:07:11:09 +0000] "GET / HTTP/1.1" 200 2523 "-" "Mozilla/5.0 (Windows NT 10.0; Win64; x64) AppleWebKit/537.36 (KHTML, like Gecko) Chrome/72.0.3626.121 Safari/537.36"
::ffff:120.211.63.50 - - [29/May/2019:07:11:10 +0000] "GET /echarts HTTP/1.1" 200 1280173 "http://wangshuaishuai.com/" "Mozilla/5.0 (Windows NT 10.0; Win64; x64) AppleWebKit/537.36 (KHTML, like Gecko) Chrome/64.0.3282.140 Safari/537.36 Edge/17.17134"
::ffff:120.211.63.50 - - [29/May/2019:07:11:10 +0000] "GET /echarts HTTP/1.1" 200 23882 "http://wangshuaishuai.com/" "Mozilla/5.0 (Windows NT 10.0; Win64; x64) AppleWebKit/537.36 (KHTML, like Gecko) Chrome/64.0.3282.140 Safari/537.36 Edge/17.17134"
::ffff:221.192.180.191 - - [29/May/2019:07:11:10 +0000] "GET /start HTTP/1.1" 200 3415 "http://wangshuaishuai.com/" "Mozilla/5.0 (Linux; Android 9; EML-AL00 Build/HUAWEIEML-AL00; wv) AppleWebKit/537.36 (KHTML, like Gecko) Version/4.0 Chrome/66.0.3359.126 MQQBrowser/6.2 TBS/044704 Mobile Safari/537.36 V1_AND_SQ_8.0.0_1024_YYB_D QQ/8.0.0.4000 NetType/4G WebP/0.3.0 Pixel/1080 StatusBarHeight/85"
::ffff:120.211.63.52 - - [29/May/2019:07:11:10 +0000] "GET /about HTTP/1.1" 200 2538 "http://wangshuaishuai.com/?tdsourcetag=s_pctim_aiomsg" "Mozilla/5.0 (Windows NT 6.3; WOW64) AppleWebKit/537.36 (KHTML, like Gecko) Chrome/55.0.2883.87 Safari/537.36"
::ffff:120.211.63.52 - - [29/May/2019:07:11:11 +0000] "GET /handlebars HTTP/1.1" 200 12 "http://wangshuaishuai.com/" "Mozilla/5.0 (Windows NT 10.0; WOW64) AppleWebKit/537.36 (KHTML, like Gecko) Chrome/63.0.3239.132 Safari/537.36"
::ffff:221.192.180.191 - - [29/May/2019:07:11:11 +0000] "GET /handlebars HTTP/1.1" 200 12 "http://wangshuaishuai.com/start" "Mozilla/5.0 (Linux; Android 9; EML-AL00 Build/HUAWEIEML-AL00; wv) AppleWebKit/537.36 (KHTML, like Gecko) Version/4.0 Chrome/66.0.3359.126 MQQBrowser/6.2 TBS/044704 Mobile Safari/537.36 V1_AND_SQ_8.0.0_1024_YYB_D QQ/8.0.0.4000 NetType/4G WebP/0.3.0 Pixel/1080 StatusBarHeight/85"
::ffff:221.192.180.191 - - [29/May/2019:07:11:11 +0000] "GET /weather HTTP/1.1" 304 - "http://wangshuaishuai.com/start" "Mozilla/5.0 (Linux; Android 9; EML-AL00 Build/HUAWEIEML-AL00; wv) AppleWebKit/537.36 (KHTML, like Gecko) Version/4.0 Chrome/66.0.3359.126 MQQBrowser/6.2 TBS/044704 Mobile Safari/537.36 V1_AND_SQ_8.0.0_1024_YYB_D QQ/8.0.0.4000 NetType/4G WebP/0.3.0 Pixel/1080 StatusBarHeight/85"
::ffff:120.211.63.52 - - [29/May/2019:07:11:11 +0000] "GET /weather HTTP/1.1" 200 53 "http://wangshuaishuai.com/" "Mozilla/5.0 (Windows NT 10.0; WOW64) AppleWebKit/537.36 (KHTML, like Gecko) Chrome/63.0.3239.132 Safari/537.36"
::ffff:123.151.77.90 - - [29/May/2019:07:11:11 +0000] "GET / HTTP/1.1" 200 2523 "-" "Mozilla/5.0 (Linux; Android 8.1.0; Redmi Note 5 Build/OPM1.171019.011; wv) AppleWebKit/537.36 (KHTML, like Gecko) Version/4.0 Chrome/66.0.3359.126 MQQBrowser/6.2 TBS/044704 Mobile Safari/537.36 V1_AND_SQ_7.1.0_0_TIM_D TIM/2.3.1.1834 QQ/6.5.5  NetType/4G WebP/0.3.0 Pixel/1080"
::ffff:120.211.63.48 - - [29/May/2019:07:11:11 +0000] "GET /about HTTP/1.1" 200 2538 "http://wangshuaishuai.com/" "Mozilla/5.0 (Windows NT 10.0; Win64; x64) AppleWebKit/537.36 (KHTML, like Gecko) Chrome/72.0.3626.121 Safari/537.36"
::ffff:120.211.63.52 - - [29/May/2019:07:11:11 +0000] "GET /handlebars HTTP/1.1" 200 12 "http://wangshuaishuai.com/about" "Mozilla/5.0 (Windows NT 6.3; WOW64) AppleWebKit/537.36 (KHTML, like Gecko) Chrome/55.0.2883.87 Safari/537.36"
::ffff:120.211.63.52 - - [29/May/2019:07:11:11 +0000] "GET /weather HTTP/1.1" 200 53 "http://wangshuaishuai.com/" "Mozilla/5.0 (Windows NT 10.0; Win64; x64) AppleWebKit/537.36 (KHTML, like Gecko) Chrome/72.0.3626.121 Safari/537.36"
::ffff:120.211.63.52 - - [29/May/2019:07:11:11 +0000] "GET /handlebars HTTP/1.1" 200 12 "http://wangshuaishuai.com/" "Mozilla/5.0 (Windows NT 10.0; Win64; x64) AppleWebKit/537.36 (KHTML, like Gecko) Chrome/72.0.3626.121 Safari/537.36"
::ffff:120.211.63.52 - - [29/May/2019:07:11:11 +0000] "GET /weather HTTP/1.1" 304 - "http://wangshuaishuai.com/about" "Mozilla/5.0 (Windows NT 6.3; WOW64) AppleWebKit/537.36 (KHTML, like Gecko) Chrome/55.0.2883.87 Safari/537.36"
::ffff:120.211.63.48 - - [29/May/2019:07:11:11 +0000] "GET /handlebars HTTP/1.1" 200 12 "http://wangshuaishuai.com/about" "Mozilla/5.0 (Windows NT 10.0; Win64; x64) AppleWebKit/537.36 (KHTML, like Gecko) Chrome/72.0.3626.121 Safari/537.36"
::ffff:120.211.63.48 - - [29/May/2019:07:11:11 +0000] "GET /weather HTTP/1.1" 304 - "http://wangshuaishuai.com/about" "Mozilla/5.0 (Windows NT 10.0; Win64; x64) AppleWebKit/537.36 (KHTML, like Gecko) Chrome/72.0.3626.121 Safari/537.36"
::ffff:120.211.63.50 - - [29/May/2019:07:11:12 +0000] "GET /about HTTP/1.1" 200 2538 "http://wangshuaishuai.com/?tdsourcetag=s_pcqq_aiomsg" "Mozilla/5.0 (Windows NT 10.0; Win64; x64) AppleWebKit/537.36 (KHTML, like Gecko) Chrome/73.0.3683.103 Safari/537.36"
::ffff:120.211.63.50 - - [29/May/2019:07:11:12 +0000] "GET /handlebars HTTP/1.1" 200 12 "http://wangshuaishuai.com/about" "Mozilla/5.0 (Windows NT 10.0; Win64; x64) AppleWebKit/537.36 (KHTML, like Gecko) Chrome/73.0.3683.103 Safari/537.36"
::ffff:120.211.63.50 - - [29/May/2019:07:11:12 +0000] "GET /weather HTTP/1.1" 304 - "http://wangshuaishuai.com/about" "Mozilla/5.0 (Windows NT 10.0; Win64; x64) AppleWebKit/537.36 (KHTML, like Gecko) Chrome/73.0.3683.103 Safari/537.36"
::ffff:120.211.63.49 - - [29/May/2019:07:11:12 +0000] "GET / HTTP/1.1" 304 - "-" "Mozilla/5.0 (Windows NT 10.0; WOW64) AppleWebKit/537.36 (KHTML, like Gecko) Chrome/72.0.3626.119 Safari/537.36"
::ffff:120.211.63.49 - - [29/May/2019:07:11:13 +0000] "GET /handlebars HTTP/1.1" 200 12 "http://wangshuaishuai.com/" "Mozilla/5.0 (Windows NT 10.0; WOW64) AppleWebKit/537.36 (KHTML, like Gecko) Chrome/72.0.3626.119 Safari/537.36"
::ffff:120.211.63.49 - - [29/May/2019:07:11:13 +0000] "GET /weather HTTP/1.1" 304 - "http://wangshuaishuai.com/" "Mozilla/5.0 (Windows NT 10.0; WOW64) AppleWebKit/537.36 (KHTML, like Gecko) Chrome/72.0.3626.119 Safari/537.36"
::ffff:120.211.63.48 - - [29/May/2019:07:11:13 +0000] "GET /about HTTP/1.1" 200 2538 "http://wangshuaishuai.com/?tdsourcetag=s_pcqq_aiomsg" "Mozilla/5.0 (Windows NT 10.0; Win64; x64) AppleWebKit/537.36 (KHTML, like Gecko) Chrome/72.0.3626.121 Safari/537.36"
::ffff:120.211.63.48 - - [29/May/2019:07:11:13 +0000] "GET /handlebars HTTP/1.1" 200 12 "http://wangshuaishuai.com/about" "Mozilla/5.0 (Windows NT 10.0; Win64; x64) AppleWebKit/537.36 (KHTML, like Gecko) Chrome/72.0.3626.121 Safari/537.36"
::ffff:120.211.63.48 - - [29/May/2019:07:11:13 +0000] "GET /weather HTTP/1.1" 304 - "http://wangshuaishuai.com/about" "Mozilla/5.0 (Windows NT 10.0; Win64; x64) AppleWebKit/537.36 (KHTML, like Gecko) Chrome/72.0.3626.121 Safari/537.36"
::ffff:120.211.63.48 - - [29/May/2019:07:11:13 +0000] "GET / HTTP/1.1" 200 2523 "-" "Mozilla/5.0 (Windows NT 10.0; Win64; x64) AppleWebKit/537.36 (KHTML, like Gecko) Chrome/64.0.3282.140 Safari/537.36 Edge/17.17134"
::ffff:120.211.63.50 - - [29/May/2019:07:11:16 +0000] "GET /comments/form HTTP/1.1" 200 2862 "http://wangshuaishuai.com/?tdsourcetag=s_pcqq_aiomsg" "Mozilla/5.0 (Windows NT 10.0; Win64; x64) AppleWebKit/537.36 (KHTML, like Gecko) Chrome/73.0.3683.103 Safari/537.36"
::ffff:120.211.63.45 - - [29/May/2019:07:11:16 +0000] "GET /start HTTP/1.1" 200 3425 "http://wangshuaishuai.com/" "Mozilla/5.0 (Windows NT 10.0; Win64; x64) AppleWebKit/537.36 (KHTML, like Gecko) Chrome/64.0.3282.140 Safari/537.36 Edge/17.17134"
::ffff:123.151.77.90 - - [29/May/2019:07:11:16 +0000] "GET /handlebars HTTP/1.1" 200 12 "http://wangshuaishuai.com/" "Mozilla/5.0 (Linux; Android 8.1.0; Redmi Note 5 Build/OPM1.171019.011; wv) AppleWebKit/537.36 (KHTML, like Gecko) Version/4.0 Chrome/66.0.3359.126 MQQBrowser/6.2 TBS/044704 Mobile Safari/537.36 V1_AND_SQ_7.1.0_0_TIM_D TIM/2.3.1.1834 QQ/6.5.5  NetType/4G WebP/0.3.0 Pixel/1080"
::ffff:123.151.77.90 - - [29/May/2019:07:11:16 +0000] "GET /weather HTTP/1.1" 200 53 "http://wangshuaishuai.com/" "Mozilla/5.0 (Linux; Android 8.1.0; Redmi Note 5 Build/OPM1.171019.011; wv) AppleWebKit/537.36 (KHTML, like Gecko) Version/4.0 Chrome/66.0.3359.126 MQQBrowser/6.2 TBS/044704 Mobile Safari/537.36 V1_AND_SQ_7.1.0_0_TIM_D TIM/2.3.1.1834 QQ/6.5.5  NetType/4G WebP/0.3.0 Pixel/1080"
::ffff:120.211.63.50 - - [29/May/2019:07:11:16 +0000] "GET /handlebars HTTP/1.1" 200 12 "http://wangshuaishuai.com/comments/form" "Mozilla/5.0 (Windows NT 10.0; Win64; x64) AppleWebKit/537.36 (KHTML, like Gecko) Chrome/73.0.3683.103 Safari/537.36"
::ffff:120.211.63.50 - - [29/May/2019:07:11:16 +0000] "GET /weather HTTP/1.1" 304 - "http://wangshuaishuai.com/comments/form" "Mozilla/5.0 (Windows NT 10.0; Win64; x64) AppleWebKit/537.36 (KHTML, like Gecko) Chrome/73.0.3683.103 Safari/537.36"
::ffff:120.211.63.45 - - [29/May/2019:07:11:16 +0000] "GET /handlebars HTTP/1.1" 200 12 "http://wangshuaishuai.com/start" "Mozilla/5.0 (Windows NT 10.0; Win64; x64) AppleWebKit/537.36 (KHTML, like Gecko) Chrome/64.0.3282.140 Safari/537.36 Edge/17.17134"
::ffff:120.211.63.45 - - [29/May/2019:07:11:16 +0000] "GET /weather HTTP/1.1" 304 - "http://wangshuaishuai.com/start" "Mozilla/5.0 (Windows NT 10.0; Win64; x64) AppleWebKit/537.36 (KHTML, like Gecko) Chrome/64.0.3282.140 Safari/537.36 Edge/17.17134"
::ffff:221.192.180.191 - - [29/May/2019:07:11:17 +0000] "GET / HTTP/1.1" 304 - "-" "Mozilla/5.0 (Linux; Android 9; EML-AL00 Build/HUAWEIEML-AL00; wv) AppleWebKit/537.36 (KHTML, like Gecko) Version/4.0 Chrome/66.0.3359.126 MQQBrowser/6.2 TBS/044704 Mobile Safari/537.36 V1_AND_SQ_8.0.0_1024_YYB_D QQ/8.0.0.4000 NetType/4G WebP/0.3.0 Pixel/1080 StatusBarHeight/85"
::ffff:120.211.63.52 - - [29/May/2019:07:11:17 +0000] "GET / HTTP/1.1" 304 - "http://wangshuaishuai.com/" "Mozilla/5.0 (Windows NT 10.0; Win64; x64) AppleWebKit/537.36 (KHTML, like Gecko) Chrome/72.0.3626.121 Safari/537.36"
::ffff:120.211.63.52 - - [29/May/2019:07:11:17 +0000] "GET /handlebars HTTP/1.1" 200 12 "http://wangshuaishuai.com/" "Mozilla/5.0 (Windows NT 10.0; Win64; x64) AppleWebKit/537.36 (KHTML, like Gecko) Chrome/72.0.3626.121 Safari/537.36"
::ffff:120.211.63.52 - - [29/May/2019:07:11:17 +0000] "GET /weather HTTP/1.1" 304 - "http://wangshuaishuai.com/" "Mozilla/5.0 (Windows NT 10.0; Win64; x64) AppleWebKit/537.36 (KHTML, like Gecko) Chrome/72.0.3626.121 Safari/537.36"
::ffff:221.192.180.191 - - [29/May/2019:07:11:18 +0000] "GET /handlebars HTTP/1.1" 200 12 "http://wangshuaishuai.com/" "Mozilla/5.0 (Linux; Android 9; EML-AL00 Build/HUAWEIEML-AL00; wv) AppleWebKit/537.36 (KHTML, like Gecko) Version/4.0 Chrome/66.0.3359.126 MQQBrowser/6.2 TBS/044704 Mobile Safari/537.36 V1_AND_SQ_8.0.0_1024_YYB_D QQ/8.0.0.4000 NetType/4G WebP/0.3.0 Pixel/1080 StatusBarHeight/85"
::ffff:221.192.180.191 - - [29/May/2019:07:11:18 +0000] "GET /weather HTTP/1.1" 304 - "http://wangshuaishuai.com/" "Mozilla/5.0 (Linux; Android 9; EML-AL00 Build/HUAWEIEML-AL00; wv) AppleWebKit/537.36 (KHTML, like Gecko) Version/4.0 Chrome/66.0.3359.126 MQQBrowser/6.2 TBS/044704 Mobile Safari/537.36 V1_AND_SQ_8.0.0_1024_YYB_D QQ/8.0.0.4000 NetType/4G WebP/0.3.0 Pixel/1080 StatusBarHeight/85"
::ffff:123.151.77.90 - - [29/May/2019:07:11:19 +0000] "GET /start HTTP/1.1" 200 3418 "http://wangshuaishuai.com/" "Mozilla/5.0 (Linux; Android 8.1.0; Redmi Note 5 Build/OPM1.171019.011; wv) AppleWebKit/537.36 (KHTML, like Gecko) Version/4.0 Chrome/66.0.3359.126 MQQBrowser/6.2 TBS/044704 Mobile Safari/537.36 V1_AND_SQ_7.1.0_0_TIM_D TIM/2.3.1.1834 QQ/6.5.5  NetType/4G WebP/0.3.0 Pixel/1080"
::ffff:221.192.180.191 - - [29/May/2019:07:11:19 +0000] "GET /echarts HTTP/1.1" 200 2127 "http://wangshuaishuai.com/" "Mozilla/5.0 (Linux; Android 9; EML-AL00 Build/HUAWEIEML-AL00; wv) AppleWebKit/537.36 (KHTML, like Gecko) Version/4.0 Chrome/66.0.3359.126 MQQBrowser/6.2 TBS/044704 Mobile Safari/537.36 V1_AND_SQ_8.0.0_1024_YYB_D QQ/8.0.0.4000 NetType/4G WebP/0.3.0 Pixel/1080 StatusBarHeight/85"
::ffff:120.211.63.52 - - [29/May/2019:07:11:19 +0000] "GET /about HTTP/1.1" 200 2538 "http://wangshuaishuai.com/" "Mozilla/5.0 (Windows NT 10.0; WOW64) AppleWebKit/537.36 (KHTML, like Gecko) Chrome/63.0.3239.132 Safari/537.36"
::ffff:123.151.77.90 - - [29/May/2019:07:11:19 +0000] "GET /handlebars HTTP/1.1" 200 12 "http://wangshuaishuai.com/start" "Mozilla/5.0 (Linux; Android 8.1.0; Redmi Note 5 Build/OPM1.171019.011; wv) AppleWebKit/537.36 (KHTML, like Gecko) Version/4.0 Chrome/66.0.3359.126 MQQBrowser/6.2 TBS/044704 Mobile Safari/537.36 V1_AND_SQ_7.1.0_0_TIM_D TIM/2.3.1.1834 QQ/6.5.5  NetType/4G WebP/0.3.0 Pixel/1080"
::ffff:220.194.107.221 - - [29/May/2019:07:11:19 +0000] "GET /weather HTTP/1.1" 304 - "http://wangshuaishuai.com/start" "Mozilla/5.0 (Linux; Android 8.1.0; Redmi Note 5 Build/OPM1.171019.011; wv) AppleWebKit/537.36 (KHTML, like Gecko) Version/4.0 Chrome/66.0.3359.126 MQQBrowser/6.2 TBS/044704 Mobile Safari/537.36 V1_AND_SQ_7.1.0_0_TIM_D TIM/2.3.1.1834 QQ/6.5.5  NetType/4G WebP/0.3.0 Pixel/1080"
::ffff:120.211.63.52 - - [29/May/2019:07:11:19 +0000] "GET /handlebars HTTP/1.1" 200 12 "http://wangshuaishuai.com/about" "Mozilla/5.0 (Windows NT 10.0; WOW64) AppleWebKit/537.36 (KHTML, like Gecko) Chrome/63.0.3239.132 Safari/537.36"
::ffff:120.211.63.52 - - [29/May/2019:07:11:19 +0000] "GET /weather HTTP/1.1" 304 - "http://wangshuaishuai.com/about" "Mozilla/5.0 (Windows NT 10.0; WOW64) AppleWebKit/537.36 (KHTML, like Gecko) Chrome/63.0.3239.132 Safari/537.36"
::ffff:120.211.63.52 - - [29/May/2019:07:11:20 +0000] "GET / HTTP/1.1" 304 - "http://wangshuaishuai.com/" "Mozilla/5.0 (Windows NT 10.0; Win64; x64) AppleWebKit/537.36 (KHTML, like Gecko) Chrome/72.0.3626.121 Safari/537.36"
::ffff:120.211.63.52 - - [29/May/2019:07:11:20 +0000] "GET /handlebars HTTP/1.1" 200 12 "http://wangshuaishuai.com/" "Mozilla/5.0 (Windows NT 10.0; Win64; x64) AppleWebKit/537.36 (KHTML, like Gecko) Chrome/72.0.3626.121 Safari/537.36"
::ffff:120.211.63.52 - - [29/May/2019:07:11:20 +0000] "GET /weather HTTP/1.1" 304 - "http://wangshuaishuai.com/" "Mozilla/5.0 (Windows NT 10.0; Win64; x64) AppleWebKit/537.36 (KHTML, like Gecko) Chrome/72.0.3626.121 Safari/537.36"
::ffff:120.211.63.52 - - [29/May/2019:07:11:21 +0000] "GET /about HTTP/1.1" 200 2538 "http://wangshuaishuai.com/" "Mozilla/5.0 (Windows NT 10.0; Win64; x64) AppleWebKit/537.36 (KHTML, like Gecko) Chrome/72.0.3626.121 Safari/537.36"
::ffff:120.211.63.52 - - [29/May/2019:07:11:21 +0000] "GET /handlebars HTTP/1.1" 200 12 "http://wangshuaishuai.com/about" "Mozilla/5.0 (Windows NT 10.0; Win64; x64) AppleWebKit/537.36 (KHTML, like Gecko) Chrome/72.0.3626.121 Safari/537.36"
::ffff:120.211.63.52 - - [29/May/2019:07:11:21 +0000] "GET /weather HTTP/1.1" 304 - "http://wangshuaishuai.com/about" "Mozilla/5.0 (Windows NT 10.0; Win64; x64) AppleWebKit/537.36 (KHTML, like Gecko) Chrome/72.0.3626.121 Safari/537.36"
::ffff:120.211.63.53 - - [29/May/2019:07:11:22 +0000] "GET /?tdsourcetag=s_pctim_aiomsg HTTP/1.1" 200 2523 "-" "Mozilla/5.0 (Windows NT 10.0; WOW64) AppleWebKit/537.36 (KHTML, like Gecko) Chrome/72.0.3626.121 Safari/537.36"
::ffff:120.211.63.53 - - [29/May/2019:07:11:23 +0000] "GET /handlebars HTTP/1.1" 200 12 "http://wangshuaishuai.com/?tdsourcetag=s_pctim_aiomsg" "Mozilla/5.0 (Windows NT 10.0; WOW64) AppleWebKit/537.36 (KHTML, like Gecko) Chrome/72.0.3626.121 Safari/537.36"
::ffff:120.211.63.53 - - [29/May/2019:07:11:23 +0000] "GET /weather HTTP/1.1" 200 53 "http://wangshuaishuai.com/?tdsourcetag=s_pctim_aiomsg" "Mozilla/5.0 (Windows NT 10.0; WOW64) AppleWebKit/537.36 (KHTML, like Gecko) Chrome/72.0.3626.121 Safari/537.36"
::ffff:120.211.63.48 - - [29/May/2019:07:11:23 +0000] "GET / HTTP/1.1" 200 2523 "http://wangshuaishuai.com/about" "Mozilla/5.0 (Windows NT 10.0; WOW64) AppleWebKit/537.36 (KHTML, like Gecko) Chrome/74.0.3729.131 Safari/537.36"
::ffff:120.211.63.48 - - [29/May/2019:07:11:23 +0000] "GET /weather HTTP/1.1" 304 - "http://wangshuaishuai.com/" "Mozilla/5.0 (Windows NT 10.0; WOW64) AppleWebKit/537.36 (KHTML, like Gecko) Chrome/74.0.3729.131 Safari/537.36"
::ffff:120.211.63.48 - - [29/May/2019:07:11:23 +0000] "GET /handlebars HTTP/1.1" 200 12 "http://wangshuaishuai.com/" "Mozilla/5.0 (Windows NT 10.0; WOW64) AppleWebKit/537.36 (KHTML, like Gecko) Chrome/74.0.3729.131 Safari/537.36"
::ffff:120.211.63.53 - - [29/May/2019:07:11:26 +0000] "GET /about HTTP/1.1" 200 2538 "http://wangshuaishuai.com/?tdsourcetag=s_pctim_aiomsg" "Mozilla/5.0 (Windows NT 10.0; WOW64) AppleWebKit/537.36 (KHTML, like Gecko) Chrome/72.0.3626.121 Safari/537.36"
::ffff:123.151.76.158 - - [29/May/2019:07:11:26 +0000] "GET / HTTP/1.1" 304 - "-" "Mozilla/5.0 (Linux; Android 8.0.0; PRA-AL00 Build/HONORPRA-AL00; wv) AppleWebKit/537.36 (KHTML, like Gecko) Version/4.0 Chrome/66.0.3359.126 MQQBrowser/6.2 TBS/044704 Mobile Safari/537.36 V1_AND_SQ_7.1.0_0_TIM_D TIM/2.3.1.1834 QQ/6.5.5  NetType/WIFI WebP/0.3.0 Pixel/1080"
::ffff:120.211.63.53 - - [29/May/2019:07:11:26 +0000] "GET /handlebars HTTP/1.1" 200 12 "http://wangshuaishuai.com/about" "Mozilla/5.0 (Windows NT 10.0; WOW64) AppleWebKit/537.36 (KHTML, like Gecko) Chrome/72.0.3626.121 Safari/537.36"
::ffff:120.211.63.53 - - [29/May/2019:07:11:26 +0000] "GET /weather HTTP/1.1" 304 - "http://wangshuaishuai.com/about" "Mozilla/5.0 (Windows NT 10.0; WOW64) AppleWebKit/537.36 (KHTML, like Gecko) Chrome/72.0.3626.121 Safari/537.36"
::ffff:123.151.76.158 - - [29/May/2019:07:11:26 +0000] "GET /handlebars HTTP/1.1" 200 12 "http://wangshuaishuai.com/" "Mozilla/5.0 (Linux; Android 8.0.0; PRA-AL00 Build/HONORPRA-AL00; wv) AppleWebKit/537.36 (KHTML, like Gecko) Version/4.0 Chrome/66.0.3359.126 MQQBrowser/6.2 TBS/044704 Mobile Safari/537.36 V1_AND_SQ_7.1.0_0_TIM_D TIM/2.3.1.1834 QQ/6.5.5  NetType/WIFI WebP/0.3.0 Pixel/1080"
::ffff:123.151.76.158 - - [29/May/2019:07:11:26 +0000] "GET /weather HTTP/1.1" 304 - "http://wangshuaishuai.com/" "Mozilla/5.0 (Linux; Android 8.0.0; PRA-AL00 Build/HONORPRA-AL00; wv) AppleWebKit/537.36 (KHTML, like Gecko) Version/4.0 Chrome/66.0.3359.126 MQQBrowser/6.2 TBS/044704 Mobile Safari/537.36 V1_AND_SQ_7.1.0_0_TIM_D TIM/2.3.1.1834 QQ/6.5.5  NetType/WIFI WebP/0.3.0 Pixel/1080"
::ffff:123.151.76.158 - - [29/May/2019:07:11:27 +0000] "GET /about HTTP/1.1" 200 2538 "http://wangshuaishuai.com/" "Mozilla/5.0 (Linux; Android 8.0.0; PRA-AL00 Build/HONORPRA-AL00; wv) AppleWebKit/537.36 (KHTML, like Gecko) Version/4.0 Chrome/66.0.3359.126 MQQBrowser/6.2 TBS/044704 Mobile Safari/537.36 V1_AND_SQ_7.1.0_0_TIM_D TIM/2.3.1.1834 QQ/6.5.5  NetType/WIFI WebP/0.3.0 Pixel/1080"
::ffff:123.151.76.158 - - [29/May/2019:07:11:28 +0000] "GET /handlebars HTTP/1.1" 200 12 "http://wangshuaishuai.com/about" "Mozilla/5.0 (Linux; Android 8.0.0; PRA-AL00 Build/HONORPRA-AL00; wv) AppleWebKit/537.36 (KHTML, like Gecko) Version/4.0 Chrome/66.0.3359.126 MQQBrowser/6.2 TBS/044704 Mobile Safari/537.36 V1_AND_SQ_7.1.0_0_TIM_D TIM/2.3.1.1834 QQ/6.5.5  NetType/WIFI WebP/0.3.0 Pixel/1080"
::ffff:120.211.63.48 - - [29/May/2019:07:11:28 +0000] "GET /echarts HTTP/1.1" 200 1280173 "http://wangshuaishuai.com/" "Mozilla/5.0 (Windows NT 10.0; WOW64) AppleWebKit/537.36 (KHTML, like Gecko) Chrome/74.0.3729.131 Safari/537.36"
::ffff:123.151.76.158 - - [29/May/2019:07:11:28 +0000] "GET /weather HTTP/1.1" 304 - "http://wangshuaishuai.com/about" "Mozilla/5.0 (Linux; Android 8.0.0; PRA-AL00 Build/HONORPRA-AL00; wv) AppleWebKit/537.36 (KHTML, like Gecko) Version/4.0 Chrome/66.0.3359.126 MQQBrowser/6.2 TBS/044704 Mobile Safari/537.36 V1_AND_SQ_7.1.0_0_TIM_D TIM/2.3.1.1834 QQ/6.5.5  NetType/WIFI WebP/0.3.0 Pixel/1080"
::ffff:120.211.63.53 - - [29/May/2019:07:11:30 +0000] "GET /start HTTP/1.1" 200 3418 "http://wangshuaishuai.com/" "Mozilla/5.0 (Windows NT 10.0; WOW64) AppleWebKit/537.36 (KHTML, like Gecko) Chrome/72.0.3626.121 Safari/537.36"
::ffff:120.211.63.53 - - [29/May/2019:07:11:30 +0000] "GET /weather HTTP/1.1" 304 - "http://wangshuaishuai.com/start" "Mozilla/5.0 (Windows NT 10.0; WOW64) AppleWebKit/537.36 (KHTML, like Gecko) Chrome/72.0.3626.121 Safari/537.36"
::ffff:120.211.63.53 - - [29/May/2019:07:11:30 +0000] "GET /handlebars HTTP/1.1" 200 12 "http://wangshuaishuai.com/start" "Mozilla/5.0 (Windows NT 10.0; WOW64) AppleWebKit/537.36 (KHTML, like Gecko) Chrome/72.0.3626.121 Safari/537.36"
::ffff:120.211.63.52 - - [29/May/2019:07:11:32 +0000] "GET /start HTTP/1.1" 200 3425 "http://wangshuaishuai.com/?tdsourcetag=s_pctim_aiomsg" "Mozilla/5.0 (Windows NT 6.3; WOW64) AppleWebKit/537.36 (KHTML, like Gecko) Chrome/55.0.2883.87 Safari/537.36"
::ffff:111.204.220.60 - - [29/May/2019:07:11:32 +0000] "GET / HTTP/1.1" 200 2523 "-" "Mozilla/5.0 (Macintosh; Intel Mac OS X 10_14_2) AppleWebKit/537.36 (KHTML, like Gecko) Chrome/74.0.3729.169 Safari/537.36"
::ffff:120.211.63.52 - - [29/May/2019:07:11:33 +0000] "GET /handlebars HTTP/1.1" 200 12 "http://wangshuaishuai.com/start" "Mozilla/5.0 (Windows NT 6.3; WOW64) AppleWebKit/537.36 (KHTML, like Gecko) Chrome/55.0.2883.87 Safari/537.36"
::ffff:120.211.63.52 - - [29/May/2019:07:11:33 +0000] "GET /weather HTTP/1.1" 304 - "http://wangshuaishuai.com/start" "Mozilla/5.0 (Windows NT 6.3; WOW64) AppleWebKit/537.36 (KHTML, like Gecko) Chrome/55.0.2883.87 Safari/537.36"
::ffff:111.204.220.60 - - [29/May/2019:07:11:33 +0000] "GET /handlebars HTTP/1.1" 200 12 "http://wangshuaishuai.com/" "Mozilla/5.0 (Macintosh; Intel Mac OS X 10_14_2) AppleWebKit/537.36 (KHTML, like Gecko) Chrome/74.0.3729.169 Safari/537.36"
::ffff:111.204.220.60 - - [29/May/2019:07:11:33 +0000] "GET /weather HTTP/1.1" 200 53 "http://wangshuaishuai.com/" "Mozilla/5.0 (Macintosh; Intel Mac OS X 10_14_2) AppleWebKit/537.36 (KHTML, like Gecko) Chrome/74.0.3729.169 Safari/537.36"
::ffff:123.151.76.158 - - [29/May/2019:07:11:34 +0000] "GET / HTTP/1.1" 304 - "-" "Mozilla/5.0 (Linux; Android 8.0.0; PRA-AL00 Build/HONORPRA-AL00; wv) AppleWebKit/537.36 (KHTML, like Gecko) Version/4.0 Chrome/66.0.3359.126 MQQBrowser/6.2 TBS/044704 Mobile Safari/537.36 V1_AND_SQ_7.1.0_0_TIM_D TIM/2.3.1.1834 QQ/6.5.5  NetType/WIFI WebP/0.3.0 Pixel/1080"
::ffff:123.151.76.158 - - [29/May/2019:07:11:34 +0000] "GET /handlebars HTTP/1.1" 200 12 "http://wangshuaishuai.com/" "Mozilla/5.0 (Linux; Android 8.0.0; PRA-AL00 Build/HONORPRA-AL00; wv) AppleWebKit/537.36 (KHTML, like Gecko) Version/4.0 Chrome/66.0.3359.126 MQQBrowser/6.2 TBS/044704 Mobile Safari/537.36 V1_AND_SQ_7.1.0_0_TIM_D TIM/2.3.1.1834 QQ/6.5.5  NetType/WIFI WebP/0.3.0 Pixel/1080"
::ffff:123.151.76.158 - - [29/May/2019:07:11:34 +0000] "GET /weather HTTP/1.1" 304 - "http://wangshuaishuai.com/" "Mozilla/5.0 (Linux; Android 8.0.0; PRA-AL00 Build/HONORPRA-AL00; wv) AppleWebKit/537.36 (KHTML, like Gecko) Version/4.0 Chrome/66.0.3359.126 MQQBrowser/6.2 TBS/044704 Mobile Safari/537.36 V1_AND_SQ_7.1.0_0_TIM_D TIM/2.3.1.1834 QQ/6.5.5  NetType/WIFI WebP/0.3.0 Pixel/1080"
::ffff:120.211.63.50 - - [29/May/2019:07:11:35 +0000] "GET /start HTTP/1.1" 200 3415 "http://wangshuaishuai.com/" "Mozilla/5.0 (Windows NT 10.0; Win64; x64) AppleWebKit/537.36 (KHTML, like Gecko) Chrome/64.0.3282.140 Safari/537.36 Edge/17.17134"
::ffff:120.211.63.50 - - [29/May/2019:07:11:35 +0000] "GET /handlebars HTTP/1.1" 200 12 "http://wangshuaishuai.com/start" "Mozilla/5.0 (Windows NT 10.0; Win64; x64) AppleWebKit/537.36 (KHTML, like Gecko) Chrome/64.0.3282.140 Safari/537.36 Edge/17.17134"
::ffff:120.211.63.50 - - [29/May/2019:07:11:35 +0000] "GET /weather HTTP/1.1" 304 - "http://wangshuaishuai.com/start" "Mozilla/5.0 (Windows NT 10.0; Win64; x64) AppleWebKit/537.36 (KHTML, like Gecko) Chrome/64.0.3282.140 Safari/537.36 Edge/17.17134"
::ffff:120.211.63.53 - - [29/May/2019:07:11:36 +0000] "GET /echarts HTTP/1.1" 200 10097 "http://wangshuaishuai.com/" "Mozilla/5.0 (Windows NT 10.0; WOW64) AppleWebKit/537.36 (KHTML, like Gecko) Chrome/72.0.3626.121 Safari/537.36"
::ffff:183.192.164.85 - - [29/May/2019:07:11:38 +0000] "GET / HTTP/1.1" 200 2523 "-" "Mozilla/5.0 (Windows NT 6.1; WOW64) AppleWebKit/537.36 (KHTML, like Gecko) Chrome/56.0.2924.87 Safari/537.36"
::ffff:111.204.220.60 - - [29/May/2019:07:11:39 +0000] "GET /about HTTP/1.1" 200 2538 "http://wangshuaishuai.com/" "Mozilla/5.0 (Macintosh; Intel Mac OS X 10_14_2) AppleWebKit/537.36 (KHTML, like Gecko) Chrome/74.0.3729.169 Safari/537.36"
::ffff:111.204.220.60 - - [29/May/2019:07:11:39 +0000] "GET /handlebars HTTP/1.1" 200 12 "http://wangshuaishuai.com/about" "Mozilla/5.0 (Macintosh; Intel Mac OS X 10_14_2) AppleWebKit/537.36 (KHTML, like Gecko) Chrome/74.0.3729.169 Safari/537.36"
::ffff:111.204.220.60 - - [29/May/2019:07:11:39 +0000] "GET /weather HTTP/1.1" 304 - "http://wangshuaishuai.com/about" "Mozilla/5.0 (Macintosh; Intel Mac OS X 10_14_2) AppleWebKit/537.36 (KHTML, like Gecko) Chrome/74.0.3729.169 Safari/537.36"
::ffff:123.151.76.158 - - [29/May/2019:07:11:40 +0000] "GET /about HTTP/1.1" 200 2538 "http://wangshuaishuai.com/" "Mozilla/5.0 (Linux; Android 7.1.2; vivo X9i Build/N2G47H; wv) AppleWebKit/537.36 (KHTML, like Gecko) Version/4.0 Chrome/66.0.3359.126 MQQBrowser/6.2 TBS/044704 Mobile Safari/537.36 V1_AND_SQ_7.7.0_884_YYB_D QQ/7.7.0.3645 NetType/WIFI WebP/0.3.0 Pixel/1080"
::ffff:120.211.63.52 - - [29/May/2019:07:11:40 +0000] "GET /about HTTP/1.1" 304 - "http://wangshuaishuai.com/" "Mozilla/5.0 (Windows NT 10.0; Win64; x64) AppleWebKit/537.36 (KHTML, like Gecko) Chrome/72.0.3626.121 Safari/537.36"
::ffff:120.211.63.52 - - [29/May/2019:07:11:40 +0000] "GET /handlebars HTTP/1.1" 200 12 "http://wangshuaishuai.com/about" "Mozilla/5.0 (Windows NT 10.0; Win64; x64) AppleWebKit/537.36 (KHTML, like Gecko) Chrome/72.0.3626.121 Safari/537.36"
::ffff:120.211.63.52 - - [29/May/2019:07:11:40 +0000] "GET /weather HTTP/1.1" 304 - "http://wangshuaishuai.com/about" "Mozilla/5.0 (Windows NT 10.0; Win64; x64) AppleWebKit/537.36 (KHTML, like Gecko) Chrome/72.0.3626.121 Safari/537.36"
::ffff:120.211.63.50 - - [29/May/2019:07:11:41 +0000] "GET /comments/form HTTP/1.1" 200 2862 "http://wangshuaishuai.com/" "Mozilla/5.0 (Windows NT 10.0; Win64; x64) AppleWebKit/537.36 (KHTML, like Gecko) Chrome/64.0.3282.140 Safari/537.36 Edge/17.17134"
::ffff:120.211.63.50 - - [29/May/2019:07:11:41 +0000] "GET /handlebars HTTP/1.1" 200 12 "http://wangshuaishuai.com/comments/form" "Mozilla/5.0 (Windows NT 10.0; Win64; x64) AppleWebKit/537.36 (KHTML, like Gecko) Chrome/64.0.3282.140 Safari/537.36 Edge/17.17134"
::ffff:120.211.63.50 - - [29/May/2019:07:11:41 +0000] "GET /weather HTTP/1.1" 304 - "http://wangshuaishuai.com/comments/form" "Mozilla/5.0 (Windows NT 10.0; Win64; x64) AppleWebKit/537.36 (KHTML, like Gecko) Chrome/64.0.3282.140 Safari/537.36 Edge/17.17134"
::ffff:120.211.63.52 - - [29/May/2019:07:11:41 +0000] "GET /echarts HTTP/1.1" 200 9342 "http://wangshuaishuai.com/?tdsourcetag=s_pctim_aiomsg" "Mozilla/5.0 (Windows NT 6.3; WOW64) AppleWebKit/537.36 (KHTML, like Gecko) Chrome/55.0.2883.87 Safari/537.36"
::ffff:120.211.63.52 - - [29/May/2019:07:11:42 +0000] "GET /start HTTP/1.1" 200 3415 "http://wangshuaishuai.com/" "Mozilla/5.0 (Windows NT 10.0; Win64; x64) AppleWebKit/537.36 (KHTML, like Gecko) Chrome/72.0.3626.121 Safari/537.36"
::ffff:120.211.63.52 - - [29/May/2019:07:11:43 +0000] "GET /handlebars HTTP/1.1" 200 12 "http://wangshuaishuai.com/start" "Mozilla/5.0 (Windows NT 10.0; Win64; x64) AppleWebKit/537.36 (KHTML, like Gecko) Chrome/72.0.3626.121 Safari/537.36"
::ffff:120.211.63.52 - - [29/May/2019:07:11:43 +0000] "GET /weather HTTP/1.1" 304 - "http://wangshuaishuai.com/start" "Mozilla/5.0 (Windows NT 10.0; Win64; x64) AppleWebKit/537.36 (KHTML, like Gecko) Chrome/72.0.3626.121 Safari/537.36"
::ffff:123.151.76.158 - - [29/May/2019:07:11:43 +0000] "GET /handlebars HTTP/1.1" 200 12 "http://wangshuaishuai.com/about" "Mozilla/5.0 (Linux; Android 7.1.2; vivo X9i Build/N2G47H; wv) AppleWebKit/537.36 (KHTML, like Gecko) Version/4.0 Chrome/66.0.3359.126 MQQBrowser/6.2 TBS/044704 Mobile Safari/537.36 V1_AND_SQ_7.7.0_884_YYB_D QQ/7.7.0.3645 NetType/WIFI WebP/0.3.0 Pixel/1080"
::ffff:123.151.76.158 - - [29/May/2019:07:11:43 +0000] "GET /weather HTTP/1.1" 304 - "http://wangshuaishuai.com/about" "Mozilla/5.0 (Linux; Android 7.1.2; vivo X9i Build/N2G47H; wv) AppleWebKit/537.36 (KHTML, like Gecko) Version/4.0 Chrome/66.0.3359.126 MQQBrowser/6.2 TBS/044704 Mobile Safari/537.36 V1_AND_SQ_7.7.0_884_YYB_D QQ/7.7.0.3645 NetType/WIFI WebP/0.3.0 Pixel/1080"
::ffff:120.211.63.53 - - [29/May/2019:07:11:45 +0000] "GET /comments/form HTTP/1.1" 200 2862 "http://wangshuaishuai.com/" "Mozilla/5.0 (Windows NT 10.0; WOW64) AppleWebKit/537.36 (KHTML, like Gecko) Chrome/72.0.3626.121 Safari/537.36"
::ffff:120.211.63.53 - - [29/May/2019:07:11:46 +0000] "GET /handlebars HTTP/1.1" 200 12 "http://wangshuaishuai.com/comments/form" "Mozilla/5.0 (Windows NT 10.0; WOW64) AppleWebKit/537.36 (KHTML, like Gecko) Chrome/72.0.3626.121 Safari/537.36"
::ffff:120.211.63.53 - - [29/May/2019:07:11:46 +0000] "GET /weather HTTP/1.1" 304 - "http://wangshuaishuai.com/comments/form" "Mozilla/5.0 (Windows NT 10.0; WOW64) AppleWebKit/537.36 (KHTML, like Gecko) Chrome/72.0.3626.121 Safari/537.36"
::ffff:120.211.63.48 - - [29/May/2019:07:11:46 +0000] "GET /handlebars HTTP/1.1" 200 12 "http://wangshuaishuai.com/" "Mozilla/5.0 (Windows NT 10.0; Win64; x64) AppleWebKit/537.36 (KHTML, like Gecko) Chrome/64.0.3282.140 Safari/537.36 Edge/17.17134"
::ffff:120.211.63.48 - - [29/May/2019:07:11:46 +0000] "GET /weather HTTP/1.1" 200 53 "http://wangshuaishuai.com/" "Mozilla/5.0 (Windows NT 10.0; Win64; x64) AppleWebKit/537.36 (KHTML, like Gecko) Chrome/64.0.3282.140 Safari/537.36 Edge/17.17134"
::ffff:120.211.63.48 - - [29/May/2019:07:11:46 +0000] "GET /start HTTP/1.1" 200 3401 "http://wangshuaishuai.com/" "Mozilla/5.0 (Windows NT 10.0; Win64; x64) AppleWebKit/537.36 (KHTML, like Gecko) Chrome/72.0.3626.121 Safari/537.36"
::ffff:120.211.63.48 - - [29/May/2019:07:11:47 +0000] "GET /handlebars HTTP/1.1" 200 12 "http://wangshuaishuai.com/start" "Mozilla/5.0 (Windows NT 10.0; Win64; x64) AppleWebKit/537.36 (KHTML, like Gecko) Chrome/72.0.3626.121 Safari/537.36"
::ffff:120.211.63.48 - - [29/May/2019:07:11:47 +0000] "GET /weather HTTP/1.1" 304 - "http://wangshuaishuai.com/start" "Mozilla/5.0 (Windows NT 10.0; Win64; x64) AppleWebKit/537.36 (KHTML, like Gecko) Chrome/72.0.3626.121 Safari/537.36"
::ffff:120.211.63.50 - - [29/May/2019:07:11:48 +0000] "GET / HTTP/1.1" 304 - "-" "Mozilla/5.0 (Windows NT 10.0; Win64; x64) AppleWebKit/537.36 (KHTML, like Gecko) Chrome/64.0.3282.140 Safari/537.36 Edge/17.17134"
::ffff:111.204.220.60 - - [29/May/2019:07:11:48 +0000] "GET /comments/form HTTP/1.1" 200 2862 "http://wangshuaishuai.com/" "Mozilla/5.0 (Macintosh; Intel Mac OS X 10_14_2) AppleWebKit/537.36 (KHTML, like Gecko) Chrome/74.0.3729.169 Safari/537.36"
::ffff:120.211.63.50 - - [29/May/2019:07:11:48 +0000] "GET /handlebars HTTP/1.1" 200 12 "http://wangshuaishuai.com/" "Mozilla/5.0 (Windows NT 10.0; Win64; x64) AppleWebKit/537.36 (KHTML, like Gecko) Chrome/64.0.3282.140 Safari/537.36 Edge/17.17134"
::ffff:120.211.63.50 - - [29/May/2019:07:11:48 +0000] "GET /weather HTTP/1.1" 304 - "http://wangshuaishuai.com/" "Mozilla/5.0 (Windows NT 10.0; Win64; x64) AppleWebKit/537.36 (KHTML, like Gecko) Chrome/64.0.3282.140 Safari/537.36 Edge/17.17134"
::ffff:111.204.220.60 - - [29/May/2019:07:11:48 +0000] "GET /weather HTTP/1.1" 304 - "http://wangshuaishuai.com/comments/form" "Mozilla/5.0 (Macintosh; Intel Mac OS X 10_14_2) AppleWebKit/537.36 (KHTML, like Gecko) Chrome/74.0.3729.169 Safari/537.36"
::ffff:111.204.220.60 - - [29/May/2019:07:11:48 +0000] "GET /handlebars HTTP/1.1" 200 12 "http://wangshuaishuai.com/comments/form" "Mozilla/5.0 (Macintosh; Intel Mac OS X 10_14_2) AppleWebKit/537.36 (KHTML, like Gecko) Chrome/74.0.3729.169 Safari/537.36"
::ffff:117.136.2.35 - - [29/May/2019:07:11:49 +0000] "GET / HTTP/1.1" 200 2523 "-" "Mozilla/5.0 (Linux; Android 8.1.0; SM-G8870 Build/M1AJQ; wv) AppleWebKit/537.36 (KHTML, like Gecko) Version/4.0 Chrome/66.0.3359.126 MQQBrowser/6.2 TBS/044704 Mobile Safari/537.36 V1_AND_SQ_7.9.9_1010_YYB_D QQ/7.9.9.3965 NetType/4G WebP/0.3.0 Pixel/1080 StatusBarHeight/135"
::ffff:183.192.164.56 - - [29/May/2019:07:11:51 +0000] "GET /?tdsourcetag=s_pcqq_aiomsg HTTP/1.1" 200 2523 "-" "Mozilla/5.0 (Windows NT 6.1; WOW64) AppleWebKit/537.36 (KHTML, like Gecko) Chrome/45.0.2454.101 Safari/537.36"
::ffff:111.204.220.60 - - [29/May/2019:07:11:53 +0000] "GET /start HTTP/1.1" 200 3415 "http://wangshuaishuai.com/" "Mozilla/5.0 (Macintosh; Intel Mac OS X 10_14_2) AppleWebKit/537.36 (KHTML, like Gecko) Chrome/74.0.3729.169 Safari/537.36"
::ffff:111.204.220.60 - - [29/May/2019:07:11:53 +0000] "GET /handlebars HTTP/1.1" 200 12 "http://wangshuaishuai.com/start" "Mozilla/5.0 (Macintosh; Intel Mac OS X 10_14_2) AppleWebKit/537.36 (KHTML, like Gecko) Chrome/74.0.3729.169 Safari/537.36"
::ffff:111.204.220.60 - - [29/May/2019:07:11:53 +0000] "GET /weather HTTP/1.1" 304 - "http://wangshuaishuai.com/start" "Mozilla/5.0 (Macintosh; Intel Mac OS X 10_14_2) AppleWebKit/537.36 (KHTML, like Gecko) Chrome/74.0.3729.169 Safari/537.36"
::ffff:120.211.63.48 - - [29/May/2019:07:11:53 +0000] "GET /about HTTP/1.1" 200 2538 "http://wangshuaishuai.com/" "Mozilla/5.0 (Windows NT 10.0; Win64; x64) AppleWebKit/537.36 (KHTML, like Gecko) Chrome/64.0.3282.140 Safari/537.36 Edge/17.17134"
::ffff:120.211.63.48 - - [29/May/2019:07:11:54 +0000] "GET /weather HTTP/1.1" 304 - "http://wangshuaishuai.com/about" "Mozilla/5.0 (Windows NT 10.0; Win64; x64) AppleWebKit/537.36 (KHTML, like Gecko) Chrome/64.0.3282.140 Safari/537.36 Edge/17.17134"
::ffff:120.211.63.48 - - [29/May/2019:07:11:54 +0000] "GET /handlebars HTTP/1.1" 200 12 "http://wangshuaishuai.com/about" "Mozilla/5.0 (Windows NT 10.0; Win64; x64) AppleWebKit/537.36 (KHTML, like Gecko) Chrome/64.0.3282.140 Safari/537.36 Edge/17.17134"
::ffff:123.151.76.158 - - [29/May/2019:07:11:54 +0000] "GET /echarts HTTP/1.1" 200 9342 "http://wangshuaishuai.com/" "Mozilla/5.0 (Linux; Android 8.0.0; PRA-AL00 Build/HONORPRA-AL00; wv) AppleWebKit/537.36 (KHTML, like Gecko) Version/4.0 Chrome/66.0.3359.126 MQQBrowser/6.2 TBS/044704 Mobile Safari/537.36 V1_AND_SQ_7.1.0_0_TIM_D TIM/2.3.1.1834 QQ/6.5.5  NetType/WIFI WebP/0.3.0 Pixel/1080"
::ffff:120.211.63.48 - - [29/May/2019:07:11:54 +0000] "GET /handlebars HTTP/1.1" 200 12 "http://wangshuaishuai.com/" "Mozilla/5.0 (Windows NT 10.0; Win64; x64) AppleWebKit/537.36 (KHTML, like Gecko) Chrome/70.0.3538.77 Safari/537.36"
::ffff:120.211.63.48 - - [29/May/2019:07:11:54 +0000] "GET /weather HTTP/1.1" 200 53 "http://wangshuaishuai.com/" "Mozilla/5.0 (Windows NT 10.0; Win64; x64) AppleWebKit/537.36 (KHTML, like Gecko) Chrome/70.0.3538.77 Safari/537.36"
::ffff:120.211.63.52 - - [29/May/2019:07:11:54 +0000] "GET /echarts HTTP/1.1" 200 11856 "http://wangshuaishuai.com/" "Mozilla/5.0 (Windows NT 10.0; Win64; x64) AppleWebKit/537.36 (KHTML, like Gecko) Chrome/72.0.3626.121 Safari/537.36"
::ffff:211.82.244.6 - - [29/May/2019:07:11:55 +0000] "GET /?tdsourcetag=s_pctim_aiomsg HTTP/1.1" 200 2523 "-" "Mozilla/5.0 (Windows NT 10.0; WOW64) AppleWebKit/537.36 (KHTML, like Gecko) Chrome/74.0.3729.131 Safari/537.36"
::ffff:211.82.244.6 - - [29/May/2019:07:11:57 +0000] "GET /weather HTTP/1.1" 200 53 "http://wangshuaishuai.com/?tdsourcetag=s_pctim_aiomsg" "Mozilla/5.0 (Windows NT 10.0; WOW64) AppleWebKit/537.36 (KHTML, like Gecko) Chrome/74.0.3729.131 Safari/537.36"
::ffff:211.82.244.6 - - [29/May/2019:07:11:57 +0000] "GET /handlebars HTTP/1.1" 200 12 "http://wangshuaishuai.com/?tdsourcetag=s_pctim_aiomsg" "Mozilla/5.0 (Windows NT 10.0; WOW64) AppleWebKit/537.36 (KHTML, like Gecko) Chrome/74.0.3729.131 Safari/537.36"
::ffff:221.192.179.59 - - [29/May/2019:07:11:59 +0000] "GET / HTTP/1.1" 200 2523 "-" "Mozilla/5.0 (iPhone; CPU iPhone OS 12_3_1 like Mac OS X) AppleWebKit/605.1.15 (KHTML, like Gecko) Mobile/15E148 QQ/8.0.5.486 V1_IPH_SQ_8.0.5_1_APP_A Pixel/828 Core/UIWebView Device/Apple(iPhone XR) NetType/4G QBWebViewType/1"
::ffff:120.211.63.52 - - [29/May/2019:07:12:04 +0000] "GET / HTTP/1.1" 200 2523 "http://wangshuaishuai.com/?tdsourcetag=s_pctim_aiomsg" "Mozilla/5.0 (Windows NT 6.3; WOW64) AppleWebKit/537.36 (KHTML, like Gecko) Chrome/55.0.2883.87 Safari/537.36"
::ffff:120.211.63.52 - - [29/May/2019:07:12:04 +0000] "GET /handlebars HTTP/1.1" 200 12 "http://wangshuaishuai.com/" "Mozilla/5.0 (Windows NT 6.3; WOW64) AppleWebKit/537.36 (KHTML, like Gecko) Chrome/55.0.2883.87 Safari/537.36"
::ffff:120.211.63.52 - - [29/May/2019:07:12:04 +0000] "GET /weather HTTP/1.1" 304 - "http://wangshuaishuai.com/" "Mozilla/5.0 (Windows NT 6.3; WOW64) AppleWebKit/537.36 (KHTML, like Gecko) Chrome/55.0.2883.87 Safari/537.36"
::ffff:221.192.179.59 - - [29/May/2019:07:12:07 +0000] "GET /handlebars HTTP/1.1" 200 12 "http://wangshuaishuai.com/" "Mozilla/5.0 (iPhone; CPU iPhone OS 12_3_1 like Mac OS X) AppleWebKit/605.1.15 (KHTML, like Gecko) Mobile/15E148 QQ/8.0.5.486 V1_IPH_SQ_8.0.5_1_APP_A Pixel/828 Core/UIWebView Device/Apple(iPhone XR) NetType/4G QBWebViewType/1"
::ffff:221.192.179.59 - - [29/May/2019:07:12:07 +0000] "GET /weather HTTP/1.1" 200 53 "http://wangshuaishuai.com/" "Mozilla/5.0 (iPhone; CPU iPhone OS 12_3_1 like Mac OS X) AppleWebKit/605.1.15 (KHTML, like Gecko) Mobile/15E148 QQ/8.0.5.486 V1_IPH_SQ_8.0.5_1_APP_A Pixel/828 Core/UIWebView Device/Apple(iPhone XR) NetType/4G QBWebViewType/1"
::ffff:120.211.63.50 - - [29/May/2019:07:12:07 +0000] "GET / HTTP/1.1" 304 - "-" "Mozilla/5.0 (Windows NT 10.0; Win64; x64) AppleWebKit/537.36 (KHTML, like Gecko) Chrome/64.0.3282.140 Safari/537.36 Edge/17.17134"
::ffff:117.136.2.35 - - [29/May/2019:07:12:07 +0000] "GET /handlebars HTTP/1.1" 200 12 "http://wangshuaishuai.com/" "Mozilla/5.0 (Linux; Android 8.1.0; SM-G8870 Build/M1AJQ; wv) AppleWebKit/537.36 (KHTML, like Gecko) Version/4.0 Chrome/66.0.3359.126 MQQBrowser/6.2 TBS/044704 Mobile Safari/537.36 V1_AND_SQ_7.9.9_1010_YYB_D QQ/7.9.9.3965 NetType/4G WebP/0.3.0 Pixel/1080 StatusBarHeight/135"
::ffff:123.151.76.158 - - [29/May/2019:07:12:07 +0000] "GET / HTTP/1.1" 304 - "-" "Mozilla/5.0 (Linux; Android 8.0.0; PRA-AL00 Build/HONORPRA-AL00; wv) AppleWebKit/537.36 (KHTML, like Gecko) Version/4.0 Chrome/66.0.3359.126 MQQBrowser/6.2 TBS/044704 Mobile Safari/537.36 V1_AND_SQ_7.1.0_0_TIM_D TIM/2.3.1.1834 QQ/6.5.5  NetType/WIFI WebP/0.3.0 Pixel/1080"
::ffff:117.136.2.35 - - [29/May/2019:07:12:07 +0000] "GET /weather HTTP/1.1" 200 53 "http://wangshuaishuai.com/" "Mozilla/5.0 (Linux; Android 8.1.0; SM-G8870 Build/M1AJQ; wv) AppleWebKit/537.36 (KHTML, like Gecko) Version/4.0 Chrome/66.0.3359.126 MQQBrowser/6.2 TBS/044704 Mobile Safari/537.36 V1_AND_SQ_7.9.9_1010_YYB_D QQ/7.9.9.3965 NetType/4G WebP/0.3.0 Pixel/1080 StatusBarHeight/135"
::ffff:120.211.63.50 - - [29/May/2019:07:12:07 +0000] "GET /handlebars HTTP/1.1" 200 12 "http://wangshuaishuai.com/" "Mozilla/5.0 (Windows NT 10.0; Win64; x64) AppleWebKit/537.36 (KHTML, like Gecko) Chrome/64.0.3282.140 Safari/537.36 Edge/17.17134"
::ffff:120.211.63.50 - - [29/May/2019:07:12:07 +0000] "GET /weather HTTP/1.1" 304 - "http://wangshuaishuai.com/" "Mozilla/5.0 (Windows NT 10.0; Win64; x64) AppleWebKit/537.36 (KHTML, like Gecko) Chrome/64.0.3282.140 Safari/537.36 Edge/17.17134"
::ffff:123.151.76.158 - - [29/May/2019:07:12:08 +0000] "GET /handlebars HTTP/1.1" 200 12 "http://wangshuaishuai.com/" "Mozilla/5.0 (Linux; Android 8.0.0; PRA-AL00 Build/HONORPRA-AL00; wv) AppleWebKit/537.36 (KHTML, like Gecko) Version/4.0 Chrome/66.0.3359.126 MQQBrowser/6.2 TBS/044704 Mobile Safari/537.36 V1_AND_SQ_7.1.0_0_TIM_D TIM/2.3.1.1834 QQ/6.5.5  NetType/WIFI WebP/0.3.0 Pixel/1080"
::ffff:123.151.76.158 - - [29/May/2019:07:12:08 +0000] "GET /weather HTTP/1.1" 304 - "http://wangshuaishuai.com/" "Mozilla/5.0 (Linux; Android 8.0.0; PRA-AL00 Build/HONORPRA-AL00; wv) AppleWebKit/537.36 (KHTML, like Gecko) Version/4.0 Chrome/66.0.3359.126 MQQBrowser/6.2 TBS/044704 Mobile Safari/537.36 V1_AND_SQ_7.1.0_0_TIM_D TIM/2.3.1.1834 QQ/6.5.5  NetType/WIFI WebP/0.3.0 Pixel/1080"
::ffff:120.211.63.48 - - [29/May/2019:07:12:08 +0000] "GET / HTTP/1.1" 304 - "http://wangshuaishuai.com/about" "Mozilla/5.0 (Windows NT 10.0; Win64; x64) AppleWebKit/537.36 (KHTML, like Gecko) Chrome/64.0.3282.140 Safari/537.36 Edge/17.17134"
::ffff:221.192.179.59 - - [29/May/2019:07:12:09 +0000] "GET /about HTTP/1.1" 200 2538 "http://wangshuaishuai.com/" "Mozilla/5.0 (iPhone; CPU iPhone OS 12_3_1 like Mac OS X) AppleWebKit/605.1.15 (KHTML, like Gecko) Mobile/15E148 QQ/8.0.5.486 V1_IPH_SQ_8.0.5_1_APP_A Pixel/828 Core/UIWebView Device/Apple(iPhone XR) NetType/4G QBWebViewType/1"
::ffff:120.211.63.48 - - [29/May/2019:07:12:09 +0000] "GET /start HTTP/1.1" 200 3415 "http://wangshuaishuai.com/?tdsourcetag=s_pcqq_aiomsg" "Mozilla/5.0 (Windows NT 10.0; Win64; x64) AppleWebKit/537.36 (KHTML, like Gecko) Chrome/72.0.3626.121 Safari/537.36"
::ffff:120.211.63.48 - - [29/May/2019:07:12:09 +0000] "GET /handlebars HTTP/1.1" 200 12 "http://wangshuaishuai.com/start" "Mozilla/5.0 (Windows NT 10.0; Win64; x64) AppleWebKit/537.36 (KHTML, like Gecko) Chrome/72.0.3626.121 Safari/537.36"
::ffff:120.211.63.48 - - [29/May/2019:07:12:09 +0000] "GET /weather HTTP/1.1" 304 - "http://wangshuaishuai.com/start" "Mozilla/5.0 (Windows NT 10.0; Win64; x64) AppleWebKit/537.36 (KHTML, like Gecko) Chrome/72.0.3626.121 Safari/537.36"
::ffff:120.211.63.48 - - [29/May/2019:07:12:09 +0000] "GET /handlebars HTTP/1.1" 200 12 "http://wangshuaishuai.com/" "Mozilla/5.0 (Windows NT 10.0; Win64; x64) AppleWebKit/537.36 (KHTML, like Gecko) Chrome/64.0.3282.140 Safari/537.36 Edge/17.17134"
::ffff:120.211.63.48 - - [29/May/2019:07:12:09 +0000] "GET /weather HTTP/1.1" 304 - "http://wangshuaishuai.com/" "Mozilla/5.0 (Windows NT 10.0; Win64; x64) AppleWebKit/537.36 (KHTML, like Gecko) Chrome/64.0.3282.140 Safari/537.36 Edge/17.17134"
::ffff:221.192.179.59 - - [29/May/2019:07:12:10 +0000] "GET /handlebars HTTP/1.1" 200 12 "http://wangshuaishuai.com/about" "Mozilla/5.0 (iPhone; CPU iPhone OS 12_3_1 like Mac OS X) AppleWebKit/605.1.15 (KHTML, like Gecko) Mobile/15E148 QQ/8.0.5.486 V1_IPH_SQ_8.0.5_1_APP_A Pixel/828 Core/UIWebView Device/Apple(iPhone XR) NetType/4G QBWebViewType/1"
::ffff:123.151.76.158 - - [29/May/2019:07:12:10 +0000] "GET /comments/form HTTP/1.1" 200 2862 "http://wangshuaishuai.com/" "Mozilla/5.0 (Linux; Android 8.0.0; PRA-AL00 Build/HONORPRA-AL00; wv) AppleWebKit/537.36 (KHTML, like Gecko) Version/4.0 Chrome/66.0.3359.126 MQQBrowser/6.2 TBS/044704 Mobile Safari/537.36 V1_AND_SQ_7.1.0_0_TIM_D TIM/2.3.1.1834 QQ/6.5.5  NetType/WIFI WebP/0.3.0 Pixel/1080"
::ffff:120.211.63.52 - - [29/May/2019:07:12:10 +0000] "GET /comments/form HTTP/1.1" 200 2862 "http://wangshuaishuai.com/" "Mozilla/5.0 (Windows NT 10.0; Win64; x64) AppleWebKit/537.36 (KHTML, like Gecko) Chrome/72.0.3626.121 Safari/537.36"
::ffff:120.211.63.52 - - [29/May/2019:07:12:10 +0000] "GET /handlebars HTTP/1.1" 200 12 "http://wangshuaishuai.com/comments/form" "Mozilla/5.0 (Windows NT 10.0; Win64; x64) AppleWebKit/537.36 (KHTML, like Gecko) Chrome/72.0.3626.121 Safari/537.36"
::ffff:120.211.63.52 - - [29/May/2019:07:12:10 +0000] "GET /weather HTTP/1.1" 304 - "http://wangshuaishuai.com/comments/form" "Mozilla/5.0 (Windows NT 10.0; Win64; x64) AppleWebKit/537.36 (KHTML, like Gecko) Chrome/72.0.3626.121 Safari/537.36"
::ffff:221.192.179.59 - - [29/May/2019:07:12:10 +0000] "GET /weather HTTP/1.1" 304 - "http://wangshuaishuai.com/about" "Mozilla/5.0 (iPhone; CPU iPhone OS 12_3_1 like Mac OS X) AppleWebKit/605.1.15 (KHTML, like Gecko) Mobile/15E148 QQ/8.0.5.486 V1_IPH_SQ_8.0.5_1_APP_A Pixel/828 Core/UIWebView Device/Apple(iPhone XR) NetType/4G QBWebViewType/1"
::ffff:211.82.244.6 - - [29/May/2019:07:12:11 +0000] "GET / HTTP/1.1" 200 2523 "http://wangshuaishuai.com/?tdsourcetag=s_pctim_aiomsg" "Mozilla/5.0 (Windows NT 10.0; WOW64) AppleWebKit/537.36 (KHTML, like Gecko) Chrome/74.0.3729.131 Safari/537.36"
::ffff:123.151.76.158 - - [29/May/2019:07:12:11 +0000] "GET /handlebars HTTP/1.1" 200 12 "http://wangshuaishuai.com/comments/form" "Mozilla/5.0 (Linux; Android 8.0.0; PRA-AL00 Build/HONORPRA-AL00; wv) AppleWebKit/537.36 (KHTML, like Gecko) Version/4.0 Chrome/66.0.3359.126 MQQBrowser/6.2 TBS/044704 Mobile Safari/537.36 V1_AND_SQ_7.1.0_0_TIM_D TIM/2.3.1.1834 QQ/6.5.5  NetType/WIFI WebP/0.3.0 Pixel/1080"
::ffff:123.151.76.158 - - [29/May/2019:07:12:11 +0000] "GET /weather HTTP/1.1" 304 - "http://wangshuaishuai.com/comments/form" "Mozilla/5.0 (Linux; Android 8.0.0; PRA-AL00 Build/HONORPRA-AL00; wv) AppleWebKit/537.36 (KHTML, like Gecko) Version/4.0 Chrome/66.0.3359.126 MQQBrowser/6.2 TBS/044704 Mobile Safari/537.36 V1_AND_SQ_7.1.0_0_TIM_D TIM/2.3.1.1834 QQ/6.5.5  NetType/WIFI WebP/0.3.0 Pixel/1080"
::ffff:211.82.244.6 - - [29/May/2019:07:12:11 +0000] "GET /handlebars HTTP/1.1" 200 12 "http://wangshuaishuai.com/" "Mozilla/5.0 (Windows NT 10.0; WOW64) AppleWebKit/537.36 (KHTML, like Gecko) Chrome/74.0.3729.131 Safari/537.36"
::ffff:211.82.244.6 - - [29/May/2019:07:12:11 +0000] "GET /weather HTTP/1.1" 304 - "http://wangshuaishuai.com/" "Mozilla/5.0 (Windows NT 10.0; WOW64) AppleWebKit/537.36 (KHTML, like Gecko) Chrome/74.0.3729.131 Safari/537.36"
::ffff:120.211.63.48 - - [29/May/2019:07:12:11 +0000] "GET /start HTTP/1.1" 200 3401 "http://wangshuaishuai.com/" "Mozilla/5.0 (Windows NT 10.0; Win64; x64) AppleWebKit/537.36 (KHTML, like Gecko) Chrome/64.0.3282.140 Safari/537.36 Edge/17.17134"
::ffff:120.211.63.48 - - [29/May/2019:07:12:11 +0000] "GET /handlebars HTTP/1.1" 200 12 "http://wangshuaishuai.com/start" "Mozilla/5.0 (Windows NT 10.0; Win64; x64) AppleWebKit/537.36 (KHTML, like Gecko) Chrome/64.0.3282.140 Safari/537.36 Edge/17.17134"
::ffff:120.211.63.48 - - [29/May/2019:07:12:11 +0000] "GET /weather HTTP/1.1" 304 - "http://wangshuaishuai.com/start" "Mozilla/5.0 (Windows NT 10.0; Win64; x64) AppleWebKit/537.36 (KHTML, like Gecko) Chrome/64.0.3282.140 Safari/537.36 Edge/17.17134"
::ffff:120.211.63.52 - - [29/May/2019:07:12:12 +0000] "GET /echarts HTTP/1.1" 200 13510 "http://wangshuaishuai.com/" "Mozilla/5.0 (Windows NT 6.3; WOW64) AppleWebKit/537.36 (KHTML, like Gecko) Chrome/55.0.2883.87 Safari/537.36"
::ffff:117.136.2.35 - - [29/May/2019:07:12:13 +0000] "GET /start HTTP/1.1" 200 3401 "http://wangshuaishuai.com/" "Mozilla/5.0 (Linux; Android 8.1.0; SM-G8870 Build/M1AJQ; wv) AppleWebKit/537.36 (KHTML, like Gecko) Version/4.0 Chrome/66.0.3359.126 MQQBrowser/6.2 TBS/044704 Mobile Safari/537.36 V1_AND_SQ_7.9.9_1010_YYB_D QQ/7.9.9.3965 NetType/4G WebP/0.3.0 Pixel/1080 StatusBarHeight/135"
::ffff:117.136.2.35 - - [29/May/2019:07:12:13 +0000] "GET /handlebars HTTP/1.1" 200 12 "http://wangshuaishuai.com/start" "Mozilla/5.0 (Linux; Android 8.1.0; SM-G8870 Build/M1AJQ; wv) AppleWebKit/537.36 (KHTML, like Gecko) Version/4.0 Chrome/66.0.3359.126 MQQBrowser/6.2 TBS/044704 Mobile Safari/537.36 V1_AND_SQ_7.9.9_1010_YYB_D QQ/7.9.9.3965 NetType/4G WebP/0.3.0 Pixel/1080 StatusBarHeight/135"
::ffff:117.136.2.35 - - [29/May/2019:07:12:13 +0000] "GET /weather HTTP/1.1" 304 - "http://wangshuaishuai.com/start" "Mozilla/5.0 (Linux; Android 8.1.0; SM-G8870 Build/M1AJQ; wv) AppleWebKit/537.36 (KHTML, like Gecko) Version/4.0 Chrome/66.0.3359.126 MQQBrowser/6.2 TBS/044704 Mobile Safari/537.36 V1_AND_SQ_7.9.9_1010_YYB_D QQ/7.9.9.3965 NetType/4G WebP/0.3.0 Pixel/1080 StatusBarHeight/135"
::ffff:211.82.244.6 - - [29/May/2019:07:12:14 +0000] "GET /about HTTP/1.1" 200 2538 "http://wangshuaishuai.com/" "Mozilla/5.0 (Windows NT 10.0; WOW64) AppleWebKit/537.36 (KHTML, like Gecko) Chrome/74.0.3729.131 Safari/537.36"
