::ffff:120.211.63.50 - - [29/May/2019:06:46:16 +0000] "GET /weather HTTP/1.1" 200 53 "http://wangshuaishuai.com/" "Mozilla/5.0 (Windows NT 10.0; WOW64) AppleWebKit/537.36 (KHTML, like Gecko) Chrome/61.0.3163.100 Safari/537.36"
::ffff:120.211.63.50 - - [29/May/2019:06:46:20 +0000] "GET /about HTTP/1.1" 200 2538 "http://wangshuaishuai.com/" "Mozilla/5.0 (Windows NT 10.0; WOW64) AppleWebKit/537.36 (KHTML, like Gecko) Chrome/61.0.3163.100 Safari/537.36"
::ffff:120.211.63.50 - - [29/May/2019:06:46:20 +0000] "GET /weather HTTP/1.1" 304 - "http://wangshuaishuai.com/about" "Mozilla/5.0 (Windows NT 10.0; WOW64) AppleWebKit/537.36 (KHTML, like Gecko) Chrome/61.0.3163.100 Safari/537.36"
::ffff:120.211.63.50 - - [29/May/2019:06:46:21 +0000] "GET /handlebars HTTP/1.1" 200 12 "http://wangshuaishuai.com/about" "Mozilla/5.0 (Windows NT 10.0; WOW64) AppleWebKit/537.36 (KHTML, like Gecko) Chrome/61.0.3163.100 Safari/537.36"
::ffff:183.192.164.85 - - [29/May/2019:06:47:00 +0000] "GET / HTTP/1.1" 200 2523 "-" "Mozilla/5.0 (Windows NT 6.1; WOW64; rv:50.0) Gecko/20100101 Firefox/50.0"
::ffff:120.211.63.54 - - [29/May/2019:06:47:02 +0000] "GET /?tdsourcetag=s_pctim_aiomsg HTTP/1.1" 200 2523 "-" "Mozilla/5.0 (Windows NT 10.0; Win64; x64) AppleWebKit/537.36 (KHTML, like Gecko) Chrome/74.0.3729.169 Safari/537.36"
::ffff:120.211.63.54 - - [29/May/2019:06:47:03 +0000] "GET /handlebars HTTP/1.1" 200 12 "http://wangshuaishuai.com/?tdsourcetag=s_pctim_aiomsg" "Mozilla/5.0 (Windows NT 10.0; Win64; x64) AppleWebKit/537.36 (KHTML, like Gecko) Chrome/74.0.3729.169 Safari/537.36"
::ffff:120.211.63.54 - - [29/May/2019:06:47:04 +0000] "GET /weather HTTP/1.1" 304 - "http://wangshuaishuai.com/?tdsourcetag=s_pctim_aiomsg" "Mozilla/5.0 (Windows NT 10.0; Win64; x64) AppleWebKit/537.36 (KHTML, like Gecko) Chrome/74.0.3729.169 Safari/537.36"
::ffff:183.192.164.214 - - [29/May/2019:06:47:19 +0000] "GET /handlebars HTTP/1.1" 200 12 "http://wangshuaishuai.com/" "Mozilla/5.0 (Windows NT 6.1; WOW64) AppleWebKit/537.36 (KHTML, like Gecko) Chrome/56.0.2924.87 Safari/537.36"
::ffff:120.204.17.73 - - [29/May/2019:06:47:20 +0000] "GET /about HTTP/1.1" 200 2538 "http://wangshuaishuai.com/" "Mozilla/5.0 (Windows NT 6.1; WOW64; rv:50.0) Gecko/20100101 Firefox/50.0"
::ffff:120.211.63.50 - - [29/May/2019:06:47:31 +0000] "GET /start HTTP/1.1" 200 3418 "http://wangshuaishuai.com/" "Mozilla/5.0 (Windows NT 10.0; WOW64) AppleWebKit/537.36 (KHTML, like Gecko) Chrome/61.0.3163.100 Safari/537.36"
::ffff:120.211.63.50 - - [29/May/2019:06:47:32 +0000] "GET /handlebars HTTP/1.1" 200 12 "http://wangshuaishuai.com/start" "Mozilla/5.0 (Windows NT 10.0; WOW64) AppleWebKit/537.36 (KHTML, like Gecko) Chrome/61.0.3163.100 Safari/537.36"
::ffff:120.211.63.50 - - [29/May/2019:06:47:32 +0000] "GET /weather HTTP/1.1" 304 - "http://wangshuaishuai.com/start" "Mozilla/5.0 (Windows NT 10.0; WOW64) AppleWebKit/537.36 (KHTML, like Gecko) Chrome/61.0.3163.100 Safari/537.36"
::ffff:120.211.63.54 - - [29/May/2019:06:47:55 +0000] "GET /process HTTP/1.1" 304 - "http://wangshuaishuai.com/thank-you" "Mozilla/5.0 (Windows NT 10.0; Win64; x64) AppleWebKit/537.36 (KHTML, like Gecko) Chrome/73.0.3683.86 Safari/537.36"
::ffff:120.211.63.54 - - [29/May/2019:06:47:56 +0000] "GET /weather HTTP/1.1" 304 - "http://wangshuaishuai.com/process" "Mozilla/5.0 (Windows NT 10.0; Win64; x64) AppleWebKit/537.36 (KHTML, like Gecko) Chrome/73.0.3683.86 Safari/537.36"
::ffff:120.211.63.54 - - [29/May/2019:06:47:56 +0000] "GET /handlebars HTTP/1.1" 200 12 "http://wangshuaishuai.com/process" "Mozilla/5.0 (Windows NT 10.0; Win64; x64) AppleWebKit/537.36 (KHTML, like Gecko) Chrome/73.0.3683.86 Safari/537.36"
::ffff:120.211.63.50 - - [29/May/2019:06:48:25 +0000] "GET /start HTTP/1.1" 304 - "http://wangshuaishuai.com/" "Mozilla/5.0 (Windows NT 10.0; WOW64) AppleWebKit/537.36 (KHTML, like Gecko) Chrome/61.0.3163.100 Safari/537.36"
::ffff:120.211.63.50 - - [29/May/2019:06:48:25 +0000] "GET /handlebars HTTP/1.1" 200 12 "http://wangshuaishuai.com/start" "Mozilla/5.0 (Windows NT 10.0; WOW64) AppleWebKit/537.36 (KHTML, like Gecko) Chrome/61.0.3163.100 Safari/537.36"
::ffff:120.211.63.50 - - [29/May/2019:06:48:25 +0000] "GET /weather HTTP/1.1" 304 - "http://wangshuaishuai.com/start" "Mozilla/5.0 (Windows NT 10.0; WOW64) AppleWebKit/537.36 (KHTML, like Gecko) Chrome/61.0.3163.100 Safari/537.36"
::ffff:120.204.17.71 - - [29/May/2019:06:48:32 +0000] "GET /start HTTP/1.1" 200 3415 "http://wangshuaishuai.com/" "Mozilla/5.0 (Windows NT 6.1; WOW64; rv:50.0) Gecko/20100101 Firefox/50.0"
::ffff:120.211.63.50 - - [29/May/2019:06:49:16 +0000] "GET /thank-you HTTP/1.1" 200 2504 "http://wangshuaishuai.com/start" "Mozilla/5.0 (Windows NT 10.0; WOW64) AppleWebKit/537.36 (KHTML, like Gecko) Chrome/61.0.3163.100 Safari/537.36"
::ffff:120.211.63.50 - - [29/May/2019:06:49:16 +0000] "GET /weather HTTP/1.1" 304 - "http://wangshuaishuai.com/thank-you" "Mozilla/5.0 (Windows NT 10.0; WOW64) AppleWebKit/537.36 (KHTML, like Gecko) Chrome/61.0.3163.100 Safari/537.36"
::ffff:120.211.63.50 - - [29/May/2019:06:49:16 +0000] "GET /handlebars HTTP/1.1" 200 12 "http://wangshuaishuai.com/thank-you" "Mozilla/5.0 (Windows NT 10.0; WOW64) AppleWebKit/537.36 (KHTML, like Gecko) Chrome/61.0.3163.100 Safari/537.36"
::ffff:120.211.63.50 - - [29/May/2019:06:49:27 +0000] "GET /process HTTP/1.1" 200 46691 "http://wangshuaishuai.com/thank-you" "Mozilla/5.0 (Windows NT 10.0; WOW64) AppleWebKit/537.36 (KHTML, like Gecko) Chrome/61.0.3163.100 Safari/537.36"
::ffff:120.211.63.50 - - [29/May/2019:06:49:29 +0000] "GET / HTTP/1.1" 304 - "http://wangshuaishuai.com/process" "Mozilla/5.0 (Windows NT 10.0; WOW64) AppleWebKit/537.36 (KHTML, like Gecko) Chrome/61.0.3163.100 Safari/537.36"
::ffff:120.211.63.50 - - [29/May/2019:06:49:29 +0000] "GET /handlebars HTTP/1.1" 200 12 "http://wangshuaishuai.com/" "Mozilla/5.0 (Windows NT 10.0; WOW64) AppleWebKit/537.36 (KHTML, like Gecko) Chrome/61.0.3163.100 Safari/537.36"
::ffff:120.211.63.50 - - [29/May/2019:06:49:29 +0000] "GET /weather HTTP/1.1" 304 - "http://wangshuaishuai.com/" "Mozilla/5.0 (Windows NT 10.0; WOW64) AppleWebKit/537.36 (KHTML, like Gecko) Chrome/61.0.3163.100 Safari/537.36"
::ffff:120.211.63.50 - - [29/May/2019:06:49:31 +0000] "GET /echarts HTTP/1.1" 200 17114 "http://wangshuaishuai.com/" "Mozilla/5.0 (Windows NT 10.0; WOW64) AppleWebKit/537.36 (KHTML, like Gecko) Chrome/61.0.3163.100 Safari/537.36"
::ffff:120.211.63.54 - - [29/May/2019:06:49:52 +0000] "GET /process HTTP/1.1" 304 - "http://wangshuaishuai.com/thank-you" "Mozilla/5.0 (Windows NT 10.0; Win64; x64) AppleWebKit/537.36 (KHTML, like Gecko) Chrome/74.0.3729.169 Safari/537.36"
::ffff:120.211.63.54 - - [29/May/2019:06:49:53 +0000] "GET /weather HTTP/1.1" 304 - "http://wangshuaishuai.com/process" "Mozilla/5.0 (Windows NT 10.0; Win64; x64) AppleWebKit/537.36 (KHTML, like Gecko) Chrome/74.0.3729.169 Safari/537.36"
::ffff:120.211.63.54 - - [29/May/2019:06:49:53 +0000] "GET /handlebars HTTP/1.1" 200 12 "http://wangshuaishuai.com/process" "Mozilla/5.0 (Windows NT 10.0; Win64; x64) AppleWebKit/537.36 (KHTML, like Gecko) Chrome/74.0.3729.169 Safari/537.36"
::ffff:120.211.63.50 - - [29/May/2019:06:50:00 +0000] "GET /comments/form HTTP/1.1" 200 2862 "http://wangshuaishuai.com/" "Mozilla/5.0 (Windows NT 10.0; WOW64) AppleWebKit/537.36 (KHTML, like Gecko) Chrome/61.0.3163.100 Safari/537.36"
::ffff:120.211.63.50 - - [29/May/2019:06:50:00 +0000] "GET /weather HTTP/1.1" 304 - "http://wangshuaishuai.com/comments/form" "Mozilla/5.0 (Windows NT 10.0; WOW64) AppleWebKit/537.36 (KHTML, like Gecko) Chrome/61.0.3163.100 Safari/537.36"
::ffff:120.211.63.50 - - [29/May/2019:06:50:00 +0000] "GET /handlebars HTTP/1.1" 200 12 "http://wangshuaishuai.com/comments/form" "Mozilla/5.0 (Windows NT 10.0; WOW64) AppleWebKit/537.36 (KHTML, like Gecko) Chrome/61.0.3163.100 Safari/537.36"
::ffff:120.211.63.50 - - [29/May/2019:06:50:07 +0000] "GET / HTTP/1.1" 304 - "http://wangshuaishuai.com/" "Mozilla/5.0 (Windows NT 10.0; WOW64) AppleWebKit/537.36 (KHTML, like Gecko) Chrome/61.0.3163.100 Safari/537.36"
::ffff:120.211.63.50 - - [29/May/2019:06:50:07 +0000] "GET /weather HTTP/1.1" 304 - "http://wangshuaishuai.com/" "Mozilla/5.0 (Windows NT 10.0; WOW64) AppleWebKit/537.36 (KHTML, like Gecko) Chrome/61.0.3163.100 Safari/537.36"
::ffff:120.211.63.50 - - [29/May/2019:06:50:07 +0000] "GET /handlebars HTTP/1.1" 200 12 "http://wangshuaishuai.com/" "Mozilla/5.0 (Windows NT 10.0; WOW64) AppleWebKit/537.36 (KHTML, like Gecko) Chrome/61.0.3163.100 Safari/537.36"
::ffff:120.211.63.50 - - [29/May/2019:06:50:08 +0000] "GET / HTTP/1.1" 304 - "http://wangshuaishuai.com/" "Mozilla/5.0 (Windows NT 10.0; WOW64) AppleWebKit/537.36 (KHTML, like Gecko) Chrome/61.0.3163.100 Safari/537.36"
::ffff:120.211.63.50 - - [29/May/2019:06:50:08 +0000] "GET /weather HTTP/1.1" 304 - "http://wangshuaishuai.com/" "Mozilla/5.0 (Windows NT 10.0; WOW64) AppleWebKit/537.36 (KHTML, like Gecko) Chrome/61.0.3163.100 Safari/537.36"
::ffff:120.211.63.50 - - [29/May/2019:06:50:08 +0000] "GET /handlebars HTTP/1.1" 200 12 "http://wangshuaishuai.com/" "Mozilla/5.0 (Windows NT 10.0; WOW64) AppleWebKit/537.36 (KHTML, like Gecko) Chrome/61.0.3163.100 Safari/537.36"
::ffff:120.211.63.50 - - [29/May/2019:06:50:09 +0000] "GET / HTTP/1.1" 304 - "http://wangshuaishuai.com/" "Mozilla/5.0 (Windows NT 10.0; WOW64) AppleWebKit/537.36 (KHTML, like Gecko) Chrome/61.0.3163.100 Safari/537.36"
::ffff:120.211.63.50 - - [29/May/2019:06:50:09 +0000] "GET /weather HTTP/1.1" 304 - "http://wangshuaishuai.com/" "Mozilla/5.0 (Windows NT 10.0; WOW64) AppleWebKit/537.36 (KHTML, like Gecko) Chrome/61.0.3163.100 Safari/537.36"
::ffff:120.211.63.50 - - [29/May/2019:06:50:09 +0000] "GET /handlebars HTTP/1.1" 200 12 "http://wangshuaishuai.com/" "Mozilla/5.0 (Windows NT 10.0; WOW64) AppleWebKit/537.36 (KHTML, like Gecko) Chrome/61.0.3163.100 Safari/537.36"
::ffff:120.211.63.50 - - [29/May/2019:06:50:12 +0000] "GET /about HTTP/1.1" 304 - "http://wangshuaishuai.com/" "Mozilla/5.0 (Windows NT 10.0; WOW64) AppleWebKit/537.36 (KHTML, like Gecko) Chrome/61.0.3163.100 Safari/537.36"
::ffff:120.211.63.50 - - [29/May/2019:06:50:12 +0000] "GET /weather HTTP/1.1" 304 - "http://wangshuaishuai.com/about" "Mozilla/5.0 (Windows NT 10.0; WOW64) AppleWebKit/537.36 (KHTML, like Gecko) Chrome/61.0.3163.100 Safari/537.36"
::ffff:120.211.63.50 - - [29/May/2019:06:50:12 +0000] "GET /handlebars HTTP/1.1" 200 12 "http://wangshuaishuai.com/about" "Mozilla/5.0 (Windows NT 10.0; WOW64) AppleWebKit/537.36 (KHTML, like Gecko) Chrome/61.0.3163.100 Safari/537.36"
::ffff:183.192.164.71 - - [29/May/2019:06:50:16 +0000] "GET /thank-you HTTP/1.1" 200 2504 "http://wangshuaishuai.com/start" "Mozilla/5.0 (Windows NT 6.1; WOW64) AppleWebKit/537.36 (KHTML, like Gecko) Chrome/56.0.2924.87 Safari/537.36"
::ffff:183.192.164.71 - - [29/May/2019:06:50:31 +0000] "GET /echarts HTTP/1.1" 200 24357 "http://wangshuaishuai.com/" "Mozilla/5.0 (Macintosh; Intel Mac OS X 10_12_4) AppleWebKit/537.36 (KHTML, like Gecko) 			Chrome/55.0.2883.95 Safari/537.36"
::ffff:223.104.13.26 - - [29/May/2019:06:54:36 +0000] "GET / HTTP/1.1" 304 - "http://wangshuaishuai.com/process" "Mozilla/5.0 (Windows NT 10.0; Win64; x64) AppleWebKit/537.36 (KHTML, like Gecko) Chrome/73.0.3683.86 Safari/537.36"
::ffff:223.104.13.26 - - [29/May/2019:06:54:37 +0000] "GET /handlebars HTTP/1.1" 200 12 "http://wangshuaishuai.com/" "Mozilla/5.0 (Windows NT 10.0; Win64; x64) AppleWebKit/537.36 (KHTML, like Gecko) Chrome/73.0.3683.86 Safari/537.36"
::ffff:223.104.13.26 - - [29/May/2019:06:54:37 +0000] "GET /weather HTTP/1.1" 304 - "http://wangshuaishuai.com/" "Mozilla/5.0 (Windows NT 10.0; Win64; x64) AppleWebKit/537.36 (KHTML, like Gecko) Chrome/73.0.3683.86 Safari/537.36"
::ffff:223.104.13.26 - - [29/May/2019:06:54:45 +0000] "GET /process HTTP/1.1" 304 - "-" "Mozilla/5.0 (Windows NT 10.0; Win64; x64) AppleWebKit/537.36 (KHTML, like Gecko) Chrome/73.0.3683.86 Safari/537.36"
::ffff:223.104.13.26 - - [29/May/2019:06:54:46 +0000] "GET /weather HTTP/1.1" 304 - "http://wangshuaishuai.com/process" "Mozilla/5.0 (Windows NT 10.0; Win64; x64) AppleWebKit/537.36 (KHTML, like Gecko) Chrome/73.0.3683.86 Safari/537.36"
::ffff:223.104.13.26 - - [29/May/2019:06:54:46 +0000] "GET /handlebars HTTP/1.1" 200 12 "http://wangshuaishuai.com/process" "Mozilla/5.0 (Windows NT 10.0; Win64; x64) AppleWebKit/537.36 (KHTML, like Gecko) Chrome/73.0.3683.86 Safari/537.36"
::ffff:120.211.63.50 - - [29/May/2019:06:55:39 +0000] "GET / HTTP/1.1" 304 - "http://wangshuaishuai.com/" "Mozilla/5.0 (Windows NT 10.0; WOW64) AppleWebKit/537.36 (KHTML, like Gecko) Chrome/61.0.3163.100 Safari/537.36"
::ffff:120.211.63.50 - - [29/May/2019:06:55:39 +0000] "GET /handlebars HTTP/1.1" 200 12 "http://wangshuaishuai.com/" "Mozilla/5.0 (Windows NT 10.0; WOW64) AppleWebKit/537.36 (KHTML, like Gecko) Chrome/61.0.3163.100 Safari/537.36"
::ffff:120.211.63.50 - - [29/May/2019:06:55:39 +0000] "GET /weather HTTP/1.1" 304 - "http://wangshuaishuai.com/" "Mozilla/5.0 (Windows NT 10.0; WOW64) AppleWebKit/537.36 (KHTML, like Gecko) Chrome/61.0.3163.100 Safari/537.36"
::ffff:120.211.63.50 - - [29/May/2019:06:55:40 +0000] "GET /echarts HTTP/1.1" 200 23882 "http://wangshuaishuai.com/" "Mozilla/5.0 (Windows NT 10.0; WOW64) AppleWebKit/537.36 (KHTML, like Gecko) Chrome/61.0.3163.100 Safari/537.36"
::ffff:120.211.63.50 - - [29/May/2019:06:56:04 +0000] "GET / HTTP/1.1" 304 - "http://wangshuaishuai.com/" "Mozilla/5.0 (Windows NT 10.0; WOW64) AppleWebKit/537.36 (KHTML, like Gecko) Chrome/61.0.3163.100 Safari/537.36"
::ffff:120.211.63.50 - - [29/May/2019:06:56:04 +0000] "GET /weather HTTP/1.1" 304 - "http://wangshuaishuai.com/" "Mozilla/5.0 (Windows NT 10.0; WOW64) AppleWebKit/537.36 (KHTML, like Gecko) Chrome/61.0.3163.100 Safari/537.36"
::ffff:120.211.63.50 - - [29/May/2019:06:56:04 +0000] "GET /handlebars HTTP/1.1" 200 12 "http://wangshuaishuai.com/" "Mozilla/5.0 (Windows NT 10.0; WOW64) AppleWebKit/537.36 (KHTML, like Gecko) Chrome/61.0.3163.100 Safari/537.36"
::ffff:120.211.63.50 - - [29/May/2019:06:57:21 +0000] "GET /comments/form HTTP/1.1" 304 - "http://wangshuaishuai.com/" "Mozilla/5.0 (Windows NT 10.0; WOW64) AppleWebKit/537.36 (KHTML, like Gecko) Chrome/61.0.3163.100 Safari/537.36"
::ffff:120.211.63.50 - - [29/May/2019:06:57:21 +0000] "GET /weather HTTP/1.1" 304 - "http://wangshuaishuai.com/comments/form" "Mozilla/5.0 (Windows NT 10.0; WOW64) AppleWebKit/537.36 (KHTML, like Gecko) Chrome/61.0.3163.100 Safari/537.36"
::ffff:120.211.63.50 - - [29/May/2019:06:57:21 +0000] "GET /handlebars HTTP/1.1" 200 12 "http://wangshuaishuai.com/comments/form" "Mozilla/5.0 (Windows NT 10.0; WOW64) AppleWebKit/537.36 (KHTML, like Gecko) Chrome/61.0.3163.100 Safari/537.36"
::ffff:120.211.63.50 - - [29/May/2019:06:57:23 +0000] "GET /echarts HTTP/1.1" 200 101169 "http://wangshuaishuai.com/" "Mozilla/5.0 (Windows NT 10.0; WOW64) AppleWebKit/537.36 (KHTML, like Gecko) Chrome/61.0.3163.100 Safari/537.36"
::ffff:120.211.63.50 - - [29/May/2019:06:58:09 +0000] "GET /echarts HTTP/1.1" 200 51516 "http://wangshuaishuai.com/" "Mozilla/5.0 (Windows NT 10.0; WOW64) AppleWebKit/537.36 (KHTML, like Gecko) Chrome/61.0.3163.100 Safari/537.36"
::ffff:120.211.63.50 - - [29/May/2019:06:58:40 +0000] "GET /echarts HTTP/1.1" 200 27203 "http://wangshuaishuai.com/" "Mozilla/5.0 (Windows NT 10.0; WOW64) AppleWebKit/537.36 (KHTML, like Gecko) Chrome/61.0.3163.100 Safari/537.36"
::ffff:120.211.63.50 - - [29/May/2019:07:00:29 +0000] "GET /echarts HTTP/1.1" 200 66835 "http://wangshuaishuai.com/" "Mozilla/5.0 (Windows NT 10.0; WOW64) AppleWebKit/537.36 (KHTML, like Gecko) Chrome/61.0.3163.100 Safari/537.36"
::ffff:58.247.212.141 - - [29/May/2019:07:01:03 +0000] "GET / HTTP/1.1" 200 2523 "-" "Mozilla/5.0 (Macintosh; Intel Mac OS X 10_12_4) AppleWebKit/537.36 (KHTML, like Gecko) 			Chrome/55.0.2883.95 Safari/537.36"
::ffff:120.211.63.50 - - [29/May/2019:07:01:04 +0000] "GET /echarts HTTP/1.1" 200 1280173 "http://wangshuaishuai.com/" "Mozilla/5.0 (Windows NT 10.0; WOW64) AppleWebKit/537.36 (KHTML, like Gecko) Chrome/61.0.3163.100 Safari/537.36"
::ffff:120.211.63.50 - - [29/May/2019:07:01:18 +0000] "GET /echarts HTTP/1.1" 200 23882 "http://wangshuaishuai.com/" "Mozilla/5.0 (Windows NT 10.0; WOW64) AppleWebKit/537.36 (KHTML, like Gecko) Chrome/61.0.3163.100 Safari/537.36"
::ffff:120.211.63.50 - - [29/May/2019:07:02:24 +0000] "GET /comments/form HTTP/1.1" 304 - "http://wangshuaishuai.com/" "Mozilla/5.0 (Windows NT 10.0; WOW64) AppleWebKit/537.36 (KHTML, like Gecko) Chrome/61.0.3163.100 Safari/537.36"
::ffff:120.211.63.50 - - [29/May/2019:07:02:24 +0000] "GET /handlebars HTTP/1.1" 200 12 "http://wangshuaishuai.com/comments/form" "Mozilla/5.0 (Windows NT 10.0; WOW64) AppleWebKit/537.36 (KHTML, like Gecko) Chrome/61.0.3163.100 Safari/537.36"
::ffff:120.211.63.50 - - [29/May/2019:07:02:25 +0000] "GET /weather HTTP/1.1" 304 - "http://wangshuaishuai.com/comments/form" "Mozilla/5.0 (Windows NT 10.0; WOW64) AppleWebKit/537.36 (KHTML, like Gecko) Chrome/61.0.3163.100 Safari/537.36"
::ffff:120.211.63.50 - - [29/May/2019:07:02:29 +0000] "GET /about HTTP/1.1" 304 - "http://wangshuaishuai.com/" "Mozilla/5.0 (Windows NT 10.0; WOW64) AppleWebKit/537.36 (KHTML, like Gecko) Chrome/61.0.3163.100 Safari/537.36"
::ffff:120.211.63.50 - - [29/May/2019:07:02:29 +0000] "GET /handlebars HTTP/1.1" 200 12 "http://wangshuaishuai.com/about" "Mozilla/5.0 (Windows NT 10.0; WOW64) AppleWebKit/537.36 (KHTML, like Gecko) Chrome/61.0.3163.100 Safari/537.36"
::ffff:120.211.63.50 - - [29/May/2019:07:02:29 +0000] "GET /weather HTTP/1.1" 304 - "http://wangshuaishuai.com/about" "Mozilla/5.0 (Windows NT 10.0; WOW64) AppleWebKit/537.36 (KHTML, like Gecko) Chrome/61.0.3163.100 Safari/537.36"
::ffff:120.211.63.50 - - [29/May/2019:07:03:19 +0000] "GET /start HTTP/1.1" 200 3401 "http://wangshuaishuai.com/" "Mozilla/5.0 (Windows NT 10.0; WOW64) AppleWebKit/537.36 (KHTML, like Gecko) Chrome/61.0.3163.100 Safari/537.36"
::ffff:120.211.63.50 - - [29/May/2019:07:03:19 +0000] "GET /handlebars HTTP/1.1" 200 12 "http://wangshuaishuai.com/start" "Mozilla/5.0 (Windows NT 10.0; WOW64) AppleWebKit/537.36 (KHTML, like Gecko) Chrome/61.0.3163.100 Safari/537.36"
::ffff:120.211.63.50 - - [29/May/2019:07:03:19 +0000] "GET /weather HTTP/1.1" 304 - "http://wangshuaishuai.com/start" "Mozilla/5.0 (Windows NT 10.0; WOW64) AppleWebKit/537.36 (KHTML, like Gecko) Chrome/61.0.3163.100 Safari/537.36"
::ffff:223.104.13.26 - - [29/May/2019:07:04:29 +0000] "GET / HTTP/1.1" 304 - "http://wangshuaishuai.com/process" "Mozilla/5.0 (Windows NT 10.0; Win64; x64) AppleWebKit/537.36 (KHTML, like Gecko) Chrome/73.0.3683.86 Safari/537.36"
::ffff:223.104.13.26 - - [29/May/2019:07:04:30 +0000] "GET /handlebars HTTP/1.1" 200 12 "http://wangshuaishuai.com/" "Mozilla/5.0 (Windows NT 10.0; Win64; x64) AppleWebKit/537.36 (KHTML, like Gecko) Chrome/73.0.3683.86 Safari/537.36"
::ffff:223.104.13.26 - - [29/May/2019:07:04:30 +0000] "GET /weather HTTP/1.1" 304 - "http://wangshuaishuai.com/" "Mozilla/5.0 (Windows NT 10.0; Win64; x64) AppleWebKit/537.36 (KHTML, like Gecko) Chrome/73.0.3683.86 Safari/537.36"
::ffff:223.104.13.26 - - [29/May/2019:07:04:31 +0000] "GET /start HTTP/1.1" 304 - "http://wangshuaishuai.com/" "Mozilla/5.0 (Windows NT 10.0; Win64; x64) AppleWebKit/537.36 (KHTML, like Gecko) Chrome/73.0.3683.86 Safari/537.36"
::ffff:223.104.13.26 - - [29/May/2019:07:04:31 +0000] "GET /weather HTTP/1.1" 304 - "http://wangshuaishuai.com/start" "Mozilla/5.0 (Windows NT 10.0; Win64; x64) AppleWebKit/537.36 (KHTML, like Gecko) Chrome/73.0.3683.86 Safari/537.36"
::ffff:223.104.13.26 - - [29/May/2019:07:04:31 +0000] "GET /handlebars HTTP/1.1" 200 12 "http://wangshuaishuai.com/start" "Mozilla/5.0 (Windows NT 10.0; Win64; x64) AppleWebKit/537.36 (KHTML, like Gecko) Chrome/73.0.3683.86 Safari/537.36"
::ffff:223.104.13.26 - - [29/May/2019:07:04:58 +0000] "GET /thank-you HTTP/1.1" 304 - "http://wangshuaishuai.com/start" "Mozilla/5.0 (Windows NT 10.0; Win64; x64) AppleWebKit/537.36 (KHTML, like Gecko) Chrome/73.0.3683.86 Safari/537.36"
::ffff:223.104.13.26 - - [29/May/2019:07:04:58 +0000] "GET /handlebars HTTP/1.1" 200 12 "http://wangshuaishuai.com/thank-you" "Mozilla/5.0 (Windows NT 10.0; Win64; x64) AppleWebKit/537.36 (KHTML, like Gecko) Chrome/73.0.3683.86 Safari/537.36"
::ffff:223.104.13.26 - - [29/May/2019:07:04:58 +0000] "GET /weather HTTP/1.1" 304 - "http://wangshuaishuai.com/thank-you" "Mozilla/5.0 (Windows NT 10.0; Win64; x64) AppleWebKit/537.36 (KHTML, like Gecko) Chrome/73.0.3683.86 Safari/537.36"
::ffff:223.104.13.26 - - [29/May/2019:07:05:04 +0000] "GET /process HTTP/1.1" 200 46627 "http://wangshuaishuai.com/thank-you" "Mozilla/5.0 (Windows NT 10.0; Win64; x64) AppleWebKit/537.36 (KHTML, like Gecko) Chrome/73.0.3683.86 Safari/537.36"
::ffff:223.104.13.26 - - [29/May/2019:07:05:05 +0000] "GET /handlebars HTTP/1.1" 200 12 "http://wangshuaishuai.com/process" "Mozilla/5.0 (Windows NT 10.0; Win64; x64) AppleWebKit/537.36 (KHTML, like Gecko) Chrome/73.0.3683.86 Safari/537.36"
::ffff:223.104.13.26 - - [29/May/2019:07:05:05 +0000] "GET /weather HTTP/1.1" 304 - "http://wangshuaishuai.com/process" "Mozilla/5.0 (Windows NT 10.0; Win64; x64) AppleWebKit/537.36 (KHTML, like Gecko) Chrome/73.0.3683.86 Safari/537.36"
::ffff:223.104.13.26 - - [29/May/2019:07:05:11 +0000] "GET / HTTP/1.1" 304 - "http://wangshuaishuai.com/process" "Mozilla/5.0 (Windows NT 10.0; Win64; x64) AppleWebKit/537.36 (KHTML, like Gecko) Chrome/73.0.3683.86 Safari/537.36"
::ffff:223.104.13.26 - - [29/May/2019:07:05:11 +0000] "GET /handlebars HTTP/1.1" 200 12 "http://wangshuaishuai.com/" "Mozilla/5.0 (Windows NT 10.0; Win64; x64) AppleWebKit/537.36 (KHTML, like Gecko) Chrome/73.0.3683.86 Safari/537.36"
::ffff:223.104.13.26 - - [29/May/2019:07:05:11 +0000] "GET /weather HTTP/1.1" 304 - "http://wangshuaishuai.com/" "Mozilla/5.0 (Windows NT 10.0; Win64; x64) AppleWebKit/537.36 (KHTML, like Gecko) Chrome/73.0.3683.86 Safari/537.36"
::ffff:120.211.63.45 - - [29/May/2019:07:10:37 +0000] "GET /?tdsourcetag=s_pctim_aiomsg HTTP/1.1" 200 2523 "-" "Mozilla/5.0 (Windows NT 10.0; Win64; x64) AppleWebKit/537.36 (KHTML, like Gecko) Chrome/74.0.3729.169 Safari/537.36"
::ffff:223.104.13.61 - - [29/May/2019:07:10:39 +0000] "GET / HTTP/1.1" 200 2523 "-" "Mozilla/5.0 (Linux; Android 9; MI 8 SE Build/PKQ1.181121.001; wv) AppleWebKit/537.36 (KHTML, like Gecko) Version/4.0 Chrome/66.0.3359.126 MQQBrowser/6.2 TBS/044704 Mobile Safari/537.36 V1_AND_SQ_8.0.0_1024_YYB_D QQ/8.0.0.4000 NetType/4G WebP/0.3.0 Pixel/1080 StatusBarHeight/85"
::ffff:120.211.63.49 - - [29/May/2019:07:10:39 +0000] "GET / HTTP/1.1" 200 2523 "-" "Mozilla/5.0 (Windows NT 10.0; WOW64) AppleWebKit/537.36 (KHTML, like Gecko) Chrome/72.0.3626.119 Safari/537.36"
::ffff:120.211.63.45 - - [29/May/2019:07:10:40 +0000] "GET /handlebars HTTP/1.1" 200 12 "http://wangshuaishuai.com/?tdsourcetag=s_pctim_aiomsg" "Mozilla/5.0 (Windows NT 10.0; Win64; x64) AppleWebKit/537.36 (KHTML, like Gecko) Chrome/74.0.3729.169 Safari/537.36"
::ffff:120.211.63.45 - - [29/May/2019:07:10:40 +0000] "GET /weather HTTP/1.1" 200 53 "http://wangshuaishuai.com/?tdsourcetag=s_pctim_aiomsg" "Mozilla/5.0 (Windows NT 10.0; Win64; x64) AppleWebKit/537.36 (KHTML, like Gecko) Chrome/74.0.3729.169 Safari/537.36"
::ffff:120.211.63.50 - - [29/May/2019:07:10:41 +0000] "GET /?tdsourcetag=s_pcqq_aiomsg HTTP/1.1" 200 2523 "-" "Mozilla/5.0 (Windows NT 10.0; Win64; x64) AppleWebKit/537.36 (KHTML, like Gecko) Chrome/74.0.3729.131 Safari/537.36"
::ffff:123.151.76.158 - - [29/May/2019:07:10:41 +0000] "GET / HTTP/1.1" 200 2523 "-" "Mozilla/5.0 (Linux; Android 7.1.2; vivo X9i Build/N2G47H; wv) AppleWebKit/537.36 (KHTML, like Gecko) Version/4.0 Chrome/66.0.3359.126 MQQBrowser/6.2 TBS/044704 Mobile Safari/537.36 V1_AND_SQ_7.7.0_884_YYB_D QQ/7.7.0.3645 NetType/WIFI WebP/0.3.0 Pixel/1080"
::ffff:120.211.63.49 - - [29/May/2019:07:10:41 +0000] "GET /handlebars HTTP/1.1" 200 12 "http://wangshuaishuai.com/" "Mozilla/5.0 (Windows NT 10.0; WOW64) AppleWebKit/537.36 (KHTML, like Gecko) Chrome/72.0.3626.119 Safari/537.36"
::ffff:120.211.63.49 - - [29/May/2019:07:10:41 +0000] "GET /weather HTTP/1.1" 200 53 "http://wangshuaishuai.com/" "Mozilla/5.0 (Windows NT 10.0; WOW64) AppleWebKit/537.36 (KHTML, like Gecko) Chrome/72.0.3626.119 Safari/537.36"
::ffff:120.211.63.45 - - [29/May/2019:07:10:41 +0000] "GET / HTTP/1.1" 200 2523 "-" "Mozilla/5.0 (Linux; Android 8.0.0; PRA-AL00 Build/HONORPRA-AL00; wv) AppleWebKit/537.36 (KHTML, like Gecko) Version/4.0 Chrome/66.0.3359.126 MQQBrowser/6.2 TBS/044704 Mobile Safari/537.36 V1_AND_SQ_7.1.0_0_TIM_D TIM/2.3.1.1834 QQ/6.5.5  NetType/WIFI WebP/0.3.0 Pixel/1080"
::ffff:120.211.63.50 - - [29/May/2019:07:10:42 +0000] "GET /?tdsourcetag=s_pcqq_aiomsg HTTP/1.1" 200 2523 "-" "Mozilla/5.0 (Windows NT 10.0; Win64; x64) AppleWebKit/537.36 (KHTML, like Gecko) Chrome/73.0.3683.103 Safari/537.36"
::ffff:120.211.63.50 - - [29/May/2019:07:10:42 +0000] "GET /handlebars HTTP/1.1" 200 12 "http://wangshuaishuai.com/?tdsourcetag=s_pcqq_aiomsg" "Mozilla/5.0 (Windows NT 10.0; Win64; x64) AppleWebKit/537.36 (KHTML, like Gecko) Chrome/74.0.3729.131 Safari/537.36"
::ffff:120.211.63.50 - - [29/May/2019:07:10:42 +0000] "GET /weather HTTP/1.1" 200 53 "http://wangshuaishuai.com/?tdsourcetag=s_pcqq_aiomsg" "Mozilla/5.0 (Windows NT 10.0; Win64; x64) AppleWebKit/537.36 (KHTML, like Gecko) Chrome/74.0.3729.131 Safari/537.36"
::ffff:117.136.38.177 - - [29/May/2019:07:10:42 +0000] "GET / HTTP/1.1" 200 2523 "-" "Mozilla/5.0 (Linux; Android 8.1.0; COL-AL10 Build/HUAWEICOL-AL10; wv) AppleWebKit/537.36 (KHTML, like Gecko) Version/4.0 Chrome/66.0.3359.126 MQQBrowser/6.2 TBS/044704 Mobile Safari/537.36 V1_AND_SQ_8.0.0_1024_YYB_D QQ/8.0.0.4000 NetType/4G WebP/0.3.0 Pixel/1080 StatusBarHeight/90"
::ffff:120.211.63.45 - - [29/May/2019:07:10:43 +0000] "GET /about HTTP/1.1" 200 2538 "http://wangshuaishuai.com/?tdsourcetag=s_pctim_aiomsg" "Mozilla/5.0 (Windows NT 10.0; Win64; x64) AppleWebKit/537.36 (KHTML, like Gecko) Chrome/74.0.3729.169 Safari/537.36"
::ffff:120.211.63.45 - - [29/May/2019:07:10:43 +0000] "GET /weather HTTP/1.1" 304 - "http://wangshuaishuai.com/about" "Mozilla/5.0 (Windows NT 10.0; Win64; x64) AppleWebKit/537.36 (KHTML, like Gecko) Chrome/74.0.3729.169 Safari/537.36"
::ffff:120.211.63.45 - - [29/May/2019:07:10:43 +0000] "GET /handlebars HTTP/1.1" 200 12 "http://wangshuaishuai.com/about" "Mozilla/5.0 (Windows NT 10.0; Win64; x64) AppleWebKit/537.36 (KHTML, like Gecko) Chrome/74.0.3729.169 Safari/537.36"
::ffff:120.211.63.45 - - [29/May/2019:07:10:43 +0000] "GET /handlebars HTTP/1.1" 200 12 "http://wangshuaishuai.com/" "Mozilla/5.0 (Linux; Android 8.0.0; PRA-AL00 Build/HONORPRA-AL00; wv) AppleWebKit/537.36 (KHTML, like Gecko) Version/4.0 Chrome/66.0.3359.126 MQQBrowser/6.2 TBS/044704 Mobile Safari/537.36 V1_AND_SQ_7.1.0_0_TIM_D TIM/2.3.1.1834 QQ/6.5.5  NetType/WIFI WebP/0.3.0 Pixel/1080"
::ffff:120.211.63.45 - - [29/May/2019:07:10:43 +0000] "GET /weather HTTP/1.1" 200 53 "http://wangshuaishuai.com/" "Mozilla/5.0 (Linux; Android 8.0.0; PRA-AL00 Build/HONORPRA-AL00; wv) AppleWebKit/537.36 (KHTML, like Gecko) Version/4.0 Chrome/66.0.3359.126 MQQBrowser/6.2 TBS/044704 Mobile Safari/537.36 V1_AND_SQ_7.1.0_0_TIM_D TIM/2.3.1.1834 QQ/6.5.5  NetType/WIFI WebP/0.3.0 Pixel/1080"
::ffff:120.211.63.53 - - [29/May/2019:07:10:43 +0000] "GET / HTTP/1.1" 200 2523 "-" "Mozilla/5.0 (Windows NT 10.0; WOW64) AppleWebKit/537.36 (KHTML, like Gecko) Chrome/72.0.3626.121 Safari/537.36"
::ffff:221.192.179.195 - - [29/May/2019:07:10:44 +0000] "GET / HTTP/1.1" 200 2523 "-" "Mozilla/5.0 (Linux; Android 5.1.1; vivo X6SPlus D Build/LMY47V; wv) AppleWebKit/537.36 (KHTML, like Gecko) Version/4.0 Chrome/66.0.3359.126 MQQBrowser/6.2 TBS/044704 Mobile Safari/537.36 V1_AND_SQ_8.0.0_1024_YYB_D QQ/8.0.0.4000 NetType/4G WebP/0.3.0 Pixel/1080 StatusBarHeight/72"
::ffff:117.136.38.177 - - [29/May/2019:07:10:45 +0000] "GET /handlebars HTTP/1.1" 200 12 "http://wangshuaishuai.com/" "Mozilla/5.0 (Linux; Android 8.1.0; COL-AL10 Build/HUAWEICOL-AL10; wv) AppleWebKit/537.36 (KHTML, like Gecko) Version/4.0 Chrome/66.0.3359.126 MQQBrowser/6.2 TBS/044704 Mobile Safari/537.36 V1_AND_SQ_8.0.0_1024_YYB_D QQ/8.0.0.4000 NetType/4G WebP/0.3.0 Pixel/1080 StatusBarHeight/90"
::ffff:117.136.38.177 - - [29/May/2019:07:10:45 +0000] "GET /weather HTTP/1.1" 200 53 "http://wangshuaishuai.com/" "Mozilla/5.0 (Linux; Android 8.1.0; COL-AL10 Build/HUAWEICOL-AL10; wv) AppleWebKit/537.36 (KHTML, like Gecko) Version/4.0 Chrome/66.0.3359.126 MQQBrowser/6.2 TBS/044704 Mobile Safari/537.36 V1_AND_SQ_8.0.0_1024_YYB_D QQ/8.0.0.4000 NetType/4G WebP/0.3.0 Pixel/1080 StatusBarHeight/90"
::ffff:120.211.63.53 - - [29/May/2019:07:10:46 +0000] "GET /handlebars HTTP/1.1" 200 12 "http://wangshuaishuai.com/" "Mozilla/5.0 (Windows NT 10.0; WOW64) AppleWebKit/537.36 (KHTML, like Gecko) Chrome/72.0.3626.121 Safari/537.36"
::ffff:120.211.63.53 - - [29/May/2019:07:10:46 +0000] "GET /weather HTTP/1.1" 200 53 "http://wangshuaishuai.com/" "Mozilla/5.0 (Windows NT 10.0; WOW64) AppleWebKit/537.36 (KHTML, like Gecko) Chrome/72.0.3626.121 Safari/537.36"
::ffff:120.211.63.49 - - [29/May/2019:07:10:46 +0000] "GET /about HTTP/1.1" 200 2538 "http://wangshuaishuai.com/" "Mozilla/5.0 (Windows NT 10.0; WOW64) AppleWebKit/537.36 (KHTML, like Gecko) Chrome/72.0.3626.119 Safari/537.36"
::ffff:120.211.63.50 - - [29/May/2019:07:10:46 +0000] "GET /about HTTP/1.1" 200 2538 "http://wangshuaishuai.com/?tdsourcetag=s_pcqq_aiomsg" "Mozilla/5.0 (Windows NT 10.0; Win64; x64) AppleWebKit/537.36 (KHTML, like Gecko) Chrome/74.0.3729.131 Safari/537.36"
::ffff:120.211.63.49 - - [29/May/2019:07:10:46 +0000] "GET /weather HTTP/1.1" 304 - "http://wangshuaishuai.com/about" "Mozilla/5.0 (Windows NT 10.0; WOW64) AppleWebKit/537.36 (KHTML, like Gecko) Chrome/72.0.3626.119 Safari/537.36"
::ffff:120.211.63.49 - - [29/May/2019:07:10:46 +0000] "GET /handlebars HTTP/1.1" 200 12 "http://wangshuaishuai.com/about" "Mozilla/5.0 (Windows NT 10.0; WOW64) AppleWebKit/537.36 (KHTML, like Gecko) Chrome/72.0.3626.119 Safari/537.36"
::ffff:120.211.63.50 - - [29/May/2019:07:10:46 +0000] "GET /handlebars HTTP/1.1" 200 12 "http://wangshuaishuai.com/about" "Mozilla/5.0 (Windows NT 10.0; Win64; x64) AppleWebKit/537.36 (KHTML, like Gecko) Chrome/74.0.3729.131 Safari/537.36"
::ffff:120.211.63.50 - - [29/May/2019:07:10:46 +0000] "GET /weather HTTP/1.1" 304 - "http://wangshuaishuai.com/about" "Mozilla/5.0 (Windows NT 10.0; Win64; x64) AppleWebKit/537.36 (KHTML, like Gecko) Chrome/74.0.3729.131 Safari/537.36"
::ffff:120.211.63.45 - - [29/May/2019:07:10:47 +0000] "GET / HTTP/1.1" 200 2523 "-" "Mozilla/5.0 (Windows NT 10.0; Win64; x64) AppleWebKit/537.36 (KHTML, like Gecko) Chrome/64.0.3282.140 Safari/537.36 Edge/17.17134"
::ffff:120.211.63.50 - - [29/May/2019:07:10:48 +0000] "GET / HTTP/1.1" 200 2523 "-" "Mozilla/5.0 (Windows NT 10.0; Win64; x64) AppleWebKit/537.36 (KHTML, like Gecko) Chrome/64.0.3282.140 Safari/537.36 Edge/17.17134"
::ffff:120.211.63.48 - - [29/May/2019:07:10:48 +0000] "GET / HTTP/1.1" 200 2523 "-" "Mozilla/5.0 (Windows NT 10.0; Win64; x64) AppleWebKit/537.36 (KHTML, like Gecko) Chrome/70.0.3538.77 Safari/537.36"
::ffff:120.211.63.48 - - [29/May/2019:07:10:49 +0000] "GET / HTTP/1.1" 200 2523 "-" "Mozilla/5.0 (Windows NT 10.0; Win64; x64) AppleWebKit/537.36 (KHTML, like Gecko) Chrome/72.0.3626.121 Safari/537.36"
::ffff:120.211.63.45 - - [29/May/2019:07:10:49 +0000] "GET /handlebars HTTP/1.1" 200 12 "http://wangshuaishuai.com/" "Mozilla/5.0 (Windows NT 10.0; Win64; x64) AppleWebKit/537.36 (KHTML, like Gecko) Chrome/64.0.3282.140 Safari/537.36 Edge/17.17134"
::ffff:120.211.63.45 - - [29/May/2019:07:10:49 +0000] "GET /weather HTTP/1.1" 200 53 "http://wangshuaishuai.com/" "Mozilla/5.0 (Windows NT 10.0; Win64; x64) AppleWebKit/537.36 (KHTML, like Gecko) Chrome/64.0.3282.140 Safari/537.36 Edge/17.17134"
::ffff:120.211.63.48 - - [29/May/2019:07:10:50 +0000] "GET /weather HTTP/1.1" 200 53 "http://wangshuaishuai.com/" "Mozilla/5.0 (Windows NT 10.0; Win64; x64) AppleWebKit/537.36 (KHTML, like Gecko) Chrome/72.0.3626.121 Safari/537.36"
::ffff:120.211.63.48 - - [29/May/2019:07:10:50 +0000] "GET /handlebars HTTP/1.1" 200 12 "http://wangshuaishuai.com/" "Mozilla/5.0 (Windows NT 10.0; Win64; x64) AppleWebKit/537.36 (KHTML, like Gecko) Chrome/72.0.3626.121 Safari/537.36"
::ffff:120.211.63.48 - - [29/May/2019:07:10:51 +0000] "GET /?tdsourcetag=s_pcqq_aiomsg HTTP/1.1" 200 2523 "-" "Mozilla/5.0 (Windows NT 10.0; WOW64) AppleWebKit/537.36 (KHTML, like Gecko) Chrome/74.0.3729.131 Safari/537.36"
::ffff:120.211.63.45 - - [29/May/2019:07:10:51 +0000] "GET /about HTTP/1.1" 200 2538 "http://wangshuaishuai.com/" "Mozilla/5.0 (Windows NT 10.0; Win64; x64) AppleWebKit/537.36 (KHTML, like Gecko) Chrome/64.0.3282.140 Safari/537.36 Edge/17.17134"
::ffff:120.211.63.45 - - [29/May/2019:07:10:51 +0000] "GET /weather HTTP/1.1" 304 - "http://wangshuaishuai.com/about" "Mozilla/5.0 (Windows NT 10.0; Win64; x64) AppleWebKit/537.36 (KHTML, like Gecko) Chrome/64.0.3282.140 Safari/537.36 Edge/17.17134"
::ffff:120.211.63.45 - - [29/May/2019:07:10:51 +0000] "GET /handlebars HTTP/1.1" 200 12 "http://wangshuaishuai.com/about" "Mozilla/5.0 (Windows NT 10.0; Win64; x64) AppleWebKit/537.36 (KHTML, like Gecko) Chrome/64.0.3282.140 Safari/537.36 Edge/17.17134"
::ffff:223.104.13.61 - - [29/May/2019:07:10:52 +0000] "GET /handlebars HTTP/1.1" 200 12 "http://wangshuaishuai.com/" "Mozilla/5.0 (Linux; Android 9; MI 8 SE Build/PKQ1.181121.001; wv) AppleWebKit/537.36 (KHTML, like Gecko) Version/4.0 Chrome/66.0.3359.126 MQQBrowser/6.2 TBS/044704 Mobile Safari/537.36 V1_AND_SQ_8.0.0_1024_YYB_D QQ/8.0.0.4000 NetType/4G WebP/0.3.0 Pixel/1080 StatusBarHeight/85"
::ffff:223.104.13.61 - - [29/May/2019:07:10:52 +0000] "GET /weather HTTP/1.1" 200 53 "http://wangshuaishuai.com/" "Mozilla/5.0 (Linux; Android 9; MI 8 SE Build/PKQ1.181121.001; wv) AppleWebKit/537.36 (KHTML, like Gecko) Version/4.0 Chrome/66.0.3359.126 MQQBrowser/6.2 TBS/044704 Mobile Safari/537.36 V1_AND_SQ_8.0.0_1024_YYB_D QQ/8.0.0.4000 NetType/4G WebP/0.3.0 Pixel/1080 StatusBarHeight/85"
::ffff:120.211.63.48 - - [29/May/2019:07:10:52 +0000] "GET /handlebars HTTP/1.1" 200 12 "http://wangshuaishuai.com/?tdsourcetag=s_pcqq_aiomsg" "Mozilla/5.0 (Windows NT 10.0; WOW64) AppleWebKit/537.36 (KHTML, like Gecko) Chrome/74.0.3729.131 Safari/537.36"
::ffff:120.211.63.48 - - [29/May/2019:07:10:52 +0000] "GET /weather HTTP/1.1" 200 53 "http://wangshuaishuai.com/?tdsourcetag=s_pcqq_aiomsg" "Mozilla/5.0 (Windows NT 10.0; WOW64) AppleWebKit/537.36 (KHTML, like Gecko) Chrome/74.0.3729.131 Safari/537.36"
::ffff:120.211.63.50 - - [29/May/2019:07:10:52 +0000] "GET /handlebars HTTP/1.1" 200 12 "http://wangshuaishuai.com/?tdsourcetag=s_pcqq_aiomsg" "Mozilla/5.0 (Windows NT 10.0; Win64; x64) AppleWebKit/537.36 (KHTML, like Gecko) Chrome/73.0.3683.103 Safari/537.36"
::ffff:120.211.63.50 - - [29/May/2019:07:10:52 +0000] "GET /weather HTTP/1.1" 200 53 "http://wangshuaishuai.com/?tdsourcetag=s_pcqq_aiomsg" "Mozilla/5.0 (Windows NT 10.0; Win64; x64) AppleWebKit/537.36 (KHTML, like Gecko) Chrome/73.0.3683.103 Safari/537.36"
::ffff:120.211.63.48 - - [29/May/2019:07:10:53 +0000] "GET /about HTTP/1.1" 200 2538 "http://wangshuaishuai.com/?tdsourcetag=s_pcqq_aiomsg" "Mozilla/5.0 (Windows NT 10.0; WOW64) AppleWebKit/537.36 (KHTML, like Gecko) Chrome/74.0.3729.131 Safari/537.36"
::ffff:120.211.63.48 - - [29/May/2019:07:10:53 +0000] "GET /weather HTTP/1.1" 304 - "http://wangshuaishuai.com/about" "Mozilla/5.0 (Windows NT 10.0; WOW64) AppleWebKit/537.36 (KHTML, like Gecko) Chrome/74.0.3729.131 Safari/537.36"
::ffff:120.211.63.48 - - [29/May/2019:07:10:53 +0000] "GET /handlebars HTTP/1.1" 200 12 "http://wangshuaishuai.com/about" "Mozilla/5.0 (Windows NT 10.0; WOW64) AppleWebKit/537.36 (KHTML, like Gecko) Chrome/74.0.3729.131 Safari/537.36"
::ffff:221.192.179.195 - - [29/May/2019:07:10:54 +0000] "GET /handlebars HTTP/1.1" 200 12 "http://wangshuaishuai.com/" "Mozilla/5.0 (Linux; Android 5.1.1; vivo X6SPlus D Build/LMY47V; wv) AppleWebKit/537.36 (KHTML, like Gecko) Version/4.0 Chrome/66.0.3359.126 MQQBrowser/6.2 TBS/044704 Mobile Safari/537.36 V1_AND_SQ_8.0.0_1024_YYB_D QQ/8.0.0.4000 NetType/4G WebP/0.3.0 Pixel/1080 StatusBarHeight/72"
::ffff:221.192.179.195 - - [29/May/2019:07:10:54 +0000] "GET /weather HTTP/1.1" 200 53 "http://wangshuaishuai.com/" "Mozilla/5.0 (Linux; Android 5.1.1; vivo X6SPlus D Build/LMY47V; wv) AppleWebKit/537.36 (KHTML, like Gecko) Version/4.0 Chrome/66.0.3359.126 MQQBrowser/6.2 TBS/044704 Mobile Safari/537.36 V1_AND_SQ_8.0.0_1024_YYB_D QQ/8.0.0.4000 NetType/4G WebP/0.3.0 Pixel/1080 StatusBarHeight/72"
::ffff:120.211.63.48 - - [29/May/2019:07:10:54 +0000] "GET /?tdsourcetag=s_pcqq_aiomsg HTTP/1.1" 200 2523 "-" "Mozilla/5.0 (Windows NT 10.0; Win64; x64) AppleWebKit/537.36 (KHTML, like Gecko) Chrome/72.0.3626.121 Safari/537.36"
::ffff:120.211.63.49 - - [29/May/2019:07:10:54 +0000] "GET / HTTP/1.1" 304 - "http://wangshuaishuai.com/about" "Mozilla/5.0 (Windows NT 10.0; WOW64) AppleWebKit/537.36 (KHTML, like Gecko) Chrome/72.0.3626.119 Safari/537.36"
::ffff:120.211.63.49 - - [29/May/2019:07:10:54 +0000] "GET /handlebars HTTP/1.1" 200 12 "http://wangshuaishuai.com/" "Mozilla/5.0 (Windows NT 10.0; WOW64) AppleWebKit/537.36 (KHTML, like Gecko) Chrome/72.0.3626.119 Safari/537.36"
::ffff:120.211.63.49 - - [29/May/2019:07:10:54 +0000] "GET /weather HTTP/1.1" 304 - "http://wangshuaishuai.com/" "Mozilla/5.0 (Windows NT 10.0; WOW64) AppleWebKit/537.36 (KHTML, like Gecko) Chrome/72.0.3626.119 Safari/537.36"
::ffff:221.192.180.191 - - [29/May/2019:07:10:55 +0000] "GET / HTTP/1.1" 200 2523 "-" "Mozilla/5.0 (Linux; Android 9; EML-AL00 Build/HUAWEIEML-AL00; wv) AppleWebKit/537.36 (KHTML, like Gecko) Version/4.0 Chrome/66.0.3359.126 MQQBrowser/6.2 TBS/044704 Mobile Safari/537.36 V1_AND_SQ_8.0.0_1024_YYB_D QQ/8.0.0.4000 NetType/4G WebP/0.3.0 Pixel/1080 StatusBarHeight/85"
::ffff:120.211.63.49 - - [29/May/2019:07:10:56 +0000] "GET /echarts HTTP/1.1" 200 9342 "http://wangshuaishuai.com/" "Mozilla/5.0 (Windows NT 10.0; WOW64) AppleWebKit/537.36 (KHTML, like Gecko) Chrome/72.0.3626.119 Safari/537.36"
::ffff:123.151.76.158 - - [29/May/2019:07:10:57 +0000] "GET /start HTTP/1.1" 200 3415 "http://wangshuaishuai.com/" "Mozilla/5.0 (Linux; Android 8.0.0; PRA-AL00 Build/HONORPRA-AL00; wv) AppleWebKit/537.36 (KHTML, like Gecko) Version/4.0 Chrome/66.0.3359.126 MQQBrowser/6.2 TBS/044704 Mobile Safari/537.36 V1_AND_SQ_7.1.0_0_TIM_D TIM/2.3.1.1834 QQ/6.5.5  NetType/WIFI WebP/0.3.0 Pixel/1080"
::ffff:221.192.179.195 - - [29/May/2019:07:10:57 +0000] "GET /about HTTP/1.1" 200 2538 "http://wangshuaishuai.com/" "Mozilla/5.0 (Linux; Android 5.1.1; vivo X6SPlus D Build/LMY47V; wv) AppleWebKit/537.36 (KHTML, like Gecko) Version/4.0 Chrome/66.0.3359.126 MQQBrowser/6.2 TBS/044704 Mobile Safari/537.36 V1_AND_SQ_8.0.0_1024_YYB_D QQ/8.0.0.4000 NetType/4G WebP/0.3.0 Pixel/1080 StatusBarHeight/72"
::ffff:14.17.21.58 - - [29/May/2019:07:10:57 +0000] "GET /about HTTP/1.1" 200 2538 "-" "Mozilla/5.0 (iPhone; CPU iPhone OS 9_3_4 like Mac OS X) AppleWebKit/601.1.46 (KHTML, like Gecko) Mobile/13G35 QQ/6.5.3.410 V1_IPH_SQ_6.5.3_1_APP_A Pixel/750 Core/UIWebView NetType/2G Mem/117"
::ffff:120.211.63.48 - - [29/May/2019:07:10:57 +0000] "GET /weather HTTP/1.1" 200 53 "http://wangshuaishuai.com/?tdsourcetag=s_pcqq_aiomsg" "Mozilla/5.0 (Windows NT 10.0; Win64; x64) AppleWebKit/537.36 (KHTML, like Gecko) Chrome/72.0.3626.121 Safari/537.36"
::ffff:120.211.63.48 - - [29/May/2019:07:10:57 +0000] "GET /handlebars HTTP/1.1" 200 12 "http://wangshuaishuai.com/?tdsourcetag=s_pcqq_aiomsg" "Mozilla/5.0 (Windows NT 10.0; Win64; x64) AppleWebKit/537.36 (KHTML, like Gecko) Chrome/72.0.3626.121 Safari/537.36"
::ffff:125.39.45.236 - - [29/May/2019:07:10:57 +0000] "GET / HTTP/1.1" 200 2523 "-" "Mozilla/5.0 (Windows; U; Windows NT 5.1; zh-CN; rv:1.9b4) Gecko/2008030317 Firefox/3.0b4"
::ffff:218.68.91.88 - - [29/May/2019:07:10:57 +0000] "GET / HTTP/1.1" 200 2523 "-" "Mozilla/5.0 (Windows; U; Windows NT 5.1; zh-CN; rv:1.9b4) Gecko/2008030317 Firefox/3.0b4"
::ffff:111.30.142.233 - - [29/May/2019:07:10:57 +0000] "GET / HTTP/1.1" 200 2523 "-" "Mozilla/5.0 (Windows; U; Windows NT 5.1; zh-CN; rv:1.9b4) Gecko/2008030317 Firefox/3.0b4"
::ffff:111.30.142.227 - - [29/May/2019:07:10:57 +0000] "GET / HTTP/1.1" 200 2523 "-" "Mozilla/5.0 (Windows; U; Windows NT 5.1; zh-CN; rv:1.9b4) Gecko/2008030317 Firefox/3.0b4"
::ffff:120.211.63.50 - - [29/May/2019:07:10:57 +0000] "GET / HTTP/1.1" 304 - "-" "Mozilla/5.0 (Windows NT 10.0; Win64; x64) AppleWebKit/537.36 (KHTML, like Gecko) Chrome/64.0.3282.140 Safari/537.36 Edge/17.17134"
::ffff:221.192.179.195 - - [29/May/2019:07:10:58 +0000] "GET /handlebars HTTP/1.1" 200 12 "http://wangshuaishuai.com/about" "Mozilla/5.0 (Linux; Android 5.1.1; vivo X6SPlus D Build/LMY47V; wv) AppleWebKit/537.36 (KHTML, like Gecko) Version/4.0 Chrome/66.0.3359.126 MQQBrowser/6.2 TBS/044704 Mobile Safari/537.36 V1_AND_SQ_8.0.0_1024_YYB_D QQ/8.0.0.4000 NetType/4G WebP/0.3.0 Pixel/1080 StatusBarHeight/72"
::ffff:221.192.179.195 - - [29/May/2019:07:10:58 +0000] "GET /weather HTTP/1.1" 304 - "http://wangshuaishuai.com/about" "Mozilla/5.0 (Linux; Android 5.1.1; vivo X6SPlus D Build/LMY47V; wv) AppleWebKit/537.36 (KHTML, like Gecko) Version/4.0 Chrome/66.0.3359.126 MQQBrowser/6.2 TBS/044704 Mobile Safari/537.36 V1_AND_SQ_8.0.0_1024_YYB_D QQ/8.0.0.4000 NetType/4G WebP/0.3.0 Pixel/1080 StatusBarHeight/72"
::ffff:123.151.76.158 - - [29/May/2019:07:10:58 +0000] "GET /handlebars HTTP/1.1" 200 12 "http://wangshuaishuai.com/start" "Mozilla/5.0 (Linux; Android 8.0.0; PRA-AL00 Build/HONORPRA-AL00; wv) AppleWebKit/537.36 (KHTML, like Gecko) Version/4.0 Chrome/66.0.3359.126 MQQBrowser/6.2 TBS/044704 Mobile Safari/537.36 V1_AND_SQ_7.1.0_0_TIM_D TIM/2.3.1.1834 QQ/6.5.5  NetType/WIFI WebP/0.3.0 Pixel/1080"
::ffff:123.151.76.158 - - [29/May/2019:07:10:58 +0000] "GET /weather HTTP/1.1" 304 - "http://wangshuaishuai.com/start" "Mozilla/5.0 (Linux; Android 8.0.0; PRA-AL00 Build/HONORPRA-AL00; wv) AppleWebKit/537.36 (KHTML, like Gecko) Version/4.0 Chrome/66.0.3359.126 MQQBrowser/6.2 TBS/044704 Mobile Safari/537.36 V1_AND_SQ_7.1.0_0_TIM_D TIM/2.3.1.1834 QQ/6.5.5  NetType/WIFI WebP/0.3.0 Pixel/1080"
::ffff:125.39.45.236 - - [29/May/2019:07:10:58 +0000] "GET / HTTP/1.1" 200 2523 "-" "Mozilla/5.0 (Windows; U; Windows NT 5.1; zh-CN; rv:1.9b4) Gecko/2008030317 Firefox/3.0b4"
::ffff:111.30.142.252 - - [29/May/2019:07:10:58 +0000] "GET / HTTP/1.1" 200 2523 "-" "Mozilla/5.0 (Windows; U; Windows NT 5.1; zh-CN; rv:1.9b4) Gecko/2008030317 Firefox/3.0b4"
::ffff:120.211.63.50 - - [29/May/2019:07:10:59 +0000] "GET /start HTTP/1.1" 200 3425 "http://wangshuaishuai.com/?tdsourcetag=s_pcqq_aiomsg" "Mozilla/5.0 (Windows NT 10.0; Win64; x64) AppleWebKit/537.36 (KHTML, like Gecko) Chrome/74.0.3729.131 Safari/537.36"
::ffff:120.211.63.53 - - [29/May/2019:07:10:59 +0000] "GET / HTTP/1.1" 304 - "http://wangshuaishuai.com/" "Mozilla/5.0 (Windows NT 10.0; WOW64) AppleWebKit/537.36 (KHTML, like Gecko) Chrome/72.0.3626.121 Safari/537.36"
::ffff:120.211.63.50 - - [29/May/2019:07:10:59 +0000] "GET /weather HTTP/1.1" 304 - "http://wangshuaishuai.com/start" "Mozilla/5.0 (Windows NT 10.0; Win64; x64) AppleWebKit/537.36 (KHTML, like Gecko) Chrome/74.0.3729.131 Safari/537.36"
::ffff:120.211.63.50 - - [29/May/2019:07:10:59 +0000] "GET /handlebars HTTP/1.1" 200 12 "http://wangshuaishuai.com/start" "Mozilla/5.0 (Windows NT 10.0; Win64; x64) AppleWebKit/537.36 (KHTML, like Gecko) Chrome/74.0.3729.131 Safari/537.36"
::ffff:120.211.63.53 - - [29/May/2019:07:11:00 +0000] "GET /handlebars HTTP/1.1" 200 12 "http://wangshuaishuai.com/" "Mozilla/5.0 (Windows NT 10.0; WOW64) AppleWebKit/537.36 (KHTML, like Gecko) Chrome/72.0.3626.121 Safari/537.36"
::ffff:120.211.63.53 - - [29/May/2019:07:11:00 +0000] "GET /weather HTTP/1.1" 304 - "http://wangshuaishuai.com/" "Mozilla/5.0 (Windows NT 10.0; WOW64) AppleWebKit/537.36 (KHTML, like Gecko) Chrome/72.0.3626.121 Safari/537.36"
::ffff:120.211.63.50 - - [29/May/2019:07:11:00 +0000] "GET /handlebars HTTP/1.1" 200 12 "http://wangshuaishuai.com/" "Mozilla/5.0 (Windows NT 10.0; Win64; x64) AppleWebKit/537.36 (KHTML, like Gecko) Chrome/64.0.3282.140 Safari/537.36 Edge/17.17134"
::ffff:120.211.63.50 - - [29/May/2019:07:11:00 +0000] "GET /weather HTTP/1.1" 200 53 "http://wangshuaishuai.com/" "Mozilla/5.0 (Windows NT 10.0; Win64; x64) AppleWebKit/537.36 (KHTML, like Gecko) Chrome/64.0.3282.140 Safari/537.36 Edge/17.17134"
::ffff:221.192.179.195 - - [29/May/2019:07:11:01 +0000] "GET / HTTP/1.1" 304 - "-" "Mozilla/5.0 (Linux; Android 5.1.1; vivo X6SPlus D Build/LMY47V; wv) AppleWebKit/537.36 (KHTML, like Gecko) Version/4.0 Chrome/66.0.3359.126 MQQBrowser/6.2 TBS/044704 Mobile Safari/537.36 V1_AND_SQ_8.0.0_1024_YYB_D QQ/8.0.0.4000 NetType/4G WebP/0.3.0 Pixel/1080 StatusBarHeight/72"
::ffff:120.211.63.50 - - [29/May/2019:07:11:01 +0000] "GET /start HTTP/1.1" 200 3415 "http://wangshuaishuai.com/?tdsourcetag=s_pcqq_aiomsg" "Mozilla/5.0 (Windows NT 10.0; Win64; x64) AppleWebKit/537.36 (KHTML, like Gecko) Chrome/73.0.3683.103 Safari/537.36"
::ffff:120.211.63.53 - - [29/May/2019:07:11:01 +0000] "GET /about HTTP/1.1" 200 2538 "http://wangshuaishuai.com/" "Mozilla/5.0 (Windows NT 10.0; WOW64) AppleWebKit/537.36 (KHTML, like Gecko) Chrome/72.0.3626.121 Safari/537.36"
::ffff:120.211.63.53 - - [29/May/2019:07:11:02 +0000] "GET /weather HTTP/1.1" 304 - "http://wangshuaishuai.com/about" "Mozilla/5.0 (Windows NT 10.0; WOW64) AppleWebKit/537.36 (KHTML, like Gecko) Chrome/72.0.3626.121 Safari/537.36"
::ffff:120.211.63.53 - - [29/May/2019:07:11:02 +0000] "GET /handlebars HTTP/1.1" 200 12 "http://wangshuaishuai.com/about" "Mozilla/5.0 (Windows NT 10.0; WOW64) AppleWebKit/537.36 (KHTML, like Gecko) Chrome/72.0.3626.121 Safari/537.36"
::ffff:120.211.63.50 - - [29/May/2019:07:11:02 +0000] "GET /handlebars HTTP/1.1" 200 12 "http://wangshuaishuai.com/start" "Mozilla/5.0 (Windows NT 10.0; Win64; x64) AppleWebKit/537.36 (KHTML, like Gecko) Chrome/73.0.3683.103 Safari/537.36"
::ffff:120.211.63.50 - - [29/May/2019:07:11:02 +0000] "GET /weather HTTP/1.1" 304 - "http://wangshuaishuai.com/start" "Mozilla/5.0 (Windows NT 10.0; Win64; x64) AppleWebKit/537.36 (KHTML, like Gecko) Chrome/73.0.3683.103 Safari/537.36"
::ffff:221.192.179.195 - - [29/May/2019:07:11:02 +0000] "GET /handlebars HTTP/1.1" 200 12 "http://wangshuaishuai.com/" "Mozilla/5.0 (Linux; Android 5.1.1; vivo X6SPlus D Build/LMY47V; wv) AppleWebKit/537.36 (KHTML, like Gecko) Version/4.0 Chrome/66.0.3359.126 MQQBrowser/6.2 TBS/044704 Mobile Safari/537.36 V1_AND_SQ_8.0.0_1024_YYB_D QQ/8.0.0.4000 NetType/4G WebP/0.3.0 Pixel/1080 StatusBarHeight/72"
::ffff:221.192.179.195 - - [29/May/2019:07:11:02 +0000] "GET /weather HTTP/1.1" 304 - "http://wangshuaishuai.com/" "Mozilla/5.0 (Linux; Android 5.1.1; vivo X6SPlus D Build/LMY47V; wv) AppleWebKit/537.36 (KHTML, like Gecko) Version/4.0 Chrome/66.0.3359.126 MQQBrowser/6.2 TBS/044704 Mobile Safari/537.36 V1_AND_SQ_8.0.0_1024_YYB_D QQ/8.0.0.4000 NetType/4G WebP/0.3.0 Pixel/1080 StatusBarHeight/72"
::ffff:221.192.180.191 - - [29/May/2019:07:11:03 +0000] "GET /handlebars HTTP/1.1" 200 12 "http://wangshuaishuai.com/" "Mozilla/5.0 (Linux; Android 9; EML-AL00 Build/HUAWEIEML-AL00; wv) AppleWebKit/537.36 (KHTML, like Gecko) Version/4.0 Chrome/66.0.3359.126 MQQBrowser/6.2 TBS/044704 Mobile Safari/537.36 V1_AND_SQ_8.0.0_1024_YYB_D QQ/8.0.0.4000 NetType/4G WebP/0.3.0 Pixel/1080 StatusBarHeight/85"
::ffff:120.211.63.50 - - [29/May/2019:07:11:03 +0000] "GET /about HTTP/1.1" 200 2538 "http://wangshuaishuai.com/" "Mozilla/5.0 (Windows NT 10.0; Win64; x64) AppleWebKit/537.36 (KHTML, like Gecko) Chrome/64.0.3282.140 Safari/537.36 Edge/17.17134"
::ffff:120.211.63.50 - - [29/May/2019:07:11:03 +0000] "GET /handlebars HTTP/1.1" 200 12 "http://wangshuaishuai.com/about" "Mozilla/5.0 (Windows NT 10.0; Win64; x64) AppleWebKit/537.36 (KHTML, like Gecko) Chrome/64.0.3282.140 Safari/537.36 Edge/17.17134"
::ffff:120.211.63.50 - - [29/May/2019:07:11:03 +0000] "GET /weather HTTP/1.1" 304 - "http://wangshuaishuai.com/about" "Mozilla/5.0 (Windows NT 10.0; Win64; x64) AppleWebKit/537.36 (KHTML, like Gecko) Chrome/64.0.3282.140 Safari/537.36 Edge/17.17134"
::ffff:221.192.180.191 - - [29/May/2019:07:11:03 +0000] "GET / HTTP/1.1" 304 - "-" "Mozilla/5.0 (Linux; Android 9; EML-AL00 Build/HUAWEIEML-AL00; wv) AppleWebKit/537.36 (KHTML, like Gecko) Version/4.0 Chrome/66.0.3359.126 MQQBrowser/6.2 TBS/044704 Mobile Safari/537.36 V1_AND_SQ_8.0.0_1024_YYB_D QQ/8.0.0.4000 NetType/4G WebP/0.3.0 Pixel/1080 StatusBarHeight/85"
::ffff:120.211.63.52 - - [29/May/2019:07:11:03 +0000] "GET /?tdsourcetag=s_pctim_aiomsg HTTP/1.1" 200 2523 "-" "Mozilla/5.0 (Windows NT 6.3; WOW64) AppleWebKit/537.36 (KHTML, like Gecko) Chrome/55.0.2883.87 Safari/537.36"
::ffff:123.151.76.158 - - [29/May/2019:07:11:03 +0000] "GET /handlebars HTTP/1.1" 200 12 "http://wangshuaishuai.com/" "Mozilla/5.0 (Linux; Android 7.1.2; vivo X9i Build/N2G47H; wv) AppleWebKit/537.36 (KHTML, like Gecko) Version/4.0 Chrome/66.0.3359.126 MQQBrowser/6.2 TBS/044704 Mobile Safari/537.36 V1_AND_SQ_7.7.0_884_YYB_D QQ/7.7.0.3645 NetType/WIFI WebP/0.3.0 Pixel/1080"
::ffff:123.151.76.158 - - [29/May/2019:07:11:03 +0000] "GET /weather HTTP/1.1" 200 53 "http://wangshuaishuai.com/" "Mozilla/5.0 (Linux; Android 7.1.2; vivo X9i Build/N2G47H; wv) AppleWebKit/537.36 (KHTML, like Gecko) Version/4.0 Chrome/66.0.3359.126 MQQBrowser/6.2 TBS/044704 Mobile Safari/537.36 V1_AND_SQ_7.7.0_884_YYB_D QQ/7.7.0.3645 NetType/WIFI WebP/0.3.0 Pixel/1080"
::ffff:221.192.180.191 - - [29/May/2019:07:11:04 +0000] "GET /handlebars HTTP/1.1" 200 12 "http://wangshuaishuai.com/" "Mozilla/5.0 (Linux; Android 9; EML-AL00 Build/HUAWEIEML-AL00; wv) AppleWebKit/537.36 (KHTML, like Gecko) Version/4.0 Chrome/66.0.3359.126 MQQBrowser/6.2 TBS/044704 Mobile Safari/537.36 V1_AND_SQ_8.0.0_1024_YYB_D QQ/8.0.0.4000 NetType/4G WebP/0.3.0 Pixel/1080 StatusBarHeight/85"
