::ffff:120.211.63.54 - - [29/May/2019:07:27:59 +0000] "GET / HTTP/1.1" 304 - "http://www.wangshuaishuai.com/" "Mozilla/5.0 (Windows NT 10.0; Win64; x64) AppleWebKit/537.36 (KHTML, like Gecko) Chrome/74.0.3729.169 Safari/537.36"
::ffff:120.211.63.54 - - [29/May/2019:07:28:00 +0000] "GET /handlebars HTTP/1.1" 200 12 "http://www.wangshuaishuai.com/" "Mozilla/5.0 (Windows NT 10.0; Win64; x64) AppleWebKit/537.36 (KHTML, like Gecko) Chrome/74.0.3729.169 Safari/537.36"
::ffff:120.211.63.54 - - [29/May/2019:07:28:00 +0000] "GET /weather HTTP/1.1" 304 - "http://www.wangshuaishuai.com/" "Mozilla/5.0 (Windows NT 10.0; Win64; x64) AppleWebKit/537.36 (KHTML, like Gecko) Chrome/74.0.3729.169 Safari/537.36"
::ffff:101.227.139.173 - - [29/May/2019:07:28:05 +0000] "GET /about HTTP/1.1" 200 2538 "-" "Mozilla/5.0 (Windows NT 6.1; WOW64) AppleWebKit/537.36 (KHTML, like Gecko) Chrome/43.0.2357.124 Safari/537.36"
::ffff:120.211.63.54 - - [29/May/2019:07:29:37 +0000] "GET / HTTP/1.1" 304 - "http://www.wangshuaishuai.com/" "Mozilla/5.0 (Windows NT 10.0; Win64; x64) AppleWebKit/537.36 (KHTML, like Gecko) Chrome/74.0.3729.169 Safari/537.36"
::ffff:120.211.63.54 - - [29/May/2019:07:29:37 +0000] "GET /weather HTTP/1.1" 304 - "http://www.wangshuaishuai.com/" "Mozilla/5.0 (Windows NT 10.0; Win64; x64) AppleWebKit/537.36 (KHTML, like Gecko) Chrome/74.0.3729.169 Safari/537.36"
::ffff:120.211.63.54 - - [29/May/2019:07:29:37 +0000] "GET /handlebars HTTP/1.1" 200 12 "http://www.wangshuaishuai.com/" "Mozilla/5.0 (Windows NT 10.0; Win64; x64) AppleWebKit/537.36 (KHTML, like Gecko) Chrome/74.0.3729.169 Safari/537.36"
::ffff:120.211.63.54 - - [29/May/2019:07:30:22 +0000] "GET /process HTTP/1.1" 304 - "-" "Mozilla/5.0 (Windows NT 10.0; Win64; x64) AppleWebKit/537.36 (KHTML, like Gecko) Chrome/74.0.3729.169 Safari/537.36"
::ffff:120.211.63.54 - - [29/May/2019:07:30:23 +0000] "GET /handlebars HTTP/1.1" 200 12 "http://www.wangshuaishuai.com/process" "Mozilla/5.0 (Windows NT 10.0; Win64; x64) AppleWebKit/537.36 (KHTML, like Gecko) Chrome/74.0.3729.169 Safari/537.36"
::ffff:120.211.63.54 - - [29/May/2019:07:30:23 +0000] "GET /weather HTTP/1.1" 304 - "http://www.wangshuaishuai.com/process" "Mozilla/5.0 (Windows NT 10.0; Win64; x64) AppleWebKit/537.36 (KHTML, like Gecko) Chrome/74.0.3729.169 Safari/537.36"
::ffff:120.211.63.54 - - [29/May/2019:07:30:25 +0000] "GET / HTTP/1.1" 304 - "http://www.wangshuaishuai.com/process" "Mozilla/5.0 (Windows NT 10.0; Win64; x64) AppleWebKit/537.36 (KHTML, like Gecko) Chrome/74.0.3729.169 Safari/537.36"
::ffff:120.211.63.54 - - [29/May/2019:07:30:26 +0000] "GET /weather HTTP/1.1" 304 - "http://www.wangshuaishuai.com/" "Mozilla/5.0 (Windows NT 10.0; Win64; x64) AppleWebKit/537.36 (KHTML, like Gecko) Chrome/74.0.3729.169 Safari/537.36"
::ffff:120.211.63.54 - - [29/May/2019:07:30:26 +0000] "GET /handlebars HTTP/1.1" 200 12 "http://www.wangshuaishuai.com/" "Mozilla/5.0 (Windows NT 10.0; Win64; x64) AppleWebKit/537.36 (KHTML, like Gecko) Chrome/74.0.3729.169 Safari/537.36"
::ffff:120.211.63.54 - - [29/May/2019:07:31:47 +0000] "GET / HTTP/1.1" 304 - "http://www.wangshuaishuai.com/process" "Mozilla/5.0 (Windows NT 10.0; Win64; x64) AppleWebKit/537.36 (KHTML, like Gecko) Chrome/74.0.3729.169 Safari/537.36"
::ffff:120.211.63.54 - - [29/May/2019:07:31:48 +0000] "GET /handlebars HTTP/1.1" 200 12 "http://www.wangshuaishuai.com/" "Mozilla/5.0 (Windows NT 10.0; Win64; x64) AppleWebKit/537.36 (KHTML, like Gecko) Chrome/74.0.3729.169 Safari/537.36"
::ffff:120.211.63.54 - - [29/May/2019:07:31:48 +0000] "GET /weather HTTP/1.1" 304 - "http://www.wangshuaishuai.com/" "Mozilla/5.0 (Windows NT 10.0; Win64; x64) AppleWebKit/537.36 (KHTML, like Gecko) Chrome/74.0.3729.169 Safari/537.36"
::ffff:157.55.39.85 - - [29/May/2019:07:34:23 +0000] "GET / HTTP/1.1" 200 2523 "-" "Mozilla/5.0 (compatible; bingbot/2.0; +http://www.bing.com/bingbot.htm)"
::ffff:120.211.63.54 - - [29/May/2019:07:35:51 +0000] "GET /process HTTP/1.1" 304 - "-" "Mozilla/5.0 (Windows NT 10.0; Win64; x64) AppleWebKit/537.36 (KHTML, like Gecko) Chrome/74.0.3729.169 Safari/537.36"
::ffff:120.211.63.54 - - [29/May/2019:07:35:52 +0000] "GET /weather HTTP/1.1" 304 - "http://www.wangshuaishuai.com/process" "Mozilla/5.0 (Windows NT 10.0; Win64; x64) AppleWebKit/537.36 (KHTML, like Gecko) Chrome/74.0.3729.169 Safari/537.36"
::ffff:120.211.63.54 - - [29/May/2019:07:35:52 +0000] "GET /handlebars HTTP/1.1" 200 12 "http://www.wangshuaishuai.com/process" "Mozilla/5.0 (Windows NT 10.0; Win64; x64) AppleWebKit/537.36 (KHTML, like Gecko) Chrome/74.0.3729.169 Safari/537.36"
::ffff:183.136.190.40 - - [29/May/2019:07:38:00 +0000] "GET / HTTP/1.1" 200 2523 "-" "Mozilla/5.0 (Windows NT 6.1) AppleWebKit/537.36 (KHTML, like Gecko) Chrome/35.0.1916.153 Safari/537.36"
::ffff:120.211.63.54 - - [29/May/2019:07:39:00 +0000] "GET /process HTTP/1.1" 304 - "-" "Mozilla/5.0 (Windows NT 10.0; Win64; x64) AppleWebKit/537.36 (KHTML, like Gecko) Chrome/74.0.3729.169 Safari/537.36"
::ffff:120.211.63.54 - - [29/May/2019:07:39:01 +0000] "GET /weather HTTP/1.1" 304 - "http://www.wangshuaishuai.com/process" "Mozilla/5.0 (Windows NT 10.0; Win64; x64) AppleWebKit/537.36 (KHTML, like Gecko) Chrome/74.0.3729.169 Safari/537.36"
::ffff:120.211.63.54 - - [29/May/2019:07:39:01 +0000] "GET /handlebars HTTP/1.1" 200 12 "http://www.wangshuaishuai.com/process" "Mozilla/5.0 (Windows NT 10.0; Win64; x64) AppleWebKit/537.36 (KHTML, like Gecko) Chrome/74.0.3729.169 Safari/537.36"
::ffff:120.211.63.54 - - [29/May/2019:07:40:02 +0000] "GET /process HTTP/1.1" 304 - "-" "Mozilla/5.0 (Windows NT 10.0; Win64; x64) AppleWebKit/537.36 (KHTML, like Gecko) Chrome/74.0.3729.169 Safari/537.36"
::ffff:120.211.63.54 - - [29/May/2019:07:40:02 +0000] "GET /handlebars HTTP/1.1" 200 12 "http://www.wangshuaishuai.com/process" "Mozilla/5.0 (Windows NT 10.0; Win64; x64) AppleWebKit/537.36 (KHTML, like Gecko) Chrome/74.0.3729.169 Safari/537.36"
::ffff:120.211.63.54 - - [29/May/2019:07:40:02 +0000] "GET /weather HTTP/1.1" 304 - "http://www.wangshuaishuai.com/process" "Mozilla/5.0 (Windows NT 10.0; Win64; x64) AppleWebKit/537.36 (KHTML, like Gecko) Chrome/74.0.3729.169 Safari/537.36"
::ffff:120.211.63.50 - - [29/May/2019:07:40:10 +0000] "GET /start HTTP/1.1" 200 3415 "http://wangshuaishuai.com/" "Mozilla/5.0 (Windows NT 10.0; WOW64) AppleWebKit/537.36 (KHTML, like Gecko) Chrome/61.0.3163.100 Safari/537.36"
::ffff:120.211.63.50 - - [29/May/2019:07:40:10 +0000] "GET /handlebars HTTP/1.1" 200 12 "http://wangshuaishuai.com/start" "Mozilla/5.0 (Windows NT 10.0; WOW64) AppleWebKit/537.36 (KHTML, like Gecko) Chrome/61.0.3163.100 Safari/537.36"
::ffff:120.211.63.50 - - [29/May/2019:07:40:10 +0000] "GET /weather HTTP/1.1" 304 - "http://wangshuaishuai.com/start" "Mozilla/5.0 (Windows NT 10.0; WOW64) AppleWebKit/537.36 (KHTML, like Gecko) Chrome/61.0.3163.100 Safari/537.36"
::ffff:120.211.63.54 - - [29/May/2019:07:41:00 +0000] "GET / HTTP/1.1" 304 - "http://www.wangshuaishuai.com/process" "Mozilla/5.0 (Windows NT 10.0; Win64; x64) AppleWebKit/537.36 (KHTML, like Gecko) Chrome/74.0.3729.169 Safari/537.36"
::ffff:120.211.63.54 - - [29/May/2019:07:41:00 +0000] "GET /handlebars HTTP/1.1" 200 12 "http://www.wangshuaishuai.com/" "Mozilla/5.0 (Windows NT 10.0; Win64; x64) AppleWebKit/537.36 (KHTML, like Gecko) Chrome/74.0.3729.169 Safari/537.36"
::ffff:120.211.63.54 - - [29/May/2019:07:41:00 +0000] "GET /weather HTTP/1.1" 304 - "http://www.wangshuaishuai.com/" "Mozilla/5.0 (Windows NT 10.0; Win64; x64) AppleWebKit/537.36 (KHTML, like Gecko) Chrome/74.0.3729.169 Safari/537.36"
::ffff:120.211.63.54 - - [29/May/2019:07:42:37 +0000] "GET / HTTP/1.1" 304 - "http://www.wangshuaishuai.com/process" "Mozilla/5.0 (Windows NT 10.0; Win64; x64) AppleWebKit/537.36 (KHTML, like Gecko) Chrome/74.0.3729.169 Safari/537.36"
::ffff:120.211.63.54 - - [29/May/2019:07:42:37 +0000] "GET /weather HTTP/1.1" 304 - "http://www.wangshuaishuai.com/" "Mozilla/5.0 (Windows NT 10.0; Win64; x64) AppleWebKit/537.36 (KHTML, like Gecko) Chrome/74.0.3729.169 Safari/537.36"
::ffff:120.211.63.54 - - [29/May/2019:07:42:37 +0000] "GET /handlebars HTTP/1.1" 200 12 "http://www.wangshuaishuai.com/" "Mozilla/5.0 (Windows NT 10.0; Win64; x64) AppleWebKit/537.36 (KHTML, like Gecko) Chrome/74.0.3729.169 Safari/537.36"
::ffff:120.211.63.54 - - [29/May/2019:07:44:09 +0000] "GET / HTTP/1.1" 200 2523 "http://www.wangshuaishuai.com/process" "Mozilla/5.0 (Windows NT 10.0; Win64; x64) AppleWebKit/537.36 (KHTML, like Gecko) Chrome/74.0.3729.169 Safari/537.36"
::ffff:120.211.63.54 - - [29/May/2019:07:44:09 +0000] "GET /handlebars HTTP/1.1" 200 12 "http://www.wangshuaishuai.com/" "Mozilla/5.0 (Windows NT 10.0; Win64; x64) AppleWebKit/537.36 (KHTML, like Gecko) Chrome/74.0.3729.169 Safari/537.36"
::ffff:120.211.63.54 - - [29/May/2019:07:44:10 +0000] "GET /weather HTTP/1.1" 304 - "http://www.wangshuaishuai.com/" "Mozilla/5.0 (Windows NT 10.0; Win64; x64) AppleWebKit/537.36 (KHTML, like Gecko) Chrome/74.0.3729.169 Safari/537.36"
::ffff:120.211.63.50 - - [29/May/2019:07:46:25 +0000] "GET /chatrecord/%7Byear%7D/%7Bmonth%7D HTTP/1.1" 404 2331 "-" "Mozilla/5.0 (Windows NT 10.0; WOW64) AppleWebKit/537.36 (KHTML, like Gecko) Chrome/61.0.3163.100 Safari/537.36"
::ffff:120.211.63.50 - - [29/May/2019:07:46:26 +0000] "GET /weather HTTP/1.1" 304 - "http://wangshuaishuai.com/chatrecord/%7Byear%7D/%7Bmonth%7D" "Mozilla/5.0 (Windows NT 10.0; WOW64) AppleWebKit/537.36 (KHTML, like Gecko) Chrome/61.0.3163.100 Safari/537.36"
::ffff:120.211.63.50 - - [29/May/2019:07:46:26 +0000] "GET /handlebars HTTP/1.1" 200 12 "http://wangshuaishuai.com/chatrecord/%7Byear%7D/%7Bmonth%7D" "Mozilla/5.0 (Windows NT 10.0; WOW64) AppleWebKit/537.36 (KHTML, like Gecko) Chrome/61.0.3163.100 Safari/537.36"
::ffff:120.211.63.50 - - [29/May/2019:07:46:28 +0000] "GET /chatrecord/%7Byear%7D/%7Bmonth%7D HTTP/1.1" 404 2331 "-" "Mozilla/5.0 (Windows NT 10.0; WOW64) AppleWebKit/537.36 (KHTML, like Gecko) Chrome/61.0.3163.100 Safari/537.36"
::ffff:120.211.63.50 - - [29/May/2019:07:46:28 +0000] "GET /weather HTTP/1.1" 304 - "http://wangshuaishuai.com/chatrecord/%7Byear%7D/%7Bmonth%7D" "Mozilla/5.0 (Windows NT 10.0; WOW64) AppleWebKit/537.36 (KHTML, like Gecko) Chrome/61.0.3163.100 Safari/537.36"
::ffff:120.211.63.50 - - [29/May/2019:07:46:28 +0000] "GET /handlebars HTTP/1.1" 304 - "http://wangshuaishuai.com/chatrecord/%7Byear%7D/%7Bmonth%7D" "Mozilla/5.0 (Windows NT 10.0; WOW64) AppleWebKit/537.36 (KHTML, like Gecko) Chrome/61.0.3163.100 Safari/537.36"
::ffff:120.211.63.50 - - [29/May/2019:07:46:28 +0000] "GET /chatrecord/%7Byear%7D/%7Bmonth%7D HTTP/1.1" 404 2331 "-" "Mozilla/5.0 (Windows NT 10.0; WOW64) AppleWebKit/537.36 (KHTML, like Gecko) Chrome/61.0.3163.100 Safari/537.36"
::ffff:120.211.63.50 - - [29/May/2019:07:46:28 +0000] "GET /handlebars HTTP/1.1" 304 - "http://wangshuaishuai.com/chatrecord/%7Byear%7D/%7Bmonth%7D" "Mozilla/5.0 (Windows NT 10.0; WOW64) AppleWebKit/537.36 (KHTML, like Gecko) Chrome/61.0.3163.100 Safari/537.36"
::ffff:120.211.63.50 - - [29/May/2019:07:46:28 +0000] "GET /weather HTTP/1.1" 304 - "http://wangshuaishuai.com/chatrecord/%7Byear%7D/%7Bmonth%7D" "Mozilla/5.0 (Windows NT 10.0; WOW64) AppleWebKit/537.36 (KHTML, like Gecko) Chrome/61.0.3163.100 Safari/537.36"
::ffff:120.211.63.50 - - [29/May/2019:07:46:29 +0000] "GET /chatrecord/%7Byear%7D/%7Bmonth%7D HTTP/1.1" 404 2331 "-" "Mozilla/5.0 (Windows NT 10.0; WOW64) AppleWebKit/537.36 (KHTML, like Gecko) Chrome/61.0.3163.100 Safari/537.36"
::ffff:120.211.63.50 - - [29/May/2019:07:46:29 +0000] "GET /weather HTTP/1.1" 304 - "http://wangshuaishuai.com/chatrecord/%7Byear%7D/%7Bmonth%7D" "Mozilla/5.0 (Windows NT 10.0; WOW64) AppleWebKit/537.36 (KHTML, like Gecko) Chrome/61.0.3163.100 Safari/537.36"
::ffff:120.211.63.50 - - [29/May/2019:07:46:29 +0000] "GET /handlebars HTTP/1.1" 304 - "http://wangshuaishuai.com/chatrecord/%7Byear%7D/%7Bmonth%7D" "Mozilla/5.0 (Windows NT 10.0; WOW64) AppleWebKit/537.36 (KHTML, like Gecko) Chrome/61.0.3163.100 Safari/537.36"
::ffff:120.211.63.50 - - [29/May/2019:07:46:29 +0000] "GET /chatrecord/%7Byear%7D/%7Bmonth%7D HTTP/1.1" 404 2331 "-" "Mozilla/5.0 (Windows NT 10.0; WOW64) AppleWebKit/537.36 (KHTML, like Gecko) Chrome/61.0.3163.100 Safari/537.36"
::ffff:120.211.63.50 - - [29/May/2019:07:46:29 +0000] "GET /weather HTTP/1.1" 304 - "http://wangshuaishuai.com/chatrecord/%7Byear%7D/%7Bmonth%7D" "Mozilla/5.0 (Windows NT 10.0; WOW64) AppleWebKit/537.36 (KHTML, like Gecko) Chrome/61.0.3163.100 Safari/537.36"
::ffff:120.211.63.50 - - [29/May/2019:07:46:29 +0000] "GET /handlebars HTTP/1.1" 304 - "http://wangshuaishuai.com/chatrecord/%7Byear%7D/%7Bmonth%7D" "Mozilla/5.0 (Windows NT 10.0; WOW64) AppleWebKit/537.36 (KHTML, like Gecko) Chrome/61.0.3163.100 Safari/537.36"
::ffff:120.211.63.50 - - [29/May/2019:07:46:29 +0000] "GET /chatrecord/%7Byear%7D/%7Bmonth%7D HTTP/1.1" 404 2331 "-" "Mozilla/5.0 (Windows NT 10.0; WOW64) AppleWebKit/537.36 (KHTML, like Gecko) Chrome/61.0.3163.100 Safari/537.36"
::ffff:120.211.63.50 - - [29/May/2019:07:46:30 +0000] "GET /handlebars HTTP/1.1" 304 - "http://wangshuaishuai.com/chatrecord/%7Byear%7D/%7Bmonth%7D" "Mozilla/5.0 (Windows NT 10.0; WOW64) AppleWebKit/537.36 (KHTML, like Gecko) Chrome/61.0.3163.100 Safari/537.36"
::ffff:120.211.63.50 - - [29/May/2019:07:46:30 +0000] "GET /weather HTTP/1.1" 304 - "http://wangshuaishuai.com/chatrecord/%7Byear%7D/%7Bmonth%7D" "Mozilla/5.0 (Windows NT 10.0; WOW64) AppleWebKit/537.36 (KHTML, like Gecko) Chrome/61.0.3163.100 Safari/537.36"
::ffff:120.211.63.54 - - [29/May/2019:07:46:43 +0000] "GET /weather HTTP/1.1" 304 - "-" "Mozilla/5.0 (Windows NT 10.0; Win64; x64) AppleWebKit/537.36 (KHTML, like Gecko) Chrome/74.0.3729.169 Safari/537.36"
::ffff:177.184.151.74 - - [29/May/2019:07:46:47 +0000] "GET / HTTP/1.1" 200 2523 "-" "Mozilla/5.0 (Macintosh; Intel Mac OS X 10_11_6) AppleWebKit/601.7.7 (KHTML, like Gecko) Version/9.1.2 Safari/601.7.7"
::ffff:120.211.63.50 - - [29/May/2019:07:46:51 +0000] "GET / HTTP/1.1" 304 - "-" "Mozilla/5.0 (Windows NT 10.0; WOW64) AppleWebKit/537.36 (KHTML, like Gecko) Chrome/61.0.3163.100 Safari/537.36"
::ffff:120.211.63.50 - - [29/May/2019:07:46:52 +0000] "GET /handlebars HTTP/1.1" 200 12 "http://wangshuaishuai.com/" "Mozilla/5.0 (Windows NT 10.0; WOW64) AppleWebKit/537.36 (KHTML, like Gecko) Chrome/61.0.3163.100 Safari/537.36"
::ffff:120.211.63.50 - - [29/May/2019:07:46:52 +0000] "GET /weather HTTP/1.1" 304 - "http://wangshuaishuai.com/" "Mozilla/5.0 (Windows NT 10.0; WOW64) AppleWebKit/537.36 (KHTML, like Gecko) Chrome/61.0.3163.100 Safari/537.36"
::ffff:120.211.63.50 - - [29/May/2019:07:46:55 +0000] "GET /start HTTP/1.1" 200 3415 "http://wangshuaishuai.com/" "Mozilla/5.0 (Windows NT 10.0; WOW64) AppleWebKit/537.36 (KHTML, like Gecko) Chrome/61.0.3163.100 Safari/537.36"
::ffff:120.211.63.50 - - [29/May/2019:07:46:55 +0000] "GET /handlebars HTTP/1.1" 200 12 "http://wangshuaishuai.com/start" "Mozilla/5.0 (Windows NT 10.0; WOW64) AppleWebKit/537.36 (KHTML, like Gecko) Chrome/61.0.3163.100 Safari/537.36"
::ffff:120.211.63.50 - - [29/May/2019:07:46:55 +0000] "GET /weather HTTP/1.1" 304 - "http://wangshuaishuai.com/start" "Mozilla/5.0 (Windows NT 10.0; WOW64) AppleWebKit/537.36 (KHTML, like Gecko) Chrome/61.0.3163.100 Safari/537.36"
::ffff:120.211.63.54 - - [29/May/2019:07:47:11 +0000] "GET / HTTP/1.1" 304 - "-" "Mozilla/5.0 (Windows NT 10.0; Win64; x64) AppleWebKit/537.36 (KHTML, like Gecko) Chrome/74.0.3729.169 Safari/537.36"
::ffff:120.211.63.54 - - [29/May/2019:07:47:12 +0000] "GET /weather HTTP/1.1" 304 - "http://www.wangshuaishuai.com/" "Mozilla/5.0 (Windows NT 10.0; Win64; x64) AppleWebKit/537.36 (KHTML, like Gecko) Chrome/74.0.3729.169 Safari/537.36"
::ffff:120.211.63.54 - - [29/May/2019:07:47:13 +0000] "GET /handlebars HTTP/1.1" 200 12 "http://www.wangshuaishuai.com/" "Mozilla/5.0 (Windows NT 10.0; Win64; x64) AppleWebKit/537.36 (KHTML, like Gecko) Chrome/74.0.3729.169 Safari/537.36"
::ffff:183.192.164.71 - - [29/May/2019:07:47:25 +0000] "GET /chatrecord/{year}/{month} HTTP/1.1" 404 2331 "-" "Mozilla/5.0 (Windows NT 6.1; WOW64; rv:50.0) Gecko/20100101 Firefox/50.0"
::ffff:120.211.63.50 - - [29/May/2019:07:48:27 +0000] "GET /thank-you HTTP/1.1" 304 - "http://wangshuaishuai.com/start" "Mozilla/5.0 (Windows NT 10.0; WOW64) AppleWebKit/537.36 (KHTML, like Gecko) Chrome/61.0.3163.100 Safari/537.36"
::ffff:120.211.63.50 - - [29/May/2019:07:48:28 +0000] "GET /handlebars HTTP/1.1" 200 12 "http://wangshuaishuai.com/thank-you" "Mozilla/5.0 (Windows NT 10.0; WOW64) AppleWebKit/537.36 (KHTML, like Gecko) Chrome/61.0.3163.100 Safari/537.36"
::ffff:120.211.63.50 - - [29/May/2019:07:48:28 +0000] "GET /weather HTTP/1.1" 304 - "http://wangshuaishuai.com/thank-you" "Mozilla/5.0 (Windows NT 10.0; WOW64) AppleWebKit/537.36 (KHTML, like Gecko) Chrome/61.0.3163.100 Safari/537.36"
::ffff:120.211.63.50 - - [29/May/2019:07:48:31 +0000] "GET /process HTTP/1.1" 200 46618 "http://wangshuaishuai.com/thank-you" "Mozilla/5.0 (Windows NT 10.0; WOW64) AppleWebKit/537.36 (KHTML, like Gecko) Chrome/61.0.3163.100 Safari/537.36"
::ffff:120.211.63.50 - - [29/May/2019:07:48:32 +0000] "GET /weather HTTP/1.1" 304 - "http://wangshuaishuai.com/process" "Mozilla/5.0 (Windows NT 10.0; WOW64) AppleWebKit/537.36 (KHTML, like Gecko) Chrome/61.0.3163.100 Safari/537.36"
::ffff:120.211.63.50 - - [29/May/2019:07:48:32 +0000] "GET /handlebars HTTP/1.1" 200 12 "http://wangshuaishuai.com/process" "Mozilla/5.0 (Windows NT 10.0; WOW64) AppleWebKit/537.36 (KHTML, like Gecko) Chrome/61.0.3163.100 Safari/537.36"
::ffff:120.211.63.54 - - [29/May/2019:07:53:29 +0000] "GET /keguan HTTP/1.1" 200 6577948 "-" "Mozilla/5.0 (Windows NT 10.0; Win64; x64) AppleWebKit/537.36 (KHTML, like Gecko) Chrome/74.0.3729.169 Safari/537.36"
::ffff:120.211.63.54 - - [29/May/2019:07:56:07 +0000] "GET / HTTP/1.1" 304 - "-" "Mozilla/5.0 (Windows NT 10.0; Win64; x64) AppleWebKit/537.36 (KHTML, like Gecko) Chrome/74.0.3729.169 Safari/537.36"
::ffff:120.211.63.54 - - [29/May/2019:07:56:11 +0000] "GET /weather HTTP/1.1" 304 - "http://wangshuaishuai.com/" "Mozilla/5.0 (Windows NT 10.0; Win64; x64) AppleWebKit/537.36 (KHTML, like Gecko) Chrome/74.0.3729.169 Safari/537.36"
::ffff:120.211.63.54 - - [29/May/2019:07:56:11 +0000] "GET /handlebars HTTP/1.1" 200 12 "http://wangshuaishuai.com/" "Mozilla/5.0 (Windows NT 10.0; Win64; x64) AppleWebKit/537.36 (KHTML, like Gecko) Chrome/74.0.3729.169 Safari/537.36"
::ffff:120.211.63.54 - - [29/May/2019:07:58:42 +0000] "GET /keguan HTTP/1.1" 200 6577948 "-" "Mozilla/5.0 (Windows NT 10.0; Win64; x64) AppleWebKit/537.36 (KHTML, like Gecko) Chrome/74.0.3729.169 Safari/537.36"
- - - [29/May/2019:07:58:44 +0000] "GET / HTTP/1.1" - - "-" "Mozilla/5.0 (Windows NT 6.1) AppleWebKit/537.36 (KHTML, like Gecko) Chrome/35.0.1916.153 Safari/537.36"
::ffff:120.211.63.54 - - [29/May/2019:08:07:29 +0000] "GET /process HTTP/1.1" 200 46618 "-" "Mozilla/5.0 (Windows NT 10.0; Win64; x64) AppleWebKit/537.36 (KHTML, like Gecko) Chrome/74.0.3729.169 Safari/537.36"
::ffff:120.211.63.54 - - [29/May/2019:08:07:31 +0000] "GET /handlebars HTTP/1.1" 200 12 "http://wangshuaishuai.com/process" "Mozilla/5.0 (Windows NT 10.0; Win64; x64) AppleWebKit/537.36 (KHTML, like Gecko) Chrome/74.0.3729.169 Safari/537.36"
::ffff:120.211.63.54 - - [29/May/2019:08:07:31 +0000] "GET /weather HTTP/1.1" 304 - "http://wangshuaishuai.com/process" "Mozilla/5.0 (Windows NT 10.0; Win64; x64) AppleWebKit/537.36 (KHTML, like Gecko) Chrome/74.0.3729.169 Safari/537.36"
::ffff:120.211.63.54 - - [29/May/2019:08:07:34 +0000] "GET / HTTP/1.1" 304 - "http://wangshuaishuai.com/process" "Mozilla/5.0 (Windows NT 10.0; Win64; x64) AppleWebKit/537.36 (KHTML, like Gecko) Chrome/74.0.3729.169 Safari/537.36"
::ffff:120.211.63.54 - - [29/May/2019:08:07:37 +0000] "GET /weather HTTP/1.1" 304 - "http://wangshuaishuai.com/" "Mozilla/5.0 (Windows NT 10.0; Win64; x64) AppleWebKit/537.36 (KHTML, like Gecko) Chrome/74.0.3729.169 Safari/537.36"
::ffff:120.211.63.54 - - [29/May/2019:08:07:39 +0000] "GET /handlebars HTTP/1.1" 200 12 "http://wangshuaishuai.com/" "Mozilla/5.0 (Windows NT 10.0; Win64; x64) AppleWebKit/537.36 (KHTML, like Gecko) Chrome/74.0.3729.169 Safari/537.36"
::ffff:120.211.63.54 - - [29/May/2019:08:07:42 +0000] "GET /process HTTP/1.1" 304 - "-" "Mozilla/5.0 (Windows NT 10.0; Win64; x64) AppleWebKit/537.36 (KHTML, like Gecko) Chrome/74.0.3729.169 Safari/537.36"
::ffff:120.211.63.54 - - [29/May/2019:08:07:44 +0000] "GET /handlebars HTTP/1.1" 200 12 "http://wangshuaishuai.com/process" "Mozilla/5.0 (Windows NT 10.0; Win64; x64) AppleWebKit/537.36 (KHTML, like Gecko) Chrome/74.0.3729.169 Safari/537.36"
::ffff:120.211.63.54 - - [29/May/2019:08:07:44 +0000] "GET /weather HTTP/1.1" 304 - "http://wangshuaishuai.com/process" "Mozilla/5.0 (Windows NT 10.0; Win64; x64) AppleWebKit/537.36 (KHTML, like Gecko) Chrome/74.0.3729.169 Safari/537.36"
::ffff:119.90.123.33 - - [29/May/2019:08:08:51 +0000] "GET / HTTP/1.1" 200 2523 "-" "Mozilla/5.0 (Windows NT 6.1; Win64; x64) AppleWebKit/537.36 (KHTML, like Gecko) Chrome/74.0.3729.169 Safari/537.36"
::ffff:120.211.63.54 - - [29/May/2019:08:09:09 +0000] "GET /process HTTP/1.1" 304 - "-" "Mozilla/5.0 (Windows NT 10.0; Win64; x64) AppleWebKit/537.36 (KHTML, like Gecko) Chrome/74.0.3729.169 Safari/537.36"
::ffff:120.211.63.54 - - [29/May/2019:08:09:10 +0000] "GET /handlebars HTTP/1.1" 200 12 "http://wangshuaishuai.com/process" "Mozilla/5.0 (Windows NT 10.0; Win64; x64) AppleWebKit/537.36 (KHTML, like Gecko) Chrome/74.0.3729.169 Safari/537.36"
::ffff:120.211.63.54 - - [29/May/2019:08:09:10 +0000] "GET /weather HTTP/1.1" 304 - "http://wangshuaishuai.com/process" "Mozilla/5.0 (Windows NT 10.0; Win64; x64) AppleWebKit/537.36 (KHTML, like Gecko) Chrome/74.0.3729.169 Safari/537.36"
::ffff:120.211.63.54 - - [29/May/2019:08:11:04 +0000] "GET / HTTP/1.1" 304 - "http://wangshuaishuai.com/process" "Mozilla/5.0 (Windows NT 10.0; Win64; x64) AppleWebKit/537.36 (KHTML, like Gecko) Chrome/74.0.3729.169 Safari/537.36"
::ffff:120.211.63.54 - - [29/May/2019:08:11:04 +0000] "GET /handlebars HTTP/1.1" 200 12 "http://wangshuaishuai.com/" "Mozilla/5.0 (Windows NT 10.0; Win64; x64) AppleWebKit/537.36 (KHTML, like Gecko) Chrome/74.0.3729.169 Safari/537.36"
::ffff:120.211.63.54 - - [29/May/2019:08:11:04 +0000] "GET /weather HTTP/1.1" 304 - "http://wangshuaishuai.com/" "Mozilla/5.0 (Windows NT 10.0; Win64; x64) AppleWebKit/537.36 (KHTML, like Gecko) Chrome/74.0.3729.169 Safari/537.36"
::ffff:120.211.63.54 - - [29/May/2019:08:11:11 +0000] "GET /process HTTP/1.1" 304 - "-" "Mozilla/5.0 (Windows NT 10.0; Win64; x64) AppleWebKit/537.36 (KHTML, like Gecko) Chrome/74.0.3729.169 Safari/537.36"
::ffff:120.211.63.54 - - [29/May/2019:08:11:12 +0000] "GET /handlebars HTTP/1.1" 200 12 "http://www.wangshuaishuai.com/process" "Mozilla/5.0 (Windows NT 10.0; Win64; x64) AppleWebKit/537.36 (KHTML, like Gecko) Chrome/74.0.3729.169 Safari/537.36"
::ffff:120.211.63.54 - - [29/May/2019:08:11:12 +0000] "GET /weather HTTP/1.1" 304 - "http://www.wangshuaishuai.com/process" "Mozilla/5.0 (Windows NT 10.0; Win64; x64) AppleWebKit/537.36 (KHTML, like Gecko) Chrome/74.0.3729.169 Safari/537.36"
::ffff:183.3.239.169 - - [29/May/2019:08:11:23 +0000] "GET /process HTTP/1.0" 200 46618 "-" "Mozilla/5.0 (compatible; MSIE 9.0; Windows NT 6.1; Trident/5.0)"
::ffff:120.211.63.50 - - [29/May/2019:08:11:34 +0000] "GET /process HTTP/1.1" 200 46618 "-" "Mozilla/5.0 (Windows NT 10.0; WOW64) AppleWebKit/537.36 (KHTML, like Gecko) Chrome/61.0.3163.100 Safari/537.36"
::ffff:120.211.63.50 - - [29/May/2019:08:11:35 +0000] "GET /handlebars HTTP/1.1" 200 12 "http://www.wangshuaishuai.com/process" "Mozilla/5.0 (Windows NT 10.0; WOW64) AppleWebKit/537.36 (KHTML, like Gecko) Chrome/61.0.3163.100 Safari/537.36"
::ffff:120.211.63.50 - - [29/May/2019:08:11:35 +0000] "GET /weather HTTP/1.1" 200 53 "http://www.wangshuaishuai.com/process" "Mozilla/5.0 (Windows NT 10.0; WOW64) AppleWebKit/537.36 (KHTML, like Gecko) Chrome/61.0.3163.100 Safari/537.36"
::ffff:58.247.204.63 - - [29/May/2019:08:12:22 +0000] "GET /process HTTP/1.1" 200 46618 "-" "Mozilla/5.0 (Windows NT 6.1; WOW64) AppleWebKit/537.36 (KHTML, like Gecko) Chrome/56.0.2924.87 Safari/537.36"
::ffff:120.211.63.50 - - [29/May/2019:08:13:26 +0000] "GET /process HTTP/1.1" 304 - "-" "Mozilla/5.0 (Windows NT 10.0; WOW64) AppleWebKit/537.36 (KHTML, like Gecko) Chrome/61.0.3163.100 Safari/537.36"
::ffff:120.211.63.50 - - [29/May/2019:08:13:27 +0000] "GET /handlebars HTTP/1.1" 200 12 "http://www.wangshuaishuai.com/process" "Mozilla/5.0 (Windows NT 10.0; WOW64) AppleWebKit/537.36 (KHTML, like Gecko) Chrome/61.0.3163.100 Safari/537.36"
::ffff:120.211.63.50 - - [29/May/2019:08:13:27 +0000] "GET /weather HTTP/1.1" 304 - "http://www.wangshuaishuai.com/process" "Mozilla/5.0 (Windows NT 10.0; WOW64) AppleWebKit/537.36 (KHTML, like Gecko) Chrome/61.0.3163.100 Safari/537.36"
::ffff:120.211.63.50 - - [29/May/2019:08:14:16 +0000] "GET / HTTP/1.1" 200 2523 "-" "Mozilla/5.0 (Windows NT 10.0; WOW64) AppleWebKit/537.36 (KHTML, like Gecko) Chrome/61.0.3163.100 Safari/537.36"
::ffff:120.211.63.50 - - [29/May/2019:08:14:16 +0000] "GET /handlebars HTTP/1.1" 200 12 "http://www.wangshuaishuai.com/" "Mozilla/5.0 (Windows NT 10.0; WOW64) AppleWebKit/537.36 (KHTML, like Gecko) Chrome/61.0.3163.100 Safari/537.36"
::ffff:120.211.63.50 - - [29/May/2019:08:14:16 +0000] "GET /weather HTTP/1.1" 304 - "http://www.wangshuaishuai.com/" "Mozilla/5.0 (Windows NT 10.0; WOW64) AppleWebKit/537.36 (KHTML, like Gecko) Chrome/61.0.3163.100 Safari/537.36"
::ffff:120.211.63.50 - - [29/May/2019:08:14:18 +0000] "GET /start HTTP/1.1" 200 3415 "http://www.wangshuaishuai.com/" "Mozilla/5.0 (Windows NT 10.0; WOW64) AppleWebKit/537.36 (KHTML, like Gecko) Chrome/61.0.3163.100 Safari/537.36"
::ffff:120.211.63.50 - - [29/May/2019:08:14:18 +0000] "GET /handlebars HTTP/1.1" 200 12 "http://www.wangshuaishuai.com/start" "Mozilla/5.0 (Windows NT 10.0; WOW64) AppleWebKit/537.36 (KHTML, like Gecko) Chrome/61.0.3163.100 Safari/537.36"
::ffff:120.211.63.50 - - [29/May/2019:08:14:18 +0000] "GET /weather HTTP/1.1" 304 - "http://www.wangshuaishuai.com/start" "Mozilla/5.0 (Windows NT 10.0; WOW64) AppleWebKit/537.36 (KHTML, like Gecko) Chrome/61.0.3163.100 Safari/537.36"
::ffff:65.154.226.109 - - [29/May/2019:08:15:41 +0000] "GET / HTTP/1.1" 200 2523 "-" "Mozilla/4.0 (compatible; MSIE 8.0; Windows NT 6.1; WOW64; Trident/4.0; SLCC2; .NET CLR 2.0.50727; .NET CLR 3.5.30729; .NET CLR 3.0.30729; Media Center PC 6.0; .NET4.0C; .NET4.0E; InfoPath.2)"
::ffff:65.154.226.109 - - [29/May/2019:08:15:42 +0000] "GET /weather HTTP/1.1" 200 53 "-" "Mozilla/4.0 (compatible; MSIE 8.0; Windows NT 6.1; WOW64; Trident/4.0; SLCC2; .NET CLR 2.0.50727; .NET CLR 3.5.30729; .NET CLR 3.0.30729; Media Center PC 6.0; .NET4.0C; .NET4.0E; InfoPath.2)"
::ffff:65.154.226.109 - - [29/May/2019:08:15:42 +0000] "GET /handlebars HTTP/1.1" 200 12 "-" "Mozilla/4.0 (compatible; MSIE 8.0; Windows NT 6.1; WOW64; Trident/4.0; SLCC2; .NET CLR 2.0.50727; .NET CLR 3.5.30729; .NET CLR 3.0.30729; Media Center PC 6.0; .NET4.0C; .NET4.0E; InfoPath.2)"
::ffff:120.211.63.50 - - [29/May/2019:08:15:51 +0000] "GET /thank-you HTTP/1.1" 200 2504 "http://www.wangshuaishuai.com/start" "Mozilla/5.0 (Windows NT 10.0; WOW64) AppleWebKit/537.36 (KHTML, like Gecko) Chrome/61.0.3163.100 Safari/537.36"
::ffff:120.211.63.50 - - [29/May/2019:08:15:51 +0000] "GET /weather HTTP/1.1" 304 - "http://www.wangshuaishuai.com/thank-you" "Mozilla/5.0 (Windows NT 10.0; WOW64) AppleWebKit/537.36 (KHTML, like Gecko) Chrome/61.0.3163.100 Safari/537.36"
::ffff:120.211.63.50 - - [29/May/2019:08:15:51 +0000] "GET /handlebars HTTP/1.1" 200 12 "http://www.wangshuaishuai.com/thank-you" "Mozilla/5.0 (Windows NT 10.0; WOW64) AppleWebKit/537.36 (KHTML, like Gecko) Chrome/61.0.3163.100 Safari/537.36"
::ffff:103.135.38.251 - - [29/May/2019:08:16:07 +0000] "GET / HTTP/1.1" - - "-" "Mozilla/5.0 (Windows NT 6.1; WOW64) AppleWebKit/537.36 (KHTML, like Gecko) Chrome/51.0.2704.103 Safari/537.36"
::ffff:120.211.63.50 - - [29/May/2019:08:16:09 +0000] "GET /process HTTP/1.1" 304 - "http://www.wangshuaishuai.com/thank-you" "Mozilla/5.0 (Windows NT 10.0; WOW64) AppleWebKit/537.36 (KHTML, like Gecko) Chrome/61.0.3163.100 Safari/537.36"
::ffff:120.211.63.50 - - [29/May/2019:08:16:09 +0000] "GET /handlebars HTTP/1.1" 200 12 "http://www.wangshuaishuai.com/process" "Mozilla/5.0 (Windows NT 10.0; WOW64) AppleWebKit/537.36 (KHTML, like Gecko) Chrome/61.0.3163.100 Safari/537.36"
::ffff:120.211.63.50 - - [29/May/2019:08:16:09 +0000] "GET /weather HTTP/1.1" 304 - "http://www.wangshuaishuai.com/process" "Mozilla/5.0 (Windows NT 10.0; WOW64) AppleWebKit/537.36 (KHTML, like Gecko) Chrome/61.0.3163.100 Safari/537.36"
::ffff:120.204.17.73 - - [29/May/2019:08:16:51 +0000] "GET /weather HTTP/1.1" 200 53 "http://www.wangshuaishuai.com/thank-you" "Mozilla/5.0 (Macintosh; Intel Mac OS X 10_12_4) AppleWebKit/537.36 (KHTML, like Gecko) 			Chrome/55.0.2883.95 Safari/537.36"
::ffff:120.204.17.71 - - [29/May/2019:08:16:53 +0000] "GET /handlebars HTTP/1.1" 200 12 "http://www.wangshuaishuai.com/thank-you" "Mozilla/5.0 (Macintosh; Intel Mac OS X 10_12_4) AppleWebKit/537.36 (KHTML, like Gecko) 			Chrome/55.0.2883.95 Safari/537.36"
::ffff:58.246.221.162 - - [29/May/2019:08:17:25 +0000] "GET /process HTTP/1.1" 200 46618 "-" "Mozilla/5.0 (Windows NT 6.1; WOW64) AppleWebKit/537.36 (KHTML, like Gecko) Chrome/53.0.2785.104 Safari/537.36 Core/1.53.2141.400 QQBrowser/9.5.10219.400"
::ffff:120.211.63.50 - - [29/May/2019:08:19:28 +0000] "GET / HTTP/1.1" 304 - "http://www.wangshuaishuai.com/process" "Mozilla/5.0 (Windows NT 10.0; WOW64) AppleWebKit/537.36 (KHTML, like Gecko) Chrome/61.0.3163.100 Safari/537.36"
::ffff:120.211.63.50 - - [29/May/2019:08:19:28 +0000] "GET /weather HTTP/1.1" 304 - "http://www.wangshuaishuai.com/" "Mozilla/5.0 (Windows NT 10.0; WOW64) AppleWebKit/537.36 (KHTML, like Gecko) Chrome/61.0.3163.100 Safari/537.36"
::ffff:120.211.63.50 - - [29/May/2019:08:19:28 +0000] "GET /handlebars HTTP/1.1" 200 12 "http://www.wangshuaishuai.com/" "Mozilla/5.0 (Windows NT 10.0; WOW64) AppleWebKit/537.36 (KHTML, like Gecko) Chrome/61.0.3163.100 Safari/537.36"
::ffff:120.211.63.50 - - [29/May/2019:08:19:30 +0000] "GET /start HTTP/1.1" 200 3401 "http://www.wangshuaishuai.com/" "Mozilla/5.0 (Windows NT 10.0; WOW64) AppleWebKit/537.36 (KHTML, like Gecko) Chrome/61.0.3163.100 Safari/537.36"
::ffff:120.211.63.50 - - [29/May/2019:08:19:30 +0000] "GET /handlebars HTTP/1.1" 200 12 "http://www.wangshuaishuai.com/start" "Mozilla/5.0 (Windows NT 10.0; WOW64) AppleWebKit/537.36 (KHTML, like Gecko) Chrome/61.0.3163.100 Safari/537.36"
::ffff:120.211.63.50 - - [29/May/2019:08:19:30 +0000] "GET /weather HTTP/1.1" 304 - "http://www.wangshuaishuai.com/start" "Mozilla/5.0 (Windows NT 10.0; WOW64) AppleWebKit/537.36 (KHTML, like Gecko) Chrome/61.0.3163.100 Safari/537.36"
::ffff:120.211.63.50 - - [29/May/2019:08:19:47 +0000] "GET /thank-you HTTP/1.1" 304 - "http://www.wangshuaishuai.com/start" "Mozilla/5.0 (Windows NT 10.0; WOW64) AppleWebKit/537.36 (KHTML, like Gecko) Chrome/61.0.3163.100 Safari/537.36"
::ffff:120.211.63.50 - - [29/May/2019:08:19:47 +0000] "GET /handlebars HTTP/1.1" 200 12 "http://www.wangshuaishuai.com/thank-you" "Mozilla/5.0 (Windows NT 10.0; WOW64) AppleWebKit/537.36 (KHTML, like Gecko) Chrome/61.0.3163.100 Safari/537.36"
::ffff:120.211.63.50 - - [29/May/2019:08:19:47 +0000] "GET /weather HTTP/1.1" 304 - "http://www.wangshuaishuai.com/thank-you" "Mozilla/5.0 (Windows NT 10.0; WOW64) AppleWebKit/537.36 (KHTML, like Gecko) Chrome/61.0.3163.100 Safari/537.36"
::ffff:120.211.63.50 - - [29/May/2019:08:19:49 +0000] "GET /process HTTP/1.1" - - "http://www.wangshuaishuai.com/thank-you" "Mozilla/5.0 (Windows NT 10.0; WOW64) AppleWebKit/537.36 (KHTML, like Gecko) Chrome/61.0.3163.100 Safari/537.36"
::ffff:120.211.63.50 - - [29/May/2019:08:20:57 +0000] "GET /process HTTP/1.1" 200 48590 "-" "Mozilla/5.0 (Windows NT 10.0; WOW64) AppleWebKit/537.36 (KHTML, like Gecko) Chrome/61.0.3163.100 Safari/537.36"
::ffff:120.211.63.50 - - [29/May/2019:08:20:58 +0000] "GET /handlebars HTTP/1.1" 200 12 "http://www.wangshuaishuai.com/process" "Mozilla/5.0 (Windows NT 10.0; WOW64) AppleWebKit/537.36 (KHTML, like Gecko) Chrome/61.0.3163.100 Safari/537.36"
::ffff:120.211.63.50 - - [29/May/2019:08:20:59 +0000] "GET /weather HTTP/1.1" 304 - "http://www.wangshuaishuai.com/process" "Mozilla/5.0 (Windows NT 10.0; WOW64) AppleWebKit/537.36 (KHTML, like Gecko) Chrome/61.0.3163.100 Safari/537.36"
::ffff:120.211.63.54 - - [29/May/2019:08:22:13 +0000] "GET /process HTTP/1.1" 200 48590 "-" "Mozilla/5.0 (Windows NT 10.0; Win64; x64) AppleWebKit/537.36 (KHTML, like Gecko) Chrome/74.0.3729.169 Safari/537.36"
::ffff:120.211.63.54 - - [29/May/2019:08:22:15 +0000] "GET /handlebars HTTP/1.1" 200 12 "http://www.wangshuaishuai.com/process" "Mozilla/5.0 (Windows NT 10.0; Win64; x64) AppleWebKit/537.36 (KHTML, like Gecko) Chrome/74.0.3729.169 Safari/537.36"
::ffff:120.211.63.54 - - [29/May/2019:08:22:15 +0000] "GET /weather HTTP/1.1" 304 - "http://www.wangshuaishuai.com/process" "Mozilla/5.0 (Windows NT 10.0; Win64; x64) AppleWebKit/537.36 (KHTML, like Gecko) Chrome/74.0.3729.169 Safari/537.36"
::ffff:120.211.63.50 - - [29/May/2019:08:22:29 +0000] "GET / HTTP/1.1" 304 - "http://www.wangshuaishuai.com/process" "Mozilla/5.0 (Windows NT 10.0; WOW64) AppleWebKit/537.36 (KHTML, like Gecko) Chrome/61.0.3163.100 Safari/537.36"
::ffff:120.211.63.50 - - [29/May/2019:08:22:30 +0000] "GET /handlebars HTTP/1.1" 200 12 "http://www.wangshuaishuai.com/" "Mozilla/5.0 (Windows NT 10.0; WOW64) AppleWebKit/537.36 (KHTML, like Gecko) Chrome/61.0.3163.100 Safari/537.36"
::ffff:120.211.63.50 - - [29/May/2019:08:22:30 +0000] "GET /weather HTTP/1.1" 304 - "http://www.wangshuaishuai.com/" "Mozilla/5.0 (Windows NT 10.0; WOW64) AppleWebKit/537.36 (KHTML, like Gecko) Chrome/61.0.3163.100 Safari/537.36"
::ffff:120.211.63.50 - - [29/May/2019:08:23:01 +0000] "GET /start HTTP/1.1" 200 3425 "http://www.wangshuaishuai.com/" "Mozilla/5.0 (Windows NT 10.0; WOW64) AppleWebKit/537.36 (KHTML, like Gecko) Chrome/61.0.3163.100 Safari/537.36"
::ffff:120.211.63.50 - - [29/May/2019:08:23:02 +0000] "GET /handlebars HTTP/1.1" 200 12 "http://www.wangshuaishuai.com/start" "Mozilla/5.0 (Windows NT 10.0; WOW64) AppleWebKit/537.36 (KHTML, like Gecko) Chrome/61.0.3163.100 Safari/537.36"
::ffff:120.211.63.50 - - [29/May/2019:08:23:02 +0000] "GET /weather HTTP/1.1" 304 - "http://www.wangshuaishuai.com/start" "Mozilla/5.0 (Windows NT 10.0; WOW64) AppleWebKit/537.36 (KHTML, like Gecko) Chrome/61.0.3163.100 Safari/537.36"
::ffff:120.211.63.50 - - [29/May/2019:08:23:16 +0000] "GET /thank-you HTTP/1.1" 304 - "http://www.wangshuaishuai.com/start" "Mozilla/5.0 (Windows NT 10.0; WOW64) AppleWebKit/537.36 (KHTML, like Gecko) Chrome/61.0.3163.100 Safari/537.36"
::ffff:120.211.63.50 - - [29/May/2019:08:23:16 +0000] "GET /handlebars HTTP/1.1" 200 12 "http://www.wangshuaishuai.com/thank-you" "Mozilla/5.0 (Windows NT 10.0; WOW64) AppleWebKit/537.36 (KHTML, like Gecko) Chrome/61.0.3163.100 Safari/537.36"
::ffff:120.211.63.50 - - [29/May/2019:08:23:16 +0000] "GET /weather HTTP/1.1" 304 - "http://www.wangshuaishuai.com/thank-you" "Mozilla/5.0 (Windows NT 10.0; WOW64) AppleWebKit/537.36 (KHTML, like Gecko) Chrome/61.0.3163.100 Safari/537.36"
::ffff:120.211.63.50 - - [29/May/2019:08:23:20 +0000] "GET /process HTTP/1.1" 200 48241 "http://www.wangshuaishuai.com/thank-you" "Mozilla/5.0 (Windows NT 10.0; WOW64) AppleWebKit/537.36 (KHTML, like Gecko) Chrome/61.0.3163.100 Safari/537.36"
::ffff:120.211.63.50 - - [29/May/2019:08:23:21 +0000] "GET /handlebars HTTP/1.1" 200 12 "http://www.wangshuaishuai.com/process" "Mozilla/5.0 (Windows NT 10.0; WOW64) AppleWebKit/537.36 (KHTML, like Gecko) Chrome/61.0.3163.100 Safari/537.36"
::ffff:120.211.63.50 - - [29/May/2019:08:23:21 +0000] "GET /weather HTTP/1.1" 304 - "http://www.wangshuaishuai.com/process" "Mozilla/5.0 (Windows NT 10.0; WOW64) AppleWebKit/537.36 (KHTML, like Gecko) Chrome/61.0.3163.100 Safari/537.36"
::ffff:120.211.63.54 - - [29/May/2019:08:26:04 +0000] "GET /process HTTP/1.1" 200 48241 "-" "Mozilla/5.0 (Windows NT 10.0; Win64; x64) AppleWebKit/537.36 (KHTML, like Gecko) Chrome/74.0.3729.169 Safari/537.36"
::ffff:120.211.63.54 - - [29/May/2019:08:26:05 +0000] "GET /handlebars HTTP/1.1" 200 12 "http://www.wangshuaishuai.com/process" "Mozilla/5.0 (Windows NT 10.0; Win64; x64) AppleWebKit/537.36 (KHTML, like Gecko) Chrome/74.0.3729.169 Safari/537.36"
::ffff:120.211.63.54 - - [29/May/2019:08:26:05 +0000] "GET /weather HTTP/1.1" 304 - "http://www.wangshuaishuai.com/process" "Mozilla/5.0 (Windows NT 10.0; Win64; x64) AppleWebKit/537.36 (KHTML, like Gecko) Chrome/74.0.3729.169 Safari/537.36"
::ffff:65.154.226.100 - - [29/May/2019:08:28:26 +0000] "GET / HTTP/1.1" 200 2523 "-" "Apache-HttpClient/4.5.6 (Java/1.8.0_212)"
::ffff:120.211.63.54 - - [29/May/2019:08:57:17 +0000] "GET /process HTTP/1.1" 304 - "-" "Mozilla/5.0 (Windows NT 10.0; Win64; x64) AppleWebKit/537.36 (KHTML, like Gecko) Chrome/74.0.3729.169 Safari/537.36"
::ffff:120.211.63.54 - - [29/May/2019:08:57:20 +0000] "GET /process HTTP/1.1" 304 - "-" "Mozilla/5.0 (Windows NT 10.0; Win64; x64) AppleWebKit/537.36 (KHTML, like Gecko) Chrome/74.0.3729.169 Safari/537.36"
::ffff:120.211.63.54 - - [29/May/2019:08:57:21 +0000] "GET /weather HTTP/1.1" 304 - "http://www.wangshuaishuai.com/process" "Mozilla/5.0 (Windows NT 10.0; Win64; x64) AppleWebKit/537.36 (KHTML, like Gecko) Chrome/74.0.3729.169 Safari/537.36"
::ffff:120.211.63.54 - - [29/May/2019:08:57:21 +0000] "GET /handlebars HTTP/1.1" 200 12 "http://www.wangshuaishuai.com/process" "Mozilla/5.0 (Windows NT 10.0; Win64; x64) AppleWebKit/537.36 (KHTML, like Gecko) Chrome/74.0.3729.169 Safari/537.36"
::ffff:120.211.63.54 - - [29/May/2019:08:58:43 +0000] "GET /process HTTP/1.1" 304 - "-" "Mozilla/5.0 (Windows NT 10.0; Win64; x64) AppleWebKit/537.36 (KHTML, like Gecko) Chrome/74.0.3729.169 Safari/537.36"
::ffff:120.211.63.54 - - [29/May/2019:08:58:43 +0000] "GET /handlebars HTTP/1.1" 200 12 "http://www.wangshuaishuai.com/process" "Mozilla/5.0 (Windows NT 10.0; Win64; x64) AppleWebKit/537.36 (KHTML, like Gecko) Chrome/74.0.3729.169 Safari/537.36"
::ffff:120.211.63.54 - - [29/May/2019:08:58:43 +0000] "GET /weather HTTP/1.1" 304 - "http://www.wangshuaishuai.com/process" "Mozilla/5.0 (Windows NT 10.0; Win64; x64) AppleWebKit/537.36 (KHTML, like Gecko) Chrome/74.0.3729.169 Safari/537.36"
::ffff:120.211.63.54 - - [29/May/2019:09:06:50 +0000] "GET / HTTP/1.1" 304 - "http://www.wangshuaishuai.com/process" "Mozilla/5.0 (Windows NT 10.0; Win64; x64) AppleWebKit/537.36 (KHTML, like Gecko) Chrome/74.0.3729.169 Safari/537.36"
::ffff:120.211.63.54 - - [29/May/2019:09:06:50 +0000] "GET /handlebars HTTP/1.1" 200 12 "http://www.wangshuaishuai.com/" "Mozilla/5.0 (Windows NT 10.0; Win64; x64) AppleWebKit/537.36 (KHTML, like Gecko) Chrome/74.0.3729.169 Safari/537.36"
::ffff:120.211.63.54 - - [29/May/2019:09:06:51 +0000] "GET /weather HTTP/1.1" 304 - "http://www.wangshuaishuai.com/" "Mozilla/5.0 (Windows NT 10.0; Win64; x64) AppleWebKit/537.36 (KHTML, like Gecko) Chrome/74.0.3729.169 Safari/537.36"
::ffff:183.136.190.40 - - [29/May/2019:09:08:42 +0000] "GET / HTTP/1.1" 200 2523 "-" "Mozilla/5.0 (Windows NT 6.1) AppleWebKit/537.36 (KHTML, like Gecko) Chrome/35.0.1916.153 Safari/537.36"
::ffff:183.136.190.40 - - [29/May/2019:09:21:47 +0000] "GET / HTTP/1.1" 200 2523 "-" "Mozilla/5.0 (Windows NT 6.1) AppleWebKit/537.36 (KHTML, like Gecko) Chrome/35.0.1916.153 Safari/537.36"
::ffff:120.211.63.54 - - [29/May/2019:09:26:25 +0000] "GET / HTTP/1.1" 304 - "http://www.wangshuaishuai.com/process" "Mozilla/5.0 (Windows NT 10.0; Win64; x64) AppleWebKit/537.36 (KHTML, like Gecko) Chrome/74.0.3729.169 Safari/537.36"
::ffff:120.211.63.54 - - [29/May/2019:09:26:27 +0000] "GET /handlebars HTTP/1.1" 200 12 "http://www.wangshuaishuai.com/" "Mozilla/5.0 (Windows NT 10.0; Win64; x64) AppleWebKit/537.36 (KHTML, like Gecko) Chrome/74.0.3729.169 Safari/537.36"
::ffff:120.211.63.54 - - [29/May/2019:09:26:27 +0000] "GET /weather HTTP/1.1" 304 - "http://www.wangshuaishuai.com/" "Mozilla/5.0 (Windows NT 10.0; Win64; x64) AppleWebKit/537.36 (KHTML, like Gecko) Chrome/74.0.3729.169 Safari/537.36"
::ffff:183.197.99.6 - - [29/May/2019:10:39:07 +0000] "GET / HTTP/1.1" 304 - "http://www.wangshuaishuai.com/commentss" "Mozilla/5.0 (iPad; CPU OS 12_0 like Mac OS X) AppleWebKit/605.1.15 (KHTML, like Gecko) CriOS/74.0.3729.155 Mobile/15E148 Safari/605.1"
::ffff:183.197.99.6 - - [29/May/2019:10:39:08 +0000] "GET /handlebars HTTP/1.1" 200 12 "http://www.wangshuaishuai.com/" "Mozilla/5.0 (iPad; CPU OS 12_0 like Mac OS X) AppleWebKit/605.1.15 (KHTML, like Gecko) CriOS/74.0.3729.155 Mobile/15E148 Safari/605.1"
::ffff:183.197.99.6 - - [29/May/2019:10:39:09 +0000] "GET /weather HTTP/1.1" 200 43 "http://www.wangshuaishuai.com/" "Mozilla/5.0 (iPad; CPU OS 12_0 like Mac OS X) AppleWebKit/605.1.15 (KHTML, like Gecko) CriOS/74.0.3729.155 Mobile/15E148 Safari/605.1"
::ffff:123.151.144.161 - - [29/May/2019:10:55:49 +0000] "GET / HTTP/1.1" 200 2523 "-" "Mozilla/4.0 (compatible; MSIE 6.0; Windows NT 5.2; .NET CLR 1.1.4322)"
::ffff:119.90.123.33 - - [29/May/2019:10:57:47 +0000] "GET / HTTP/1.1" 200 2523 "-" "Mozilla/5.0 (Linux; Android 8.0.0; PRA-AL00X Build/HONORPRA-AL00X; wv) AppleWebKit/537.36 (KHTML, like Gecko) Version/4.0 Chrome/66.0.3359.126 MQQBrowser/6.2 TBS/044704 Mobile Safari/537.36 V1_AND_SQ_8.0.0_1024_YYB_D QQ/8.0.0.4000 NetType/WIFI WebP/0.3.0 Pixel/1080 StatusBarHeight/72"
::ffff:119.90.123.33 - - [29/May/2019:10:57:48 +0000] "GET /handlebars HTTP/1.1" 200 12 "http://wangshuaishuai.com/" "Mozilla/5.0 (Linux; Android 8.0.0; PRA-AL00X Build/HONORPRA-AL00X; wv) AppleWebKit/537.36 (KHTML, like Gecko) Version/4.0 Chrome/66.0.3359.126 MQQBrowser/6.2 TBS/044704 Mobile Safari/537.36 V1_AND_SQ_8.0.0_1024_YYB_D QQ/8.0.0.4000 NetType/WIFI WebP/0.3.0 Pixel/1080 StatusBarHeight/72"
::ffff:119.90.123.33 - - [29/May/2019:10:57:48 +0000] "GET /weather HTTP/1.1" 200 43 "http://wangshuaishuai.com/" "Mozilla/5.0 (Linux; Android 8.0.0; PRA-AL00X Build/HONORPRA-AL00X; wv) AppleWebKit/537.36 (KHTML, like Gecko) Version/4.0 Chrome/66.0.3359.126 MQQBrowser/6.2 TBS/044704 Mobile Safari/537.36 V1_AND_SQ_8.0.0_1024_YYB_D QQ/8.0.0.4000 NetType/WIFI WebP/0.3.0 Pixel/1080 StatusBarHeight/72"
::ffff:119.90.123.33 - - [29/May/2019:10:57:54 +0000] "GET /about HTTP/1.1" 200 2538 "http://wangshuaishuai.com/" "Mozilla/5.0 (Linux; Android 8.0.0; PRA-AL00X Build/HONORPRA-AL00X; wv) AppleWebKit/537.36 (KHTML, like Gecko) Version/4.0 Chrome/66.0.3359.126 MQQBrowser/6.2 TBS/044704 Mobile Safari/537.36 V1_AND_SQ_8.0.0_1024_YYB_D QQ/8.0.0.4000 NetType/WIFI WebP/0.3.0 Pixel/1080 StatusBarHeight/72"
::ffff:119.90.123.33 - - [29/May/2019:10:57:54 +0000] "GET /handlebars HTTP/1.1" 200 12 "http://wangshuaishuai.com/about" "Mozilla/5.0 (Linux; Android 8.0.0; PRA-AL00X Build/HONORPRA-AL00X; wv) AppleWebKit/537.36 (KHTML, like Gecko) Version/4.0 Chrome/66.0.3359.126 MQQBrowser/6.2 TBS/044704 Mobile Safari/537.36 V1_AND_SQ_8.0.0_1024_YYB_D QQ/8.0.0.4000 NetType/WIFI WebP/0.3.0 Pixel/1080 StatusBarHeight/72"
::ffff:119.90.123.33 - - [29/May/2019:10:57:54 +0000] "GET /weather HTTP/1.1" 304 - "http://wangshuaishuai.com/about" "Mozilla/5.0 (Linux; Android 8.0.0; PRA-AL00X Build/HONORPRA-AL00X; wv) AppleWebKit/537.36 (KHTML, like Gecko) Version/4.0 Chrome/66.0.3359.126 MQQBrowser/6.2 TBS/044704 Mobile Safari/537.36 V1_AND_SQ_8.0.0_1024_YYB_D QQ/8.0.0.4000 NetType/WIFI WebP/0.3.0 Pixel/1080 StatusBarHeight/72"
::ffff:119.90.123.33 - - [29/May/2019:10:58:01 +0000] "GET / HTTP/1.1" 304 - "-" "Mozilla/5.0 (Linux; Android 8.0.0; PRA-AL00X Build/HONORPRA-AL00X; wv) AppleWebKit/537.36 (KHTML, like Gecko) Version/4.0 Chrome/66.0.3359.126 MQQBrowser/6.2 TBS/044704 Mobile Safari/537.36 V1_AND_SQ_8.0.0_1024_YYB_D QQ/8.0.0.4000 NetType/WIFI WebP/0.3.0 Pixel/1080 StatusBarHeight/72"
::ffff:119.90.123.33 - - [29/May/2019:10:58:02 +0000] "GET /handlebars HTTP/1.1" 200 12 "http://wangshuaishuai.com/" "Mozilla/5.0 (Linux; Android 8.0.0; PRA-AL00X Build/HONORPRA-AL00X; wv) AppleWebKit/537.36 (KHTML, like Gecko) Version/4.0 Chrome/66.0.3359.126 MQQBrowser/6.2 TBS/044704 Mobile Safari/537.36 V1_AND_SQ_8.0.0_1024_YYB_D QQ/8.0.0.4000 NetType/WIFI WebP/0.3.0 Pixel/1080 StatusBarHeight/72"
::ffff:119.90.123.33 - - [29/May/2019:10:58:02 +0000] "GET /weather HTTP/1.1" 304 - "http://wangshuaishuai.com/" "Mozilla/5.0 (Linux; Android 8.0.0; PRA-AL00X Build/HONORPRA-AL00X; wv) AppleWebKit/537.36 (KHTML, like Gecko) Version/4.0 Chrome/66.0.3359.126 MQQBrowser/6.2 TBS/044704 Mobile Safari/537.36 V1_AND_SQ_8.0.0_1024_YYB_D QQ/8.0.0.4000 NetType/WIFI WebP/0.3.0 Pixel/1080 StatusBarHeight/72"
::ffff:138.0.198.7 - - [29/May/2019:11:05:59 +0000] "GET / HTTP/1.1" 200 2523 "-" "Mozilla/5.0 (Windows NT 6.1; WOW64) AppleWebKit/537.36 (KHTML, like Gecko) Chrome/52.0.2743.116 Safari/537.36"
- - - [29/May/2019:11:45:57 +0000] "GET / HTTP/1.1" - - "-" "Mozilla/5.0 (Linux; Android 4.1.1; Nexus 7 Build/JRO03D))"
- - - [29/May/2019:11:47:15 +0000] "GET / HTTP/1.1" - - "-" "Mozilla/5.0 (Linux; Android 4.1.1; Nexus 7 Build/JRO03D))"
::ffff:101.132.156.172 - - [29/May/2019:11:47:20 +0000] "GET / HTTP/1.1" 200 2523 "-" "Mozilla/5.0 (Linux; Android 4.1.1; Nexus 7 Build/JRO03D))"
::ffff:120.79.184.41 - - [29/May/2019:11:47:54 +0000] "GET / HTTP/1.1" 200 2523 "-" "Mozilla/5.0 (Linux; Android 4.1.1; Nexus 7 Build/JRO03D))"
::ffff:188.166.64.99 - - [29/May/2019:11:48:13 +0000] "GET /Temporary_Listen_Addresses/WSMAN HTTP/1.1" 404 2331 "-" "Mozilla/5.0 zgrab/0.x"
- - - [29/May/2019:11:49:19 +0000] "GET / HTTP/1.1" - - "-" "Mozilla/5.0 (Linux; Android 4.1.1; Nexus 7 Build/JRO03D))"
::ffff:101.132.188.111 - - [29/May/2019:11:49:57 +0000] "GET / HTTP/1.1" 200 2523 "-" "Mozilla/5.0 (Linux; Android 4.1.1; Nexus 7 Build/JRO03D))"
- - - [29/May/2019:11:50:25 +0000] "GET / HTTP/1.1" - - "-" "Mozilla/5.0 (Linux; Android 4.1.1; Nexus 7 Build/JRO03D))"
::ffff:47.100.104.184 - - [29/May/2019:11:52:06 +0000] "GET / HTTP/1.1" 200 2523 "-" "Mozilla/5.0 (Linux; Android 4.1.1; Nexus 7 Build/JRO03D))"
- - - [29/May/2019:11:53:25 +0000] "GET / HTTP/1.1" - - "-" "Mozilla/5.0 (Linux; Android 4.1.1; Nexus 7 Build/JRO03D))"
::ffff:183.197.99.101 - - [29/May/2019:11:57:58 +0000] "GET / HTTP/1.1" 304 - "-" "Mozilla/5.0 (Windows NT 10.0; Win64; x64) AppleWebKit/537.36 (KHTML, like Gecko) Chrome/74.0.3729.169 Safari/537.36"
::ffff:183.197.99.101 - - [29/May/2019:11:57:58 +0000] "GET /handlebars HTTP/1.1" 200 12 "http://wangshuaishuai.com/" "Mozilla/5.0 (Windows NT 10.0; Win64; x64) AppleWebKit/537.36 (KHTML, like Gecko) Chrome/74.0.3729.169 Safari/537.36"
::ffff:183.197.99.101 - - [29/May/2019:11:57:58 +0000] "GET /weather HTTP/1.1" 200 43 "http://wangshuaishuai.com/" "Mozilla/5.0 (Windows NT 10.0; Win64; x64) AppleWebKit/537.36 (KHTML, like Gecko) Chrome/74.0.3729.169 Safari/537.36"
::ffff:183.197.99.101 - - [29/May/2019:11:58:11 +0000] "GET /process HTTP/1.1" 304 - "-" "Mozilla/5.0 (Windows NT 10.0; Win64; x64) AppleWebKit/537.36 (KHTML, like Gecko) Chrome/74.0.3729.169 Safari/537.36"
::ffff:183.197.99.101 - - [29/May/2019:11:58:11 +0000] "GET /handlebars HTTP/1.1" 200 12 "http://www.wangshuaishuai.com/process" "Mozilla/5.0 (Windows NT 10.0; Win64; x64) AppleWebKit/537.36 (KHTML, like Gecko) Chrome/74.0.3729.169 Safari/537.36"
::ffff:183.197.99.101 - - [29/May/2019:11:58:11 +0000] "GET /weather HTTP/1.1" 200 43 "http://www.wangshuaishuai.com/process" "Mozilla/5.0 (Windows NT 10.0; Win64; x64) AppleWebKit/537.36 (KHTML, like Gecko) Chrome/74.0.3729.169 Safari/537.36"
::ffff:139.162.88.63 - - [29/May/2019:12:00:53 +0000] "GET http://clientapi.ipip.net/echo.php?info=1234567890 HTTP/1.1" 404 2331 "-" "Go-http-client/1.1"
::ffff:183.197.99.101 - - [29/May/2019:12:04:55 +0000] "GET / HTTP/1.1" 304 - "http://www.wangshuaishuai.com/process" "Mozilla/5.0 (Windows NT 10.0; Win64; x64) AppleWebKit/537.36 (KHTML, like Gecko) Chrome/74.0.3729.169 Safari/537.36"
::ffff:183.197.99.101 - - [29/May/2019:12:04:56 +0000] "GET /handlebars HTTP/1.1" 200 12 "http://www.wangshuaishuai.com/" "Mozilla/5.0 (Windows NT 10.0; Win64; x64) AppleWebKit/537.36 (KHTML, like Gecko) Chrome/74.0.3729.169 Safari/537.36"
::ffff:183.197.99.101 - - [29/May/2019:12:04:56 +0000] "GET /weather HTTP/1.1" 304 - "http://www.wangshuaishuai.com/" "Mozilla/5.0 (Windows NT 10.0; Win64; x64) AppleWebKit/537.36 (KHTML, like Gecko) Chrome/74.0.3729.169 Safari/537.36"
::ffff:183.197.99.101 - - [29/May/2019:12:08:01 +0000] "GET /start HTTP/1.1" 200 3415 "http://www.wangshuaishuai.com/" "Mozilla/5.0 (Windows NT 10.0; Win64; x64) AppleWebKit/537.36 (KHTML, like Gecko) Chrome/74.0.3729.169 Safari/537.36"
::ffff:183.197.99.101 - - [29/May/2019:12:08:01 +0000] "GET /handlebars HTTP/1.1" 200 12 "http://www.wangshuaishuai.com/start" "Mozilla/5.0 (Windows NT 10.0; Win64; x64) AppleWebKit/537.36 (KHTML, like Gecko) Chrome/74.0.3729.169 Safari/537.36"
::ffff:183.197.99.101 - - [29/May/2019:12:08:01 +0000] "GET /weather HTTP/1.1" 304 - "http://www.wangshuaishuai.com/start" "Mozilla/5.0 (Windows NT 10.0; Win64; x64) AppleWebKit/537.36 (KHTML, like Gecko) Chrome/74.0.3729.169 Safari/537.36"
::ffff:207.89.22.132 - - [29/May/2019:12:20:05 +0000] "GET /index.php?l=page_view&p=advanced_search HTTP/1.1" 404 2331 "-" "Mozilla/5.0 (Windows; U; Windows NT 2.0) Gecko/20091201 Firefox/3.5.6 GTB5"
::ffff:207.89.22.132 - - [29/May/2019:12:20:07 +0000] "GET /ss/index.php?l=page_view&p=advanced_search HTTP/1.1" 404 2331 "-" "Mozilla/5.0 (Windows; U; Windows NT 2.0) Gecko/20091201 Firefox/3.5.6 GTB5"
::ffff:207.89.22.132 - - [29/May/2019:12:20:08 +0000] "GET /index.php?l=page_view&p=advanced_search HTTP/1.1" 404 2331 "-" "Mozilla/5.0 (Windows; U; Windows NT 2.0) Gecko/20091201 Firefox/3.5.6 GTB5"
::ffff:207.89.22.132 - - [29/May/2019:12:20:15 +0000] "GET /shop/index.php?l=page_view&p=advanced_search HTTP/1.1" 404 2331 "-" "Mozilla/5.0 (Windows; U; Windows NT 2.0) Gecko/20091201 Firefox/3.5.6 GTB5"
