::ffff:211.82.244.6 - - [29/May/2019:07:12:14 +0000] "GET /handlebars HTTP/1.1" 200 12 "http://wangshuaishuai.com/about" "Mozilla/5.0 (Windows NT 10.0; WOW64) AppleWebKit/537.36 (KHTML, like Gecko) Chrome/74.0.3729.131 Safari/537.36"
::ffff:211.82.244.6 - - [29/May/2019:07:12:14 +0000] "GET /weather HTTP/1.1" 304 - "http://wangshuaishuai.com/about" "Mozilla/5.0 (Windows NT 10.0; WOW64) AppleWebKit/537.36 (KHTML, like Gecko) Chrome/74.0.3729.131 Safari/537.36"
::ffff:120.211.63.48 - - [29/May/2019:07:12:19 +0000] "GET /echarts HTTP/1.1" 200 16840 "http://wangshuaishuai.com/?tdsourcetag=s_pcqq_aiomsg" "Mozilla/5.0 (Windows NT 10.0; Win64; x64) AppleWebKit/537.36 (KHTML, like Gecko) Chrome/72.0.3626.121 Safari/537.36"
::ffff:221.192.179.59 - - [29/May/2019:07:12:22 +0000] "GET / HTTP/1.1" 304 - "-" "Mozilla/5.0 (iPhone; CPU iPhone OS 12_3_1 like Mac OS X) AppleWebKit/605.1.15 (KHTML, like Gecko) Mobile/15E148 QQ/8.0.5.486 V1_IPH_SQ_8.0.5_1_APP_A Pixel/828 Core/UIWebView Device/Apple(iPhone XR) NetType/4G QBWebViewType/1"
::ffff:221.192.179.59 - - [29/May/2019:07:12:22 +0000] "GET /handlebars HTTP/1.1" 200 12 "http://wangshuaishuai.com/" "Mozilla/5.0 (iPhone; CPU iPhone OS 12_3_1 like Mac OS X) AppleWebKit/605.1.15 (KHTML, like Gecko) Mobile/15E148 QQ/8.0.5.486 V1_IPH_SQ_8.0.5_1_APP_A Pixel/828 Core/UIWebView Device/Apple(iPhone XR) NetType/4G QBWebViewType/1"
::ffff:221.192.179.59 - - [29/May/2019:07:12:22 +0000] "GET /weather HTTP/1.1" 304 - "http://wangshuaishuai.com/" "Mozilla/5.0 (iPhone; CPU iPhone OS 12_3_1 like Mac OS X) AppleWebKit/605.1.15 (KHTML, like Gecko) Mobile/15E148 QQ/8.0.5.486 V1_IPH_SQ_8.0.5_1_APP_A Pixel/828 Core/UIWebView Device/Apple(iPhone XR) NetType/4G QBWebViewType/1"
::ffff:183.192.164.85 - - [29/May/2019:07:12:23 +0000] "GET /?tdsourcetag=s_pctim_aiomsg HTTP/1.1" 200 2523 "-" "Mozilla/5.0 (Windows NT 6.1; WOW64; Trident/7.0; SLCC2; .NET CLR 2.0.50727; .NET CLR 3.5.30729; .NET CLR 3.0.30729; Media Center PC 6.0; .NET4.0C; .NET4.0E; InfoPath.3; rv:11.0) like Gecko"
::ffff:120.211.63.54 - - [29/May/2019:07:12:29 +0000] "GET /start HTTP/1.1" 200 3418 "http://wangshuaishuai.com/" "Mozilla/5.0 (Windows NT 10.0; Win64; x64) AppleWebKit/537.36 (KHTML, like Gecko) Chrome/73.0.3683.86 Safari/537.36"
::ffff:120.211.63.54 - - [29/May/2019:07:12:30 +0000] "GET /handlebars HTTP/1.1" 200 12 "http://wangshuaishuai.com/start" "Mozilla/5.0 (Windows NT 10.0; Win64; x64) AppleWebKit/537.36 (KHTML, like Gecko) Chrome/73.0.3683.86 Safari/537.36"
::ffff:120.211.63.54 - - [29/May/2019:07:12:30 +0000] "GET /weather HTTP/1.1" 304 - "http://wangshuaishuai.com/start" "Mozilla/5.0 (Windows NT 10.0; Win64; x64) AppleWebKit/537.36 (KHTML, like Gecko) Chrome/73.0.3683.86 Safari/537.36"
::ffff:221.192.179.59 - - [29/May/2019:07:12:30 +0000] "GET /start HTTP/1.1" 200 3415 "http://wangshuaishuai.com/" "Mozilla/5.0 (iPhone; CPU iPhone OS 12_3_1 like Mac OS X) AppleWebKit/605.1.15 (KHTML, like Gecko) Mobile/15E148 QQ/8.0.5.486 V1_IPH_SQ_8.0.5_1_APP_A Pixel/828 Core/UIWebView Device/Apple(iPhone XR) NetType/4G QBWebViewType/1"
::ffff:221.192.179.59 - - [29/May/2019:07:12:30 +0000] "GET /weather HTTP/1.1" 304 - "http://wangshuaishuai.com/start" "Mozilla/5.0 (iPhone; CPU iPhone OS 12_3_1 like Mac OS X) AppleWebKit/605.1.15 (KHTML, like Gecko) Mobile/15E148 QQ/8.0.5.486 V1_IPH_SQ_8.0.5_1_APP_A Pixel/828 Core/UIWebView Device/Apple(iPhone XR) NetType/4G QBWebViewType/1"
::ffff:221.192.179.59 - - [29/May/2019:07:12:30 +0000] "GET /handlebars HTTP/1.1" 200 12 "http://wangshuaishuai.com/start" "Mozilla/5.0 (iPhone; CPU iPhone OS 12_3_1 like Mac OS X) AppleWebKit/605.1.15 (KHTML, like Gecko) Mobile/15E148 QQ/8.0.5.486 V1_IPH_SQ_8.0.5_1_APP_A Pixel/828 Core/UIWebView Device/Apple(iPhone XR) NetType/4G QBWebViewType/1"
::ffff:120.211.63.50 - - [29/May/2019:07:12:31 +0000] "GET /about HTTP/1.1" 304 - "http://wangshuaishuai.com/" "Mozilla/5.0 (Windows NT 10.0; Win64; x64) AppleWebKit/537.36 (KHTML, like Gecko) Chrome/64.0.3282.140 Safari/537.36 Edge/17.17134"
::ffff:120.211.63.50 - - [29/May/2019:07:12:31 +0000] "GET /handlebars HTTP/1.1" 200 12 "http://wangshuaishuai.com/about" "Mozilla/5.0 (Windows NT 10.0; Win64; x64) AppleWebKit/537.36 (KHTML, like Gecko) Chrome/64.0.3282.140 Safari/537.36 Edge/17.17134"
::ffff:120.211.63.50 - - [29/May/2019:07:12:31 +0000] "GET /weather HTTP/1.1" 304 - "http://wangshuaishuai.com/about" "Mozilla/5.0 (Windows NT 10.0; Win64; x64) AppleWebKit/537.36 (KHTML, like Gecko) Chrome/64.0.3282.140 Safari/537.36 Edge/17.17134"
::ffff:211.82.244.6 - - [29/May/2019:07:12:36 +0000] "GET /?tdsourcetag=s_pctim_aiomsg HTTP/1.1" 200 2523 "-" "Mozilla/5.0 (Windows NT 6.1; Win64; x64) AppleWebKit/537.36 (KHTML, like Gecko) Chrome/73.0.3683.86 Safari/537.36"
::ffff:120.211.63.52 - - [29/May/2019:07:12:36 +0000] "GET /start HTTP/1.1" 304 - "http://wangshuaishuai.com/" "Mozilla/5.0 (Windows NT 6.3; WOW64) AppleWebKit/537.36 (KHTML, like Gecko) Chrome/55.0.2883.87 Safari/537.36"
::ffff:120.211.63.52 - - [29/May/2019:07:12:37 +0000] "GET /handlebars HTTP/1.1" 200 12 "http://wangshuaishuai.com/start" "Mozilla/5.0 (Windows NT 6.3; WOW64) AppleWebKit/537.36 (KHTML, like Gecko) Chrome/55.0.2883.87 Safari/537.36"
::ffff:120.211.63.52 - - [29/May/2019:07:12:37 +0000] "GET /weather HTTP/1.1" 304 - "http://wangshuaishuai.com/start" "Mozilla/5.0 (Windows NT 6.3; WOW64) AppleWebKit/537.36 (KHTML, like Gecko) Chrome/55.0.2883.87 Safari/537.36"
::ffff:211.82.244.6 - - [29/May/2019:07:12:37 +0000] "GET /handlebars HTTP/1.1" 200 12 "http://wangshuaishuai.com/?tdsourcetag=s_pctim_aiomsg" "Mozilla/5.0 (Windows NT 6.1; Win64; x64) AppleWebKit/537.36 (KHTML, like Gecko) Chrome/73.0.3683.86 Safari/537.36"
::ffff:211.82.244.6 - - [29/May/2019:07:12:37 +0000] "GET /weather HTTP/1.1" 200 53 "http://wangshuaishuai.com/?tdsourcetag=s_pctim_aiomsg" "Mozilla/5.0 (Windows NT 6.1; Win64; x64) AppleWebKit/537.36 (KHTML, like Gecko) Chrome/73.0.3683.86 Safari/537.36"
::ffff:120.211.63.48 - - [29/May/2019:07:12:40 +0000] "GET /comments/form HTTP/1.1" 200 2862 "http://wangshuaishuai.com/?tdsourcetag=s_pcqq_aiomsg" "Mozilla/5.0 (Windows NT 10.0; Win64; x64) AppleWebKit/537.36 (KHTML, like Gecko) Chrome/72.0.3626.121 Safari/537.36"
::ffff:120.211.63.48 - - [29/May/2019:07:12:40 +0000] "GET /handlebars HTTP/1.1" 200 12 "http://wangshuaishuai.com/comments/form" "Mozilla/5.0 (Windows NT 10.0; Win64; x64) AppleWebKit/537.36 (KHTML, like Gecko) Chrome/72.0.3626.121 Safari/537.36"
::ffff:120.211.63.48 - - [29/May/2019:07:12:40 +0000] "GET /weather HTTP/1.1" 304 - "http://wangshuaishuai.com/comments/form" "Mozilla/5.0 (Windows NT 10.0; Win64; x64) AppleWebKit/537.36 (KHTML, like Gecko) Chrome/72.0.3626.121 Safari/537.36"
::ffff:211.82.244.6 - - [29/May/2019:07:12:44 +0000] "GET /about HTTP/1.1" 200 2538 "http://wangshuaishuai.com/?tdsourcetag=s_pctim_aiomsg" "Mozilla/5.0 (Windows NT 6.1; Win64; x64) AppleWebKit/537.36 (KHTML, like Gecko) Chrome/73.0.3683.86 Safari/537.36"
::ffff:211.82.244.6 - - [29/May/2019:07:12:45 +0000] "GET /handlebars HTTP/1.1" 200 12 "http://wangshuaishuai.com/about" "Mozilla/5.0 (Windows NT 6.1; Win64; x64) AppleWebKit/537.36 (KHTML, like Gecko) Chrome/73.0.3683.86 Safari/537.36"
::ffff:211.82.244.6 - - [29/May/2019:07:12:45 +0000] "GET /weather HTTP/1.1" 304 - "http://wangshuaishuai.com/about" "Mozilla/5.0 (Windows NT 6.1; Win64; x64) AppleWebKit/537.36 (KHTML, like Gecko) Chrome/73.0.3683.86 Safari/537.36"
::ffff:120.211.63.54 - - [29/May/2019:07:12:50 +0000] "GET /thank-you HTTP/1.1" 304 - "http://wangshuaishuai.com/start" "Mozilla/5.0 (Windows NT 10.0; Win64; x64) AppleWebKit/537.36 (KHTML, like Gecko) Chrome/73.0.3683.86 Safari/537.36"
::ffff:120.211.63.54 - - [29/May/2019:07:12:50 +0000] "GET /handlebars HTTP/1.1" 200 12 "http://wangshuaishuai.com/thank-you" "Mozilla/5.0 (Windows NT 10.0; Win64; x64) AppleWebKit/537.36 (KHTML, like Gecko) Chrome/73.0.3683.86 Safari/537.36"
::ffff:120.211.63.54 - - [29/May/2019:07:12:50 +0000] "GET /weather HTTP/1.1" 304 - "http://wangshuaishuai.com/thank-you" "Mozilla/5.0 (Windows NT 10.0; Win64; x64) AppleWebKit/537.36 (KHTML, like Gecko) Chrome/73.0.3683.86 Safari/537.36"
::ffff:211.82.244.6 - - [29/May/2019:07:12:50 +0000] "GET /start HTTP/1.1" 200 3415 "http://wangshuaishuai.com/?tdsourcetag=s_pctim_aiomsg" "Mozilla/5.0 (Windows NT 6.1; Win64; x64) AppleWebKit/537.36 (KHTML, like Gecko) Chrome/73.0.3683.86 Safari/537.36"
::ffff:211.82.244.6 - - [29/May/2019:07:12:51 +0000] "GET /handlebars HTTP/1.1" 200 12 "http://wangshuaishuai.com/start" "Mozilla/5.0 (Windows NT 6.1; Win64; x64) AppleWebKit/537.36 (KHTML, like Gecko) Chrome/73.0.3683.86 Safari/537.36"
::ffff:211.82.244.6 - - [29/May/2019:07:12:51 +0000] "GET /weather HTTP/1.1" 304 - "http://wangshuaishuai.com/start" "Mozilla/5.0 (Windows NT 6.1; Win64; x64) AppleWebKit/537.36 (KHTML, like Gecko) Chrome/73.0.3683.86 Safari/537.36"
::ffff:120.211.63.50 - - [29/May/2019:07:12:51 +0000] "GET / HTTP/1.1" 304 - "-" "Mozilla/5.0 (Windows NT 10.0; Win64; x64) AppleWebKit/537.36 (KHTML, like Gecko) Chrome/64.0.3282.140 Safari/537.36 Edge/17.17134"
::ffff:120.211.63.50 - - [29/May/2019:07:12:51 +0000] "GET /weather HTTP/1.1" 304 - "http://wangshuaishuai.com/" "Mozilla/5.0 (Windows NT 10.0; Win64; x64) AppleWebKit/537.36 (KHTML, like Gecko) Chrome/64.0.3282.140 Safari/537.36 Edge/17.17134"
::ffff:120.211.63.50 - - [29/May/2019:07:12:51 +0000] "GET /handlebars HTTP/1.1" 200 12 "http://wangshuaishuai.com/" "Mozilla/5.0 (Windows NT 10.0; Win64; x64) AppleWebKit/537.36 (KHTML, like Gecko) Chrome/64.0.3282.140 Safari/537.36 Edge/17.17134"
::ffff:120.211.63.50 - - [29/May/2019:07:12:53 +0000] "GET /start HTTP/1.1" 200 3401 "http://wangshuaishuai.com/" "Mozilla/5.0 (Windows NT 10.0; Win64; x64) AppleWebKit/537.36 (KHTML, like Gecko) Chrome/64.0.3282.140 Safari/537.36 Edge/17.17134"
::ffff:120.211.63.50 - - [29/May/2019:07:12:53 +0000] "GET /handlebars HTTP/1.1" 200 12 "http://wangshuaishuai.com/start" "Mozilla/5.0 (Windows NT 10.0; Win64; x64) AppleWebKit/537.36 (KHTML, like Gecko) Chrome/64.0.3282.140 Safari/537.36 Edge/17.17134"
::ffff:120.211.63.50 - - [29/May/2019:07:12:53 +0000] "GET /weather HTTP/1.1" 304 - "http://wangshuaishuai.com/start" "Mozilla/5.0 (Windows NT 10.0; Win64; x64) AppleWebKit/537.36 (KHTML, like Gecko) Chrome/64.0.3282.140 Safari/537.36 Edge/17.17134"
::ffff:120.211.63.54 - - [29/May/2019:07:12:56 +0000] "GET /process HTTP/1.1" 200 46618 "http://wangshuaishuai.com/thank-you" "Mozilla/5.0 (Windows NT 10.0; Win64; x64) AppleWebKit/537.36 (KHTML, like Gecko) Chrome/73.0.3683.86 Safari/537.36"
::ffff:120.211.63.54 - - [29/May/2019:07:12:56 +0000] "GET /handlebars HTTP/1.1" 200 12 "http://wangshuaishuai.com/process" "Mozilla/5.0 (Windows NT 10.0; Win64; x64) AppleWebKit/537.36 (KHTML, like Gecko) Chrome/73.0.3683.86 Safari/537.36"
::ffff:120.211.63.54 - - [29/May/2019:07:12:56 +0000] "GET /weather HTTP/1.1" 304 - "http://wangshuaishuai.com/process" "Mozilla/5.0 (Windows NT 10.0; Win64; x64) AppleWebKit/537.36 (KHTML, like Gecko) Chrome/73.0.3683.86 Safari/537.36"
::ffff:211.82.244.6 - - [29/May/2019:07:13:14 +0000] "GET /echarts HTTP/1.1" 200 7847059 "http://wangshuaishuai.com/?tdsourcetag=s_pctim_aiomsg" "Mozilla/5.0 (Windows NT 6.1; Win64; x64) AppleWebKit/537.36 (KHTML, like Gecko) Chrome/73.0.3683.86 Safari/537.36"
::ffff:120.211.63.50 - - [29/May/2019:07:13:14 +0000] "GET / HTTP/1.1" 304 - "-" "Mozilla/5.0 (Windows NT 10.0; Win64; x64) AppleWebKit/537.36 (KHTML, like Gecko) Chrome/64.0.3282.140 Safari/537.36 Edge/17.17134"
::ffff:120.211.63.50 - - [29/May/2019:07:13:16 +0000] "GET /handlebars HTTP/1.1" 200 12 "http://wangshuaishuai.com/" "Mozilla/5.0 (Windows NT 10.0; Win64; x64) AppleWebKit/537.36 (KHTML, like Gecko) Chrome/64.0.3282.140 Safari/537.36 Edge/17.17134"
::ffff:120.211.63.50 - - [29/May/2019:07:13:16 +0000] "GET /weather HTTP/1.1" 304 - "http://wangshuaishuai.com/" "Mozilla/5.0 (Windows NT 10.0; Win64; x64) AppleWebKit/537.36 (KHTML, like Gecko) Chrome/64.0.3282.140 Safari/537.36 Edge/17.17134"
::ffff:120.211.63.50 - - [29/May/2019:07:13:19 +0000] "GET / HTTP/1.1" 304 - "-" "Mozilla/5.0 (Windows NT 10.0; Win64; x64) AppleWebKit/537.36 (KHTML, like Gecko) Chrome/64.0.3282.140 Safari/537.36 Edge/17.17134"
::ffff:120.211.63.50 - - [29/May/2019:07:13:26 +0000] "GET /weather HTTP/1.1" 304 - "http://wangshuaishuai.com/" "Mozilla/5.0 (Windows NT 10.0; Win64; x64) AppleWebKit/537.36 (KHTML, like Gecko) Chrome/64.0.3282.140 Safari/537.36 Edge/17.17134"
::ffff:120.211.63.50 - - [29/May/2019:07:13:26 +0000] "GET /handlebars HTTP/1.1" 200 12 "http://wangshuaishuai.com/" "Mozilla/5.0 (Windows NT 10.0; Win64; x64) AppleWebKit/537.36 (KHTML, like Gecko) Chrome/64.0.3282.140 Safari/537.36 Edge/17.17134"
::ffff:120.211.63.50 - - [29/May/2019:07:13:26 +0000] "GET / HTTP/1.1" 304 - "-" "Mozilla/5.0 (Windows NT 10.0; Win64; x64) AppleWebKit/537.36 (KHTML, like Gecko) Chrome/64.0.3282.140 Safari/537.36 Edge/17.17134"
::ffff:120.211.63.50 - - [29/May/2019:07:13:27 +0000] "GET /handlebars HTTP/1.1" 200 12 "http://wangshuaishuai.com/" "Mozilla/5.0 (Windows NT 10.0; Win64; x64) AppleWebKit/537.36 (KHTML, like Gecko) Chrome/64.0.3282.140 Safari/537.36 Edge/17.17134"
::ffff:120.211.63.50 - - [29/May/2019:07:13:27 +0000] "GET /weather HTTP/1.1" 304 - "http://wangshuaishuai.com/" "Mozilla/5.0 (Windows NT 10.0; Win64; x64) AppleWebKit/537.36 (KHTML, like Gecko) Chrome/64.0.3282.140 Safari/537.36 Edge/17.17134"
::ffff:120.211.63.48 - - [29/May/2019:07:14:55 +0000] "GET / HTTP/1.1" 304 - "http://wangshuaishuai.com/start" "Mozilla/5.0 (Windows NT 10.0; Win64; x64) AppleWebKit/537.36 (KHTML, like Gecko) Chrome/64.0.3282.140 Safari/537.36 Edge/17.17134"
::ffff:120.211.63.48 - - [29/May/2019:07:14:55 +0000] "GET /handlebars HTTP/1.1" 200 12 "http://wangshuaishuai.com/" "Mozilla/5.0 (Windows NT 10.0; Win64; x64) AppleWebKit/537.36 (KHTML, like Gecko) Chrome/64.0.3282.140 Safari/537.36 Edge/17.17134"
::ffff:120.211.63.48 - - [29/May/2019:07:14:55 +0000] "GET /weather HTTP/1.1" 304 - "http://wangshuaishuai.com/" "Mozilla/5.0 (Windows NT 10.0; Win64; x64) AppleWebKit/537.36 (KHTML, like Gecko) Chrome/64.0.3282.140 Safari/537.36 Edge/17.17134"
::ffff:120.211.63.48 - - [29/May/2019:07:14:57 +0000] "GET /comments/form HTTP/1.1" 200 2862 "http://wangshuaishuai.com/" "Mozilla/5.0 (Windows NT 10.0; Win64; x64) AppleWebKit/537.36 (KHTML, like Gecko) Chrome/64.0.3282.140 Safari/537.36 Edge/17.17134"
::ffff:120.211.63.48 - - [29/May/2019:07:14:58 +0000] "GET /handlebars HTTP/1.1" 200 12 "http://wangshuaishuai.com/comments/form" "Mozilla/5.0 (Windows NT 10.0; Win64; x64) AppleWebKit/537.36 (KHTML, like Gecko) Chrome/64.0.3282.140 Safari/537.36 Edge/17.17134"
::ffff:120.211.63.48 - - [29/May/2019:07:14:58 +0000] "GET /weather HTTP/1.1" 304 - "http://wangshuaishuai.com/comments/form" "Mozilla/5.0 (Windows NT 10.0; Win64; x64) AppleWebKit/537.36 (KHTML, like Gecko) Chrome/64.0.3282.140 Safari/537.36 Edge/17.17134"
::ffff:120.211.63.48 - - [29/May/2019:07:15:02 +0000] "GET /echarts HTTP/1.1" 200 10548 "http://wangshuaishuai.com/" "Mozilla/5.0 (Windows NT 10.0; Win64; x64) AppleWebKit/537.36 (KHTML, like Gecko) Chrome/64.0.3282.140 Safari/537.36 Edge/17.17134"
::ffff:120.211.63.51 - - [29/May/2019:07:15:14 +0000] "GET / HTTP/1.1" 200 2523 "-" "Mozilla/5.0 (Windows NT 10.0; WOW64) AppleWebKit/537.36 (KHTML, like Gecko) Chrome/70.0.3538.25 Safari/537.36 Core/1.70.3676.400 QQBrowser/10.4.3505.400"
::ffff:120.211.63.51 - - [29/May/2019:07:15:18 +0000] "GET /weather HTTP/1.1" 200 53 "http://wangshuaishuai.com/" "Mozilla/5.0 (Windows NT 10.0; WOW64) AppleWebKit/537.36 (KHTML, like Gecko) Chrome/70.0.3538.25 Safari/537.36 Core/1.70.3676.400 QQBrowser/10.4.3505.400"
::ffff:120.211.63.51 - - [29/May/2019:07:15:18 +0000] "GET /handlebars HTTP/1.1" 200 12 "http://wangshuaishuai.com/" "Mozilla/5.0 (Windows NT 10.0; WOW64) AppleWebKit/537.36 (KHTML, like Gecko) Chrome/70.0.3538.25 Safari/537.36 Core/1.70.3676.400 QQBrowser/10.4.3505.400"
::ffff:120.211.63.51 - - [29/May/2019:07:15:24 +0000] "GET / HTTP/1.1" 304 - "http://wangshuaishuai.com/" "Mozilla/5.0 (Windows NT 10.0; WOW64) AppleWebKit/537.36 (KHTML, like Gecko) Chrome/70.0.3538.25 Safari/537.36 Core/1.70.3676.400 QQBrowser/10.4.3505.400"
::ffff:120.211.63.51 - - [29/May/2019:07:15:24 +0000] "GET /handlebars HTTP/1.1" 200 12 "http://wangshuaishuai.com/" "Mozilla/5.0 (Windows NT 10.0; WOW64) AppleWebKit/537.36 (KHTML, like Gecko) Chrome/70.0.3538.25 Safari/537.36 Core/1.70.3676.400 QQBrowser/10.4.3505.400"
::ffff:120.211.63.51 - - [29/May/2019:07:15:24 +0000] "GET /weather HTTP/1.1" 304 - "http://wangshuaishuai.com/" "Mozilla/5.0 (Windows NT 10.0; WOW64) AppleWebKit/537.36 (KHTML, like Gecko) Chrome/70.0.3538.25 Safari/537.36 Core/1.70.3676.400 QQBrowser/10.4.3505.400"
::ffff:120.211.63.51 - - [29/May/2019:07:15:27 +0000] "GET /about HTTP/1.1" 200 2538 "http://wangshuaishuai.com/" "Mozilla/5.0 (Windows NT 10.0; WOW64) AppleWebKit/537.36 (KHTML, like Gecko) Chrome/70.0.3538.25 Safari/537.36 Core/1.70.3676.400 QQBrowser/10.4.3505.400"
::ffff:120.211.63.51 - - [29/May/2019:07:15:28 +0000] "GET /handlebars HTTP/1.1" 200 12 "http://wangshuaishuai.com/about" "Mozilla/5.0 (Windows NT 10.0; WOW64) AppleWebKit/537.36 (KHTML, like Gecko) Chrome/70.0.3538.25 Safari/537.36 Core/1.70.3676.400 QQBrowser/10.4.3505.400"
::ffff:120.211.63.51 - - [29/May/2019:07:15:28 +0000] "GET /weather HTTP/1.1" 304 - "http://wangshuaishuai.com/about" "Mozilla/5.0 (Windows NT 10.0; WOW64) AppleWebKit/537.36 (KHTML, like Gecko) Chrome/70.0.3538.25 Safari/537.36 Core/1.70.3676.400 QQBrowser/10.4.3505.400"
::ffff:120.211.63.51 - - [29/May/2019:07:15:29 +0000] "GET / HTTP/1.1" 304 - "http://wangshuaishuai.com/about" "Mozilla/5.0 (Windows NT 10.0; WOW64) AppleWebKit/537.36 (KHTML, like Gecko) Chrome/70.0.3538.25 Safari/537.36 Core/1.70.3676.400 QQBrowser/10.4.3505.400"
::ffff:120.211.63.51 - - [29/May/2019:07:15:30 +0000] "GET /handlebars HTTP/1.1" 200 12 "http://wangshuaishuai.com/" "Mozilla/5.0 (Windows NT 10.0; WOW64) AppleWebKit/537.36 (KHTML, like Gecko) Chrome/70.0.3538.25 Safari/537.36 Core/1.70.3676.400 QQBrowser/10.4.3505.400"
::ffff:120.211.63.51 - - [29/May/2019:07:15:30 +0000] "GET /weather HTTP/1.1" 304 - "http://wangshuaishuai.com/" "Mozilla/5.0 (Windows NT 10.0; WOW64) AppleWebKit/537.36 (KHTML, like Gecko) Chrome/70.0.3538.25 Safari/537.36 Core/1.70.3676.400 QQBrowser/10.4.3505.400"
::ffff:120.211.63.51 - - [29/May/2019:07:15:31 +0000] "GET /start HTTP/1.1" 200 3401 "http://wangshuaishuai.com/" "Mozilla/5.0 (Windows NT 10.0; WOW64) AppleWebKit/537.36 (KHTML, like Gecko) Chrome/70.0.3538.25 Safari/537.36 Core/1.70.3676.400 QQBrowser/10.4.3505.400"
::ffff:120.211.63.51 - - [29/May/2019:07:15:31 +0000] "GET /weather HTTP/1.1" 304 - "http://wangshuaishuai.com/start" "Mozilla/5.0 (Windows NT 10.0; WOW64) AppleWebKit/537.36 (KHTML, like Gecko) Chrome/70.0.3538.25 Safari/537.36 Core/1.70.3676.400 QQBrowser/10.4.3505.400"
::ffff:120.211.63.51 - - [29/May/2019:07:15:31 +0000] "GET /handlebars HTTP/1.1" 200 12 "http://wangshuaishuai.com/start" "Mozilla/5.0 (Windows NT 10.0; WOW64) AppleWebKit/537.36 (KHTML, like Gecko) Chrome/70.0.3538.25 Safari/537.36 Core/1.70.3676.400 QQBrowser/10.4.3505.400"
::ffff:120.211.63.48 - - [29/May/2019:07:15:35 +0000] "GET / HTTP/1.1" 304 - "http://wangshuaishuai.com/" "Mozilla/5.0 (Windows NT 10.0; Win64; x64) AppleWebKit/537.36 (KHTML, like Gecko) Chrome/64.0.3282.140 Safari/537.36 Edge/17.17134"
::ffff:120.211.63.48 - - [29/May/2019:07:15:35 +0000] "GET /weather HTTP/1.1" 304 - "http://wangshuaishuai.com/" "Mozilla/5.0 (Windows NT 10.0; Win64; x64) AppleWebKit/537.36 (KHTML, like Gecko) Chrome/64.0.3282.140 Safari/537.36 Edge/17.17134"
::ffff:120.211.63.48 - - [29/May/2019:07:15:35 +0000] "GET /handlebars HTTP/1.1" 200 12 "http://wangshuaishuai.com/" "Mozilla/5.0 (Windows NT 10.0; Win64; x64) AppleWebKit/537.36 (KHTML, like Gecko) Chrome/64.0.3282.140 Safari/537.36 Edge/17.17134"
::ffff:120.211.63.51 - - [29/May/2019:07:15:40 +0000] "GET / HTTP/1.1" 304 - "http://wangshuaishuai.com/start" "Mozilla/5.0 (Windows NT 10.0; WOW64) AppleWebKit/537.36 (KHTML, like Gecko) Chrome/70.0.3538.25 Safari/537.36 Core/1.70.3676.400 QQBrowser/10.4.3505.400"
::ffff:120.211.63.51 - - [29/May/2019:07:15:40 +0000] "GET /handlebars HTTP/1.1" 200 12 "http://wangshuaishuai.com/" "Mozilla/5.0 (Windows NT 10.0; WOW64) AppleWebKit/537.36 (KHTML, like Gecko) Chrome/70.0.3538.25 Safari/537.36 Core/1.70.3676.400 QQBrowser/10.4.3505.400"
::ffff:120.211.63.51 - - [29/May/2019:07:15:40 +0000] "GET /weather HTTP/1.1" 304 - "http://wangshuaishuai.com/" "Mozilla/5.0 (Windows NT 10.0; WOW64) AppleWebKit/537.36 (KHTML, like Gecko) Chrome/70.0.3538.25 Safari/537.36 Core/1.70.3676.400 QQBrowser/10.4.3505.400"
::ffff:120.211.63.50 - - [29/May/2019:07:15:41 +0000] "GET /echarts HTTP/1.1" 200 125708 "http://wangshuaishuai.com/?tdsourcetag=s_pcqq_aiomsg" "Mozilla/5.0 (Windows NT 10.0; Win64; x64) AppleWebKit/537.36 (KHTML, like Gecko) Chrome/74.0.3729.131 Safari/537.36"
::ffff:120.211.63.51 - - [29/May/2019:07:15:42 +0000] "GET /echarts HTTP/1.1" 200 10481 "http://wangshuaishuai.com/" "Mozilla/5.0 (Windows NT 10.0; WOW64) AppleWebKit/537.36 (KHTML, like Gecko) Chrome/70.0.3538.25 Safari/537.36 Core/1.70.3676.400 QQBrowser/10.4.3505.400"
::ffff:120.211.63.51 - - [29/May/2019:07:15:46 +0000] "GET /echarts HTTP/1.1" 200 66835 "http://wangshuaishuai.com/" "Mozilla/5.0 (Windows NT 10.0; WOW64) AppleWebKit/537.36 (KHTML, like Gecko) Chrome/70.0.3538.25 Safari/537.36 Core/1.70.3676.400 QQBrowser/10.4.3505.400"
::ffff:120.211.63.48 - - [29/May/2019:07:15:48 +0000] "GET / HTTP/1.1" 304 - "-" "Mozilla/5.0 (Windows NT 10.0; Win64; x64) AppleWebKit/537.36 (KHTML, like Gecko) Chrome/64.0.3282.140 Safari/537.36 Edge/17.17134"
::ffff:120.211.63.48 - - [29/May/2019:07:15:49 +0000] "GET /handlebars HTTP/1.1" 200 12 "http://wangshuaishuai.com/" "Mozilla/5.0 (Windows NT 10.0; Win64; x64) AppleWebKit/537.36 (KHTML, like Gecko) Chrome/64.0.3282.140 Safari/537.36 Edge/17.17134"
::ffff:120.211.63.48 - - [29/May/2019:07:15:49 +0000] "GET /weather HTTP/1.1" 304 - "http://wangshuaishuai.com/" "Mozilla/5.0 (Windows NT 10.0; Win64; x64) AppleWebKit/537.36 (KHTML, like Gecko) Chrome/64.0.3282.140 Safari/537.36 Edge/17.17134"
::ffff:120.211.63.52 - - [29/May/2019:07:15:52 +0000] "GET /echarts HTTP/1.1" 200 1280173 "http://wangshuaishuai.com/" "Mozilla/5.0 (Windows NT 10.0; WOW64) AppleWebKit/537.36 (KHTML, like Gecko) Chrome/63.0.3239.132 Safari/537.36"
::ffff:120.211.63.52 - - [29/May/2019:07:15:59 +0000] "GET /comments/form HTTP/1.1" 200 2862 "http://wangshuaishuai.com/" "Mozilla/5.0 (Windows NT 10.0; WOW64) AppleWebKit/537.36 (KHTML, like Gecko) Chrome/63.0.3239.132 Safari/537.36"
::ffff:120.211.63.52 - - [29/May/2019:07:16:00 +0000] "GET /handlebars HTTP/1.1" 200 12 "http://wangshuaishuai.com/comments/form" "Mozilla/5.0 (Windows NT 10.0; WOW64) AppleWebKit/537.36 (KHTML, like Gecko) Chrome/63.0.3239.132 Safari/537.36"
::ffff:120.211.63.52 - - [29/May/2019:07:16:00 +0000] "GET /weather HTTP/1.1" 304 - "http://wangshuaishuai.com/comments/form" "Mozilla/5.0 (Windows NT 10.0; WOW64) AppleWebKit/537.36 (KHTML, like Gecko) Chrome/63.0.3239.132 Safari/537.36"
::ffff:120.211.63.52 - - [29/May/2019:07:16:04 +0000] "GET /echarts HTTP/1.1" 200 17583 "http://wangshuaishuai.com/" "Mozilla/5.0 (Windows NT 10.0; WOW64) AppleWebKit/537.36 (KHTML, like Gecko) Chrome/63.0.3239.132 Safari/537.36"
::ffff:120.211.63.50 - - [29/May/2019:07:16:08 +0000] "GET /comments/form HTTP/1.1" 200 2862 "http://wangshuaishuai.com/?tdsourcetag=s_pcqq_aiomsg" "Mozilla/5.0 (Windows NT 10.0; Win64; x64) AppleWebKit/537.36 (KHTML, like Gecko) Chrome/74.0.3729.131 Safari/537.36"
::ffff:120.211.63.50 - - [29/May/2019:07:16:09 +0000] "GET /weather HTTP/1.1" 304 - "http://wangshuaishuai.com/comments/form" "Mozilla/5.0 (Windows NT 10.0; Win64; x64) AppleWebKit/537.36 (KHTML, like Gecko) Chrome/74.0.3729.131 Safari/537.36"
::ffff:120.211.63.50 - - [29/May/2019:07:16:09 +0000] "GET /handlebars HTTP/1.1" 200 12 "http://wangshuaishuai.com/comments/form" "Mozilla/5.0 (Windows NT 10.0; Win64; x64) AppleWebKit/537.36 (KHTML, like Gecko) Chrome/74.0.3729.131 Safari/537.36"
::ffff:123.103.9.8 - - [29/May/2019:07:16:10 +0000] "GET / HTTP/1.1" 200 2523 "-" "Mozilla/5.0 (Windows NT 6.1; WOW64) AppleWebKit/537.36 (KHTML, like Gecko) Chrome/39.0.2171.95 Safari/537.36 MicroMessenger/6.5.2.501 NetType/WIFI WindowsWechat QBCore/3.43.1021.400 QQBrowser/9.0.2524.400"
::ffff:120.211.63.53 - - [29/May/2019:07:16:11 +0000] "GET / HTTP/1.1" 200 2523 "http://wangshuaishuai.com/about" "Mozilla/5.0 (Windows NT 10.0; WOW64) AppleWebKit/537.36 (KHTML, like Gecko) Chrome/72.0.3626.121 Safari/537.36"
::ffff:123.103.9.8 - - [29/May/2019:07:16:11 +0000] "GET /handlebars HTTP/1.1" 200 12 "http://wangshuaishuai.com/" "Mozilla/5.0 (Windows NT 6.1; WOW64) AppleWebKit/537.36 (KHTML, like Gecko) Chrome/39.0.2171.95 Safari/537.36 MicroMessenger/6.5.2.501 NetType/WIFI WindowsWechat QBCore/3.43.1021.400 QQBrowser/9.0.2524.400"
::ffff:123.103.9.8 - - [29/May/2019:07:16:11 +0000] "GET /weather HTTP/1.1" 200 53 "http://wangshuaishuai.com/" "Mozilla/5.0 (Windows NT 6.1; WOW64) AppleWebKit/537.36 (KHTML, like Gecko) Chrome/39.0.2171.95 Safari/537.36 MicroMessenger/6.5.2.501 NetType/WIFI WindowsWechat QBCore/3.43.1021.400 QQBrowser/9.0.2524.400"
::ffff:120.211.63.53 - - [29/May/2019:07:16:11 +0000] "GET /weather HTTP/1.1" 304 - "http://wangshuaishuai.com/" "Mozilla/5.0 (Windows NT 10.0; WOW64) AppleWebKit/537.36 (KHTML, like Gecko) Chrome/72.0.3626.121 Safari/537.36"
::ffff:120.211.63.53 - - [29/May/2019:07:16:11 +0000] "GET /handlebars HTTP/1.1" 200 12 "http://wangshuaishuai.com/" "Mozilla/5.0 (Windows NT 10.0; WOW64) AppleWebKit/537.36 (KHTML, like Gecko) Chrome/72.0.3626.121 Safari/537.36"
::ffff:120.211.63.53 - - [29/May/2019:07:16:12 +0000] "GET / HTTP/1.1" 304 - "http://wangshuaishuai.com/" "Mozilla/5.0 (Windows NT 10.0; WOW64) AppleWebKit/537.36 (KHTML, like Gecko) Chrome/72.0.3626.121 Safari/537.36"
::ffff:120.211.63.53 - - [29/May/2019:07:16:12 +0000] "GET /weather HTTP/1.1" 304 - "http://wangshuaishuai.com/" "Mozilla/5.0 (Windows NT 10.0; WOW64) AppleWebKit/537.36 (KHTML, like Gecko) Chrome/72.0.3626.121 Safari/537.36"
::ffff:120.211.63.53 - - [29/May/2019:07:16:12 +0000] "GET /handlebars HTTP/1.1" 200 12 "http://wangshuaishuai.com/" "Mozilla/5.0 (Windows NT 10.0; WOW64) AppleWebKit/537.36 (KHTML, like Gecko) Chrome/72.0.3626.121 Safari/537.36"
::ffff:120.211.63.53 - - [29/May/2019:07:16:14 +0000] "GET /comments/form HTTP/1.1" 200 2862 "http://wangshuaishuai.com/" "Mozilla/5.0 (Windows NT 10.0; WOW64) AppleWebKit/537.36 (KHTML, like Gecko) Chrome/72.0.3626.121 Safari/537.36"
::ffff:120.211.63.53 - - [29/May/2019:07:16:14 +0000] "GET /handlebars HTTP/1.1" 200 12 "http://wangshuaishuai.com/comments/form" "Mozilla/5.0 (Windows NT 10.0; WOW64) AppleWebKit/537.36 (KHTML, like Gecko) Chrome/72.0.3626.121 Safari/537.36"
::ffff:120.211.63.53 - - [29/May/2019:07:16:14 +0000] "GET /weather HTTP/1.1" 304 - "http://wangshuaishuai.com/comments/form" "Mozilla/5.0 (Windows NT 10.0; WOW64) AppleWebKit/537.36 (KHTML, like Gecko) Chrome/72.0.3626.121 Safari/537.36"
::ffff:180.97.118.223 - - [29/May/2019:07:16:16 +0000] "GET / HTTP/1.1" 200 2523 "-" "Mozilla/5.0 (Windows NT 6.1; WOW64; Trident/7.0; SLCC2; .NET CLR 2.0.50727; .NET CLR 3.5.30729; .NET CLR 3.0.30729; Media Center PC 6.0; .NET4.0C; .NET4.0E; InfoPath.3; rv:11.0) like Gecko"
::ffff:123.103.9.8 - - [29/May/2019:07:16:17 +0000] "GET / HTTP/1.1" 304 - "-" "Mozilla/5.0 (Windows NT 6.1; WOW64) AppleWebKit/537.36 (KHTML, like Gecko) Chrome/39.0.2171.95 Safari/537.36 MicroMessenger/6.5.2.501 NetType/WIFI WindowsWechat QBCore/3.43.1021.400 QQBrowser/9.0.2524.400"
::ffff:123.103.9.8 - - [29/May/2019:07:16:17 +0000] "GET /handlebars HTTP/1.1" 200 12 "http://wangshuaishuai.com/" "Mozilla/5.0 (Windows NT 6.1; WOW64) AppleWebKit/537.36 (KHTML, like Gecko) Chrome/39.0.2171.95 Safari/537.36 MicroMessenger/6.5.2.501 NetType/WIFI WindowsWechat QBCore/3.43.1021.400 QQBrowser/9.0.2524.400"
::ffff:123.103.9.8 - - [29/May/2019:07:16:17 +0000] "GET /weather HTTP/1.1" 304 - "http://wangshuaishuai.com/" "Mozilla/5.0 (Windows NT 6.1; WOW64) AppleWebKit/537.36 (KHTML, like Gecko) Chrome/39.0.2171.95 Safari/537.36 MicroMessenger/6.5.2.501 NetType/WIFI WindowsWechat QBCore/3.43.1021.400 QQBrowser/9.0.2524.400"
::ffff:123.103.9.8 - - [29/May/2019:07:16:19 +0000] "GET / HTTP/1.1" 304 - "-" "Mozilla/5.0 (Windows NT 6.1; WOW64) AppleWebKit/537.36 (KHTML, like Gecko) Chrome/39.0.2171.95 Safari/537.36 MicroMessenger/6.5.2.501 NetType/WIFI WindowsWechat QBCore/3.43.1021.400 QQBrowser/9.0.2524.400"
::ffff:123.103.9.8 - - [29/May/2019:07:16:19 +0000] "GET /weather HTTP/1.1" 304 - "http://wangshuaishuai.com/" "Mozilla/5.0 (Windows NT 6.1; WOW64) AppleWebKit/537.36 (KHTML, like Gecko) Chrome/39.0.2171.95 Safari/537.36 MicroMessenger/6.5.2.501 NetType/WIFI WindowsWechat QBCore/3.43.1021.400 QQBrowser/9.0.2524.400"
::ffff:123.103.9.8 - - [29/May/2019:07:16:19 +0000] "GET /handlebars HTTP/1.1" 200 12 "http://wangshuaishuai.com/" "Mozilla/5.0 (Windows NT 6.1; WOW64) AppleWebKit/537.36 (KHTML, like Gecko) Chrome/39.0.2171.95 Safari/537.36 MicroMessenger/6.5.2.501 NetType/WIFI WindowsWechat QBCore/3.43.1021.400 QQBrowser/9.0.2524.400"
::ffff:120.211.63.53 - - [29/May/2019:07:16:35 +0000] "GET /echarts HTTP/1.1" 200 260661 "http://wangshuaishuai.com/" "Mozilla/5.0 (Windows NT 10.0; WOW64) AppleWebKit/537.36 (KHTML, like Gecko) Chrome/72.0.3626.121 Safari/537.36"
::ffff:120.211.63.54 - - [29/May/2019:07:16:48 +0000] "GET / HTTP/1.1" 304 - "http://wangshuaishuai.com/process" "Mozilla/5.0 (Windows NT 10.0; Win64; x64) AppleWebKit/537.36 (KHTML, like Gecko) Chrome/73.0.3683.86 Safari/537.36"
::ffff:120.211.63.54 - - [29/May/2019:07:16:48 +0000] "GET /handlebars HTTP/1.1" 200 12 "http://wangshuaishuai.com/" "Mozilla/5.0 (Windows NT 10.0; Win64; x64) AppleWebKit/537.36 (KHTML, like Gecko) Chrome/73.0.3683.86 Safari/537.36"
::ffff:120.211.63.54 - - [29/May/2019:07:16:48 +0000] "GET /weather HTTP/1.1" 304 - "http://wangshuaishuai.com/" "Mozilla/5.0 (Windows NT 10.0; Win64; x64) AppleWebKit/537.36 (KHTML, like Gecko) Chrome/73.0.3683.86 Safari/537.36"
::ffff:120.211.63.54 - - [29/May/2019:07:16:50 +0000] "GET /about HTTP/1.1" 200 2538 "http://wangshuaishuai.com/" "Mozilla/5.0 (Windows NT 10.0; Win64; x64) AppleWebKit/537.36 (KHTML, like Gecko) Chrome/73.0.3683.86 Safari/537.36"
::ffff:120.211.63.54 - - [29/May/2019:07:16:50 +0000] "GET /handlebars HTTP/1.1" 200 12 "http://wangshuaishuai.com/about" "Mozilla/5.0 (Windows NT 10.0; Win64; x64) AppleWebKit/537.36 (KHTML, like Gecko) Chrome/73.0.3683.86 Safari/537.36"
::ffff:120.211.63.54 - - [29/May/2019:07:16:50 +0000] "GET /weather HTTP/1.1" 304 - "http://wangshuaishuai.com/about" "Mozilla/5.0 (Windows NT 10.0; Win64; x64) AppleWebKit/537.36 (KHTML, like Gecko) Chrome/73.0.3683.86 Safari/537.36"
::ffff:120.204.17.70 - - [29/May/2019:07:16:51 +0000] "GET /echarts HTTP/1.1" 200 15437 "-" "Mozilla/5.0 (Windows NT 6.1; WOW64) AppleWebKit/537.36 (KHTML, like Gecko) Chrome/45.0.2454.101 Safari/537.36"
::ffff:120.211.63.52 - - [29/May/2019:07:17:24 +0000] "GET /about HTTP/1.1" 304 - "http://wangshuaishuai.com/" "Mozilla/5.0 (Windows NT 6.3; WOW64) AppleWebKit/537.36 (KHTML, like Gecko) Chrome/55.0.2883.87 Safari/537.36"
::ffff:120.211.63.52 - - [29/May/2019:07:17:24 +0000] "GET /handlebars HTTP/1.1" 200 12 "http://wangshuaishuai.com/about" "Mozilla/5.0 (Windows NT 6.3; WOW64) AppleWebKit/537.36 (KHTML, like Gecko) Chrome/55.0.2883.87 Safari/537.36"
::ffff:120.211.63.52 - - [29/May/2019:07:17:24 +0000] "GET /weather HTTP/1.1" 304 - "http://wangshuaishuai.com/about" "Mozilla/5.0 (Windows NT 6.3; WOW64) AppleWebKit/537.36 (KHTML, like Gecko) Chrome/55.0.2883.87 Safari/537.36"
::ffff:120.211.63.52 - - [29/May/2019:07:20:44 +0000] "GET /about HTTP/1.1" 304 - "http://wangshuaishuai.com/" "Mozilla/5.0 (Windows NT 10.0; Win64; x64) AppleWebKit/537.36 (KHTML, like Gecko) Chrome/72.0.3626.121 Safari/537.36"
::ffff:120.211.63.52 - - [29/May/2019:07:20:44 +0000] "GET /weather HTTP/1.1" 304 - "http://wangshuaishuai.com/about" "Mozilla/5.0 (Windows NT 10.0; Win64; x64) AppleWebKit/537.36 (KHTML, like Gecko) Chrome/72.0.3626.121 Safari/537.36"
::ffff:120.211.63.52 - - [29/May/2019:07:20:44 +0000] "GET /handlebars HTTP/1.1" 200 12 "http://wangshuaishuai.com/about" "Mozilla/5.0 (Windows NT 10.0; Win64; x64) AppleWebKit/537.36 (KHTML, like Gecko) Chrome/72.0.3626.121 Safari/537.36"
::ffff:120.211.63.51 - - [29/May/2019:07:21:02 +0000] "GET / HTTP/1.1" 200 2523 "-" "Mozilla/5.0 (Windows NT 10.0; WOW64) AppleWebKit/537.36 (KHTML, like Gecko) Chrome/58.0.3029.110 Safari/537.36 SE 2.X MetaSr 1.0"
::ffff:120.211.63.51 - - [29/May/2019:07:21:05 +0000] "GET /handlebars HTTP/1.1" 200 12 "http://wangshuaishuai.com/" "Mozilla/5.0 (Windows NT 10.0; WOW64) AppleWebKit/537.36 (KHTML, like Gecko) Chrome/58.0.3029.110 Safari/537.36 SE 2.X MetaSr 1.0"
::ffff:120.211.63.51 - - [29/May/2019:07:21:05 +0000] "GET /weather HTTP/1.1" 200 53 "http://wangshuaishuai.com/" "Mozilla/5.0 (Windows NT 10.0; WOW64) AppleWebKit/537.36 (KHTML, like Gecko) Chrome/58.0.3029.110 Safari/537.36 SE 2.X MetaSr 1.0"
::ffff:120.211.63.51 - - [29/May/2019:07:21:09 +0000] "GET /about HTTP/1.1" 200 2538 "http://wangshuaishuai.com/" "Mozilla/5.0 (Windows NT 10.0; WOW64) AppleWebKit/537.36 (KHTML, like Gecko) Chrome/58.0.3029.110 Safari/537.36 SE 2.X MetaSr 1.0"
::ffff:120.211.63.51 - - [29/May/2019:07:21:10 +0000] "GET /handlebars HTTP/1.1" 200 12 "http://wangshuaishuai.com/about" "Mozilla/5.0 (Windows NT 10.0; WOW64) AppleWebKit/537.36 (KHTML, like Gecko) Chrome/58.0.3029.110 Safari/537.36 SE 2.X MetaSr 1.0"
::ffff:120.211.63.51 - - [29/May/2019:07:21:10 +0000] "GET /weather HTTP/1.1" 304 - "http://wangshuaishuai.com/about" "Mozilla/5.0 (Windows NT 10.0; WOW64) AppleWebKit/537.36 (KHTML, like Gecko) Chrome/58.0.3029.110 Safari/537.36 SE 2.X MetaSr 1.0"
::ffff:120.211.63.51 - - [29/May/2019:07:21:14 +0000] "GET /echarts HTTP/1.1" 200 19016 "http://wangshuaishuai.com/" "Mozilla/5.0 (Windows NT 10.0; WOW64) AppleWebKit/537.36 (KHTML, like Gecko) Chrome/58.0.3029.110 Safari/537.36 SE 2.X MetaSr 1.0"
::ffff:120.211.63.52 - - [29/May/2019:07:21:24 +0000] "GET /start HTTP/1.1" 200 3401 "http://wangshuaishuai.com/" "Mozilla/5.0 (Windows NT 6.3; WOW64) AppleWebKit/537.36 (KHTML, like Gecko) Chrome/55.0.2883.87 Safari/537.36"
::ffff:120.211.63.52 - - [29/May/2019:07:21:25 +0000] "GET /handlebars HTTP/1.1" 200 12 "http://wangshuaishuai.com/start" "Mozilla/5.0 (Windows NT 6.3; WOW64) AppleWebKit/537.36 (KHTML, like Gecko) Chrome/55.0.2883.87 Safari/537.36"
::ffff:120.211.63.52 - - [29/May/2019:07:21:25 +0000] "GET /weather HTTP/1.1" 304 - "http://wangshuaishuai.com/start" "Mozilla/5.0 (Windows NT 6.3; WOW64) AppleWebKit/537.36 (KHTML, like Gecko) Chrome/55.0.2883.87 Safari/537.36"
::ffff:120.204.17.71 - - [29/May/2019:07:21:50 +0000] "GET / HTTP/1.1" 200 2523 "-" "Mozilla/5.0 (Windows NT 6.1; WOW64) AppleWebKit/537.36 (KHTML, like Gecko) Chrome/43.0.2357.124 Safari/537.36"
::ffff:120.211.63.48 - - [29/May/2019:07:22:02 +0000] "GET / HTTP/1.1" 304 - "-" "Mozilla/5.0 (Windows NT 10.0; Win64; x64) AppleWebKit/537.36 (KHTML, like Gecko) Chrome/74.0.3729.169 Safari/537.36"
::ffff:120.211.63.48 - - [29/May/2019:07:22:03 +0000] "GET /weather HTTP/1.1" 304 - "http://wangshuaishuai.com/" "Mozilla/5.0 (Windows NT 10.0; Win64; x64) AppleWebKit/537.36 (KHTML, like Gecko) Chrome/74.0.3729.169 Safari/537.36"
::ffff:120.211.63.48 - - [29/May/2019:07:22:03 +0000] "GET /handlebars HTTP/1.1" 200 12 "http://wangshuaishuai.com/" "Mozilla/5.0 (Windows NT 10.0; Win64; x64) AppleWebKit/537.36 (KHTML, like Gecko) Chrome/74.0.3729.169 Safari/537.36"
::ffff:120.211.63.50 - - [29/May/2019:07:22:07 +0000] "GET /echarts HTTP/1.1" 200 10097 "http://wangshuaishuai.com/?tdsourcetag=s_pcqq_aiomsg" "Mozilla/5.0 (Windows NT 10.0; Win64; x64) AppleWebKit/537.36 (KHTML, like Gecko) Chrome/73.0.3683.103 Safari/537.36"
::ffff:101.91.60.107 - - [29/May/2019:07:22:09 +0000] "GET /about HTTP/1.1" 200 2538 "sogou" "Mozilla/5.0 (Windows NT 6.1; WOW64) AppleWebKit/537.36 (KHTML, like Gecko) Chrome/53.0.2785.104 Safari/537.36 Core/1.53.2141.400 QQBrowser/9.5.10219.400"
::ffff:123.151.76.158 - - [29/May/2019:07:22:13 +0000] "GET / HTTP/1.1" 200 2523 "-" "Mozilla/5.0 (Linux; Android 7.1.2; vivo X9i Build/N2G47H; wv) AppleWebKit/537.36 (KHTML, like Gecko) Version/4.0 Chrome/66.0.3359.126 MQQBrowser/6.2 TBS/044704 Mobile Safari/537.36 V1_AND_SQ_7.7.0_884_YYB_D QQ/7.7.0.3645 NetType/WIFI WebP/0.3.0 Pixel/1080"
::ffff:123.151.76.158 - - [29/May/2019:07:22:13 +0000] "GET /handlebars HTTP/1.1" 200 12 "http://wangshuaishuai.com/" "Mozilla/5.0 (Linux; Android 7.1.2; vivo X9i Build/N2G47H; wv) AppleWebKit/537.36 (KHTML, like Gecko) Version/4.0 Chrome/66.0.3359.126 MQQBrowser/6.2 TBS/044704 Mobile Safari/537.36 V1_AND_SQ_7.7.0_884_YYB_D QQ/7.7.0.3645 NetType/WIFI WebP/0.3.0 Pixel/1080"
::ffff:123.151.76.158 - - [29/May/2019:07:22:13 +0000] "GET /weather HTTP/1.1" 304 - "http://wangshuaishuai.com/" "Mozilla/5.0 (Linux; Android 7.1.2; vivo X9i Build/N2G47H; wv) AppleWebKit/537.36 (KHTML, like Gecko) Version/4.0 Chrome/66.0.3359.126 MQQBrowser/6.2 TBS/044704 Mobile Safari/537.36 V1_AND_SQ_7.7.0_884_YYB_D QQ/7.7.0.3645 NetType/WIFI WebP/0.3.0 Pixel/1080"
::ffff:123.151.76.158 - - [29/May/2019:07:22:19 +0000] "GET /echarts HTTP/1.1" 200 733647 "http://wangshuaishuai.com/" "Mozilla/5.0 (Linux; Android 7.1.2; vivo X9i Build/N2G47H; wv) AppleWebKit/537.36 (KHTML, like Gecko) Version/4.0 Chrome/66.0.3359.126 MQQBrowser/6.2 TBS/044704 Mobile Safari/537.36 V1_AND_SQ_7.7.0_884_YYB_D QQ/7.7.0.3645 NetType/WIFI WebP/0.3.0 Pixel/1080"
::ffff:123.151.76.158 - - [29/May/2019:07:22:36 +0000] "GET / HTTP/1.1" 304 - "-" "Mozilla/5.0 (Linux; Android 7.1.2; vivo X9i Build/N2G47H; wv) AppleWebKit/537.36 (KHTML, like Gecko) Version/4.0 Chrome/66.0.3359.126 MQQBrowser/6.2 TBS/044704 Mobile Safari/537.36 V1_AND_SQ_7.7.0_884_YYB_D QQ/7.7.0.3645 NetType/WIFI WebP/0.3.0 Pixel/1080"
::ffff:123.151.76.158 - - [29/May/2019:07:22:37 +0000] "GET /handlebars HTTP/1.1" 200 12 "http://wangshuaishuai.com/" "Mozilla/5.0 (Linux; Android 7.1.2; vivo X9i Build/N2G47H; wv) AppleWebKit/537.36 (KHTML, like Gecko) Version/4.0 Chrome/66.0.3359.126 MQQBrowser/6.2 TBS/044704 Mobile Safari/537.36 V1_AND_SQ_7.7.0_884_YYB_D QQ/7.7.0.3645 NetType/WIFI WebP/0.3.0 Pixel/1080"
::ffff:123.151.76.158 - - [29/May/2019:07:22:37 +0000] "GET /weather HTTP/1.1" 304 - "http://wangshuaishuai.com/" "Mozilla/5.0 (Linux; Android 7.1.2; vivo X9i Build/N2G47H; wv) AppleWebKit/537.36 (KHTML, like Gecko) Version/4.0 Chrome/66.0.3359.126 MQQBrowser/6.2 TBS/044704 Mobile Safari/537.36 V1_AND_SQ_7.7.0_884_YYB_D QQ/7.7.0.3645 NetType/WIFI WebP/0.3.0 Pixel/1080"
::ffff:123.151.76.158 - - [29/May/2019:07:22:44 +0000] "GET /about HTTP/1.1" 304 - "http://wangshuaishuai.com/" "Mozilla/5.0 (Linux; Android 7.1.2; vivo X9i Build/N2G47H; wv) AppleWebKit/537.36 (KHTML, like Gecko) Version/4.0 Chrome/66.0.3359.126 MQQBrowser/6.2 TBS/044704 Mobile Safari/537.36 V1_AND_SQ_7.7.0_884_YYB_D QQ/7.7.0.3645 NetType/WIFI WebP/0.3.0 Pixel/1080"
::ffff:123.151.76.158 - - [29/May/2019:07:22:44 +0000] "GET /handlebars HTTP/1.1" 200 12 "http://wangshuaishuai.com/about" "Mozilla/5.0 (Linux; Android 7.1.2; vivo X9i Build/N2G47H; wv) AppleWebKit/537.36 (KHTML, like Gecko) Version/4.0 Chrome/66.0.3359.126 MQQBrowser/6.2 TBS/044704 Mobile Safari/537.36 V1_AND_SQ_7.7.0_884_YYB_D QQ/7.7.0.3645 NetType/WIFI WebP/0.3.0 Pixel/1080"
::ffff:123.151.76.158 - - [29/May/2019:07:22:44 +0000] "GET /weather HTTP/1.1" 304 - "http://wangshuaishuai.com/about" "Mozilla/5.0 (Linux; Android 7.1.2; vivo X9i Build/N2G47H; wv) AppleWebKit/537.36 (KHTML, like Gecko) Version/4.0 Chrome/66.0.3359.126 MQQBrowser/6.2 TBS/044704 Mobile Safari/537.36 V1_AND_SQ_7.7.0_884_YYB_D QQ/7.7.0.3645 NetType/WIFI WebP/0.3.0 Pixel/1080"
::ffff:183.136.190.40 - - [29/May/2019:07:22:51 +0000] "GET / HTTP/1.1" 200 2523 "-" "Mozilla/5.0 (Windows NT 6.1) AppleWebKit/537.36 (KHTML, like Gecko) Chrome/35.0.1916.153 Safari/537.36"
::ffff:120.211.63.52 - - [29/May/2019:07:22:51 +0000] "GET /thank-you HTTP/1.1" 200 2504 "http://wangshuaishuai.com/start" "Mozilla/5.0 (Windows NT 6.3; WOW64) AppleWebKit/537.36 (KHTML, like Gecko) Chrome/55.0.2883.87 Safari/537.36"
::ffff:120.211.63.52 - - [29/May/2019:07:22:52 +0000] "GET /handlebars HTTP/1.1" 200 12 "http://wangshuaishuai.com/thank-you" "Mozilla/5.0 (Windows NT 6.3; WOW64) AppleWebKit/537.36 (KHTML, like Gecko) Chrome/55.0.2883.87 Safari/537.36"
::ffff:120.211.63.52 - - [29/May/2019:07:22:52 +0000] "GET /weather HTTP/1.1" 304 - "http://wangshuaishuai.com/thank-you" "Mozilla/5.0 (Windows NT 6.3; WOW64) AppleWebKit/537.36 (KHTML, like Gecko) Chrome/55.0.2883.87 Safari/537.36"
::ffff:120.211.63.52 - - [29/May/2019:07:22:59 +0000] "GET /process HTTP/1.1" 200 46618 "http://wangshuaishuai.com/thank-you" "Mozilla/5.0 (Windows NT 6.3; WOW64) AppleWebKit/537.36 (KHTML, like Gecko) Chrome/55.0.2883.87 Safari/537.36"
::ffff:120.211.63.52 - - [29/May/2019:07:23:02 +0000] "GET /handlebars HTTP/1.1" 200 12 "http://wangshuaishuai.com/process" "Mozilla/5.0 (Windows NT 6.3; WOW64) AppleWebKit/537.36 (KHTML, like Gecko) Chrome/55.0.2883.87 Safari/537.36"
::ffff:120.211.63.52 - - [29/May/2019:07:23:02 +0000] "GET /weather HTTP/1.1" 304 - "http://wangshuaishuai.com/process" "Mozilla/5.0 (Windows NT 6.3; WOW64) AppleWebKit/537.36 (KHTML, like Gecko) Chrome/55.0.2883.87 Safari/537.36"
::ffff:71.6.232.4 - - [29/May/2019:07:23:16 +0000] "GET / HTTP/1.1" 200 2523 "-" "Mozilla/5.0 (Windows NT 10.0; Win64; x64) AppleWebKit/537.36 (KHTML, like Gecko) Chrome/57.0.2987.133 Safari/537.36"
::ffff:120.211.63.54 - - [29/May/2019:07:23:28 +0000] "GET / HTTP/1.1" 304 - "-" "Mozilla/5.0 (Windows NT 10.0; Win64; x64) AppleWebKit/537.36 (KHTML, like Gecko) Chrome/74.0.3729.169 Safari/537.36"
::ffff:120.211.63.54 - - [29/May/2019:07:23:28 +0000] "GET /weather HTTP/1.1" 304 - "http://wangshuaishuai.com/" "Mozilla/5.0 (Windows NT 10.0; Win64; x64) AppleWebKit/537.36 (KHTML, like Gecko) Chrome/74.0.3729.169 Safari/537.36"
::ffff:120.211.63.54 - - [29/May/2019:07:23:28 +0000] "GET /handlebars HTTP/1.1" 200 12 "http://wangshuaishuai.com/" "Mozilla/5.0 (Windows NT 10.0; Win64; x64) AppleWebKit/537.36 (KHTML, like Gecko) Chrome/74.0.3729.169 Safari/537.36"
::ffff:120.211.63.54 - - [29/May/2019:07:25:01 +0000] "GET /comments/form HTTP/1.1" 304 - "http://wangshuaishuai.com/" "Mozilla/5.0 (Windows NT 10.0; Win64; x64) AppleWebKit/537.36 (KHTML, like Gecko) Chrome/74.0.3729.169 Safari/537.36"
::ffff:120.211.63.54 - - [29/May/2019:07:25:02 +0000] "GET /handlebars HTTP/1.1" 200 12 "http://wangshuaishuai.com/comments/form" "Mozilla/5.0 (Windows NT 10.0; Win64; x64) AppleWebKit/537.36 (KHTML, like Gecko) Chrome/74.0.3729.169 Safari/537.36"
::ffff:120.211.63.54 - - [29/May/2019:07:25:02 +0000] "GET /weather HTTP/1.1" 304 - "http://wangshuaishuai.com/comments/form" "Mozilla/5.0 (Windows NT 10.0; Win64; x64) AppleWebKit/537.36 (KHTML, like Gecko) Chrome/74.0.3729.169 Safari/537.36"
::ffff:120.211.63.54 - - [29/May/2019:07:25:09 +0000] "GET /process HTTP/1.1" 200 46618 "-" "Mozilla/5.0 (Windows NT 10.0; Win64; x64) AppleWebKit/537.36 (KHTML, like Gecko) Chrome/74.0.3729.169 Safari/537.36"
::ffff:120.211.63.54 - - [29/May/2019:07:25:12 +0000] "GET /handlebars HTTP/1.1" 200 12 "http://www.wangshuaishuai.com/process" "Mozilla/5.0 (Windows NT 10.0; Win64; x64) AppleWebKit/537.36 (KHTML, like Gecko) Chrome/74.0.3729.169 Safari/537.36"
::ffff:120.211.63.54 - - [29/May/2019:07:25:12 +0000] "GET /weather HTTP/1.1" 304 - "http://www.wangshuaishuai.com/process" "Mozilla/5.0 (Windows NT 10.0; Win64; x64) AppleWebKit/537.36 (KHTML, like Gecko) Chrome/74.0.3729.169 Safari/537.36"
::ffff:120.211.63.54 - - [29/May/2019:07:25:15 +0000] "GET / HTTP/1.1" 304 - "http://www.wangshuaishuai.com/process" "Mozilla/5.0 (Windows NT 10.0; Win64; x64) AppleWebKit/537.36 (KHTML, like Gecko) Chrome/74.0.3729.169 Safari/537.36"
::ffff:120.211.63.54 - - [29/May/2019:07:25:15 +0000] "GET /weather HTTP/1.1" 304 - "http://www.wangshuaishuai.com/" "Mozilla/5.0 (Windows NT 10.0; Win64; x64) AppleWebKit/537.36 (KHTML, like Gecko) Chrome/74.0.3729.169 Safari/537.36"
::ffff:120.211.63.54 - - [29/May/2019:07:25:15 +0000] "GET /handlebars HTTP/1.1" 200 12 "http://www.wangshuaishuai.com/" "Mozilla/5.0 (Windows NT 10.0; Win64; x64) AppleWebKit/537.36 (KHTML, like Gecko) Chrome/74.0.3729.169 Safari/537.36"
::ffff:120.211.63.54 - - [29/May/2019:07:25:30 +0000] "GET / HTTP/1.1" 304 - "http://www.wangshuaishuai.com/process" "Mozilla/5.0 (Windows NT 10.0; Win64; x64) AppleWebKit/537.36 (KHTML, like Gecko) Chrome/74.0.3729.169 Safari/537.36"
::ffff:120.211.63.54 - - [29/May/2019:07:25:31 +0000] "GET /weather HTTP/1.1" 304 - "http://www.wangshuaishuai.com/" "Mozilla/5.0 (Windows NT 10.0; Win64; x64) AppleWebKit/537.36 (KHTML, like Gecko) Chrome/74.0.3729.169 Safari/537.36"
::ffff:120.211.63.54 - - [29/May/2019:07:25:31 +0000] "GET /handlebars HTTP/1.1" 200 12 "http://www.wangshuaishuai.com/" "Mozilla/5.0 (Windows NT 10.0; Win64; x64) AppleWebKit/537.36 (KHTML, like Gecko) Chrome/74.0.3729.169 Safari/537.36"
::ffff:120.211.63.54 - - [29/May/2019:07:26:46 +0000] "GET / HTTP/1.1" 304 - "http://www.wangshuaishuai.com/process" "Mozilla/5.0 (Windows NT 10.0; Win64; x64) AppleWebKit/537.36 (KHTML, like Gecko) Chrome/74.0.3729.169 Safari/537.36"
::ffff:120.211.63.54 - - [29/May/2019:07:26:46 +0000] "GET /handlebars HTTP/1.1" 200 12 "http://www.wangshuaishuai.com/" "Mozilla/5.0 (Windows NT 10.0; Win64; x64) AppleWebKit/537.36 (KHTML, like Gecko) Chrome/74.0.3729.169 Safari/537.36"
::ffff:120.211.63.54 - - [29/May/2019:07:26:47 +0000] "GET /weather HTTP/1.1" 304 - "http://www.wangshuaishuai.com/" "Mozilla/5.0 (Windows NT 10.0; Win64; x64) AppleWebKit/537.36 (KHTML, like Gecko) Chrome/74.0.3729.169 Safari/537.36"
::ffff:223.104.13.51 - - [29/May/2019:07:26:57 +0000] "GET / HTTP/1.1" 200 2523 "-" "Mozilla/5.0 (Linux; Android 5.1.1; vivo X7 Build/LMY47V; wv) AppleWebKit/537.36 (KHTML, like Gecko) Version/4.0 Chrome/66.0.3359.126 MQQBrowser/6.2 TBS/044704 Mobile Safari/537.36 V1_AND_SQ_8.0.0_1024_YYB_D QQ/8.0.0.4000 NetType/4G WebP/0.3.0 Pixel/1080 StatusBarHeight/72"
::ffff:223.104.13.51 - - [29/May/2019:07:26:58 +0000] "GET /handlebars HTTP/1.1" 200 12 "http://wangshuaishuai.com/" "Mozilla/5.0 (Linux; Android 5.1.1; vivo X7 Build/LMY47V; wv) AppleWebKit/537.36 (KHTML, like Gecko) Version/4.0 Chrome/66.0.3359.126 MQQBrowser/6.2 TBS/044704 Mobile Safari/537.36 V1_AND_SQ_8.0.0_1024_YYB_D QQ/8.0.0.4000 NetType/4G WebP/0.3.0 Pixel/1080 StatusBarHeight/72"
::ffff:223.104.13.51 - - [29/May/2019:07:26:58 +0000] "GET /weather HTTP/1.1" 200 53 "http://wangshuaishuai.com/" "Mozilla/5.0 (Linux; Android 5.1.1; vivo X7 Build/LMY47V; wv) AppleWebKit/537.36 (KHTML, like Gecko) Version/4.0 Chrome/66.0.3359.126 MQQBrowser/6.2 TBS/044704 Mobile Safari/537.36 V1_AND_SQ_8.0.0_1024_YYB_D QQ/8.0.0.4000 NetType/4G WebP/0.3.0 Pixel/1080 StatusBarHeight/72"
::ffff:223.104.13.51 - - [29/May/2019:07:27:05 +0000] "GET /about HTTP/1.1" 200 2538 "http://wangshuaishuai.com/" "Mozilla/5.0 (Linux; Android 5.1.1; vivo X7 Build/LMY47V; wv) AppleWebKit/537.36 (KHTML, like Gecko) Version/4.0 Chrome/66.0.3359.126 MQQBrowser/6.2 TBS/044704 Mobile Safari/537.36 V1_AND_SQ_8.0.0_1024_YYB_D QQ/8.0.0.4000 NetType/4G WebP/0.3.0 Pixel/1080 StatusBarHeight/72"
::ffff:223.104.13.51 - - [29/May/2019:07:27:05 +0000] "GET /handlebars HTTP/1.1" 200 12 "http://wangshuaishuai.com/about" "Mozilla/5.0 (Linux; Android 5.1.1; vivo X7 Build/LMY47V; wv) AppleWebKit/537.36 (KHTML, like Gecko) Version/4.0 Chrome/66.0.3359.126 MQQBrowser/6.2 TBS/044704 Mobile Safari/537.36 V1_AND_SQ_8.0.0_1024_YYB_D QQ/8.0.0.4000 NetType/4G WebP/0.3.0 Pixel/1080 StatusBarHeight/72"
::ffff:223.104.13.51 - - [29/May/2019:07:27:05 +0000] "GET /weather HTTP/1.1" 304 - "http://wangshuaishuai.com/about" "Mozilla/5.0 (Linux; Android 5.1.1; vivo X7 Build/LMY47V; wv) AppleWebKit/537.36 (KHTML, like Gecko) Version/4.0 Chrome/66.0.3359.126 MQQBrowser/6.2 TBS/044704 Mobile Safari/537.36 V1_AND_SQ_8.0.0_1024_YYB_D QQ/8.0.0.4000 NetType/4G WebP/0.3.0 Pixel/1080 StatusBarHeight/72"
::ffff:223.104.13.51 - - [29/May/2019:07:27:15 +0000] "GET / HTTP/1.1" 304 - "-" "Mozilla/5.0 (Linux; Android 5.1.1; vivo X7 Build/LMY47V; wv) AppleWebKit/537.36 (KHTML, like Gecko) Version/4.0 Chrome/66.0.3359.126 MQQBrowser/6.2 TBS/044704 Mobile Safari/537.36 V1_AND_SQ_8.0.0_1024_YYB_D QQ/8.0.0.4000 NetType/4G WebP/0.3.0 Pixel/1080 StatusBarHeight/72"
::ffff:223.104.13.51 - - [29/May/2019:07:27:15 +0000] "GET /handlebars HTTP/1.1" 200 12 "http://wangshuaishuai.com/" "Mozilla/5.0 (Linux; Android 5.1.1; vivo X7 Build/LMY47V; wv) AppleWebKit/537.36 (KHTML, like Gecko) Version/4.0 Chrome/66.0.3359.126 MQQBrowser/6.2 TBS/044704 Mobile Safari/537.36 V1_AND_SQ_8.0.0_1024_YYB_D QQ/8.0.0.4000 NetType/4G WebP/0.3.0 Pixel/1080 StatusBarHeight/72"
::ffff:223.104.13.51 - - [29/May/2019:07:27:15 +0000] "GET /weather HTTP/1.1" 304 - "http://wangshuaishuai.com/" "Mozilla/5.0 (Linux; Android 5.1.1; vivo X7 Build/LMY47V; wv) AppleWebKit/537.36 (KHTML, like Gecko) Version/4.0 Chrome/66.0.3359.126 MQQBrowser/6.2 TBS/044704 Mobile Safari/537.36 V1_AND_SQ_8.0.0_1024_YYB_D QQ/8.0.0.4000 NetType/4G WebP/0.3.0 Pixel/1080 StatusBarHeight/72"
::ffff:223.104.13.51 - - [29/May/2019:07:27:17 +0000] "GET /start HTTP/1.1" 200 3415 "http://wangshuaishuai.com/" "Mozilla/5.0 (Linux; Android 5.1.1; vivo X7 Build/LMY47V; wv) AppleWebKit/537.36 (KHTML, like Gecko) Version/4.0 Chrome/66.0.3359.126 MQQBrowser/6.2 TBS/044704 Mobile Safari/537.36 V1_AND_SQ_8.0.0_1024_YYB_D QQ/8.0.0.4000 NetType/4G WebP/0.3.0 Pixel/1080 StatusBarHeight/72"
